Archive member included to satisfy reference by file (symbol)

/usr/local/ps2dev/ee/mips64r5900el-ps2-elf/lib/libc.a(libc_a-strncpy.o)
                              loader.o (strncpy)
/usr/local/ps2dev/ee/mips64r5900el-ps2-elf/lib/libc.a(libc_a-strlen.o)
                              loader.o (strlen)
/usr/local/ps2dev/ee/mips64r5900el-ps2-elf/lib/libc.a(libc_a-strncat.o)
                              loader.o (strncat)
/usr/local/ps2dev/ps2sdk/ee/lib/libkernel.a(FlushCache.o)
                              loader.o (FlushCache)
/usr/local/ps2dev/ps2sdk/ee/lib/libkernel.a(SifRpcMain.o)
                              loader.o (sceSifInitRpc)
/usr/local/ps2dev/ps2sdk/ee/lib/libkernel.a(SifLoadFileInit.o)
                              loader.o (SifLoadFileInit)
/usr/local/ps2dev/ps2sdk/ee/lib/libkernel.a(SifLoadElf.o)
                              loader.o (SifLoadElf)
/usr/local/ps2dev/ps2sdk/ee/lib/libkernel.a(__iop_control_internals.o)
                              /usr/local/ps2dev/ps2sdk/ee/lib/libkernel.a(SifRpcMain.o) (_iop_reboot_count)
/usr/local/ps2dev/ps2sdk/ee/lib/libkernel.a(DIntr.o)
                              /usr/local/ps2dev/ps2sdk/ee/lib/libkernel.a(SifRpcMain.o) (DIntr)
/usr/local/ps2dev/ps2sdk/ee/lib/libkernel.a(EIntr.o)
                              loader.o (EIntr)
/usr/local/ps2dev/ps2sdk/ee/lib/libkernel.a(_InitSys.o)
                              loader.o (_InitSys)
/usr/local/ps2dev/ps2sdk/ee/lib/libkernel.a(_thread_internals.o)
                              /usr/local/ps2dev/ps2sdk/ee/lib/libkernel.a(_InitSys.o) (InitThread)
/usr/local/ps2dev/ps2sdk/ee/lib/libkernel.a(iWakeupThread.o)
                              /usr/local/ps2dev/ps2sdk/ee/lib/libkernel.a(SifRpcMain.o) (iWakeupThread)
/usr/local/ps2dev/ps2sdk/ee/lib/libkernel.a(libosd.o)
                              /usr/local/ps2dev/ps2sdk/ee/lib/libkernel.a(_InitSys.o) (InitExecPS2)
/usr/local/ps2dev/ps2sdk/ee/lib/libkernel.a(libosd_common.o)
                              /usr/local/ps2dev/ps2sdk/ee/lib/libkernel.a(libosd.o) (PatchIsNeeded)
/usr/local/ps2dev/ps2sdk/ee/lib/libkernel.a(osdsrc_bin.o)
                              /usr/local/ps2dev/ps2sdk/ee/lib/libkernel.a(libosd.o) (osdsrc)
/usr/local/ps2dev/ps2sdk/ee/lib/libkernel.a(tlbfunc.o)
                              /usr/local/ps2dev/ps2sdk/ee/lib/libkernel.a(_InitSys.o) (InitTLBFunctions)
/usr/local/ps2dev/ps2sdk/ee/lib/libkernel.a(tlbsrc_bin.o)
                              /usr/local/ps2dev/ps2sdk/ee/lib/libkernel.a(tlbfunc.o) (tlbsrc)
/usr/local/ps2dev/ps2sdk/ee/lib/libkernel.a(alarm.o)
                              /usr/local/ps2dev/ps2sdk/ee/lib/libkernel.a(_InitSys.o) (InitAlarm)
/usr/local/ps2dev/ps2sdk/ee/lib/libkernel.a(srcfile_bin.o)
                              alarm.o (symbol from plugin) (srcfile)
/usr/local/ps2dev/ps2sdk/ee/lib/libkernel.a(eenull_bin.o)
                              alarm.o (symbol from plugin) (eenull)
/usr/local/ps2dev/ps2sdk/ee/lib/libkernel.a(_exit_internals.o)
                              /usr/local/ps2dev/ps2sdk/ee/lib/libkernel.a(tlbfunc.o) (_kExecArg)
/usr/local/ps2dev/ps2sdk/ee/lib/libkernel.a(Exit.o)
                              /usr/local/ps2dev/ps2sdk/ee/lib/libkernel.a(tlbfunc.o) (Exit)
/usr/local/ps2dev/ps2sdk/ee/lib/libkernel.a(ExecPS2.o)
                              loader.o (ExecPS2)
/usr/local/ps2dev/ps2sdk/ee/lib/libkernel.a(kCopy.o)
                              /usr/local/ps2dev/ps2sdk/ee/lib/libkernel.a(libosd.o) (kCopy)
/usr/local/ps2dev/ps2sdk/ee/lib/libkernel.a(setup_syscalls.o)
                              /usr/local/ps2dev/ps2sdk/ee/lib/libkernel.a(libosd.o) (setup)
/usr/local/ps2dev/ps2sdk/ee/lib/libkernel.a(KExit.o)
                              /usr/local/ps2dev/ps2sdk/ee/lib/libkernel.a(Exit.o) (KExit)
/usr/local/ps2dev/ps2sdk/ee/lib/libkernel.a(_ExecPS2.o)
                              /usr/local/ps2dev/ps2sdk/ee/lib/libkernel.a(ExecPS2.o) (_ExecPS2)
/usr/local/ps2dev/ps2sdk/ee/lib/libkernel.a(CreateThread.o)
                              /usr/local/ps2dev/ps2sdk/ee/lib/libkernel.a(_thread_internals.o) (CreateThread)
/usr/local/ps2dev/ps2sdk/ee/lib/libkernel.a(StartThread.o)
                              /usr/local/ps2dev/ps2sdk/ee/lib/libkernel.a(_thread_internals.o) (StartThread)
/usr/local/ps2dev/ps2sdk/ee/lib/libkernel.a(ChangeThreadPriority.o)
                              /usr/local/ps2dev/ps2sdk/ee/lib/libkernel.a(_thread_internals.o) (ChangeThreadPriority)
/usr/local/ps2dev/ps2sdk/ee/lib/libkernel.a(RotateThreadReadyQueue.o)
                              /usr/local/ps2dev/ps2sdk/ee/lib/libkernel.a(_thread_internals.o) (RotateThreadReadyQueue)
/usr/local/ps2dev/ps2sdk/ee/lib/libkernel.a(GetThreadId.o)
                              /usr/local/ps2dev/ps2sdk/ee/lib/libkernel.a(_thread_internals.o) (GetThreadId)
/usr/local/ps2dev/ps2sdk/ee/lib/libkernel.a(_iGetThreadId.o)
                              /usr/local/ps2dev/ps2sdk/ee/lib/libkernel.a(iWakeupThread.o) (_iGetThreadId)
[...]
Memory Configuration

Name             Origin             Length             Attributes
*default*        0x00000000         0xffffffff

Linker script and memory map

LOAD crt0.o
LOAD loader.o
START GROUP
LOAD /tmp/cc5YOpXI.ltrans0.ltrans.o
LOAD /tmp/ccU0iagd.debug.temp.o
LOAD /usr/local/ps2dev/ee/mips64r5900el-ps2-elf/lib/libc.a
LOAD /usr/local/ps2dev/ps2sdk/ee/lib/libcdvd.a
LOAD /usr/local/ps2dev/ps2sdk/ee/lib/libcglue.a
LOAD /usr/local/ps2dev/ee/mips64r5900el-ps2-elf/lib/libpthread.a
LOAD /usr/local/ps2dev/ps2sdk/ee/lib/libpthreadglue.a
LOAD /usr/local/ps2dev/ps2sdk/ee/lib/libkernel.a
LOAD /usr/local/ps2dev/ee/bin/../lib/gcc/mips64r5900el-ps2-elf/15.2.0/libgcc.a
END GROUP
                0x01f00000                        . = 0x1f00000
                0x01f07ff0                        _gp = (. + 0x7ff0)

.text           0x01f00000     0x24a0
 *(.text.start)
 .text.start    0x01f00000       0x5c crt0.o
                0x01f00000                _start
 *(.text*)
 .text          0x01f0005c        0x0 crt0.o
 *fill*         0x01f0005c        0x4 
 .text          0x01f00060       0x38 loader.o
                0x01f00060                FuckAroundSilentlyMs
                0x01f00090                _exit
 .text.startup  0x01f00098      0x1d0 loader.o
                0x01f00098                main
 .text          0x01f00268       0xd8 /tmp/cc5YOpXI.ltrans0.ltrans.o
                0x01f00268                InitAlarm
 .text          0x01f00340       0xc8 /usr/local/ps2dev/ee/mips64r5900el-ps2-elf/lib/libc.a(libc_a-strncpy.o)
                0x01f00340                strncpy
 .text          0x01f00408       0xc8 /usr/local/ps2dev/ee/mips64r5900el-ps2-elf/lib/libc.a(libc_a-strlen.o)
                0x01f00408                strlen
 .text          0x01f004d0       0xd0 /usr/local/ps2dev/ee/mips64r5900el-ps2-elf/lib/libc.a(libc_a-strncat.o)
                0x01f004d0                strncat
 .text          0x01f005a0       0x10 /usr/local/ps2dev/ps2sdk/ee/lib/libkernel.a(FlushCache.o)
                0x01f005a0                FlushCache
 .text          0x01f005b0      0x458 /usr/local/ps2dev/ps2sdk/ee/lib/libkernel.a(SifRpcMain.o)
                0x01f00848                sceSifInitRpc
                0x01f009e0                sceSifExitRpc
 .text          0x01f00a08      0x130 /usr/local/ps2dev/ps2sdk/ee/lib/libkernel.a(SifLoadFileInit.o)
                0x01f00a08                SifLoadFileInit
 .text          0x01f00b38       0x30 /usr/local/ps2dev/ps2sdk/ee/lib/libkernel.a(SifLoadElf.o)
                0x01f00b38                SifLoadElf
 .text          0x01f00b68        0x0 /usr/local/ps2dev/ps2sdk/ee/lib/libkernel.a(__iop_control_internals.o)
 .text          0x01f00b68       0x40 /usr/local/ps2dev/ps2sdk/ee/lib/libkernel.a(DIntr.o)
                0x01f00b68                DIntr
 .text          0x01f00ba8       0x18 /usr/local/ps2dev/ps2sdk/ee/lib/libkernel.a(EIntr.o)
                0x01f00ba8                EIntr
 .text          0x01f00bc0       0x38 /usr/local/ps2dev/ps2sdk/ee/lib/libkernel.a(_InitSys.o)
                0x01f00bc0                _InitSys
 .text          0x01f00bf8      0x1a0 /usr/local/ps2dev/ps2sdk/ee/lib/libkernel.a(_thread_internals.o)
                0x01f00cc0                InitThread
 .text          0x01f00d98       0xa0 /usr/local/ps2dev/ps2sdk/ee/lib/libkernel.a(iWakeupThread.o)
                0x01f00d98                iWakeupThread
 .text          0x01f00e38       0x90 /usr/local/ps2dev/ps2sdk/ee/lib/libkernel.a(libosd.o)
                0x01f00e38                InitExecPS2
 .text          0x01f00ec8       0x58 /usr/local/ps2dev/ps2sdk/ee/lib/libkernel.a(libosd_common.o)
                0x01f00ec8                PatchIsNeeded
 .text          0x01f00f20        0x0 /usr/local/ps2dev/ps2sdk/ee/lib/libkernel.a(osdsrc_bin.o)
 .text          0x01f00f20      0x290 /usr/local/ps2dev/ps2sdk/ee/lib/libkernel.a(tlbfunc.o)
                0x01f00f20                InitTLBFunctions
                0x01f00fd8                InitTLB
 .text          0x01f011b0        0x0 /usr/local/ps2dev/ps2sdk/ee/lib/libkernel.a(tlbsrc_bin.o)
 .text          0x01f011b0        0x0 /usr/local/ps2dev/ps2sdk/ee/lib/libkernel.a(srcfile_bin.o)
 .text          0x01f011b0        0x0 /usr/local/ps2dev/ps2sdk/ee/lib/libkernel.a(eenull_bin.o)
 .text          0x01f011b0        0x0 /usr/local/ps2dev/ps2sdk/ee/lib/libkernel.a(_exit_internals.o)
 .text          0x01f011b0       0x20 /usr/local/ps2dev/ps2sdk/ee/lib/libkernel.a(Exit.o)
                0x01f011b0                Exit
 .text          0x01f011d0       0x70 /usr/local/ps2dev/ps2sdk/ee/lib/libkernel.a(ExecPS2.o)
                0x01f011d0                ExecPS2
 .text          0x01f01240       0x50 /usr/local/ps2dev/ps2sdk/ee/lib/libkernel.a(kCopy.o)
                0x01f01240                kCopy
 .text          0x01f01290       0x3c /usr/local/ps2dev/ps2sdk/ee/lib/libkernel.a(setup_syscalls.o)
                0x01f01290                setup
                0x01f012a4                Copy
                0x01f012b8                GetEntryAddress
 *fill*         0x01f012cc        0x4 
 .text          0x01f012d0       0x10 /usr/local/ps2dev/ps2sdk/ee/lib/libkernel.a(KExit.o)
                0x01f012d0                KExit
 .text          0x01f012e0       0x10 /usr/local/ps2dev/ps2sdk/ee/lib/libkernel.a(_ExecPS2.o)
                0x01f012e0                _ExecPS2
 .text          0x01f012f0       0x10 /usr/local/ps2dev/ps2sdk/ee/lib/libkernel.a(CreateThread.o)
                0x01f012f0                CreateThread
 .text          0x01f01300       0x10 /usr/local/ps2dev/ps2sdk/ee/lib/libkernel.a(StartThread.o)
                0x01f01300                StartThread
 .text          0x01f01310       0x10 /usr/local/ps2dev/ps2sdk/ee/lib/libkernel.a(ChangeThreadPriority.o)
                0x01f01310                ChangeThreadPriority
 .text          0x01f01320       0x10 /usr/local/ps2dev/ps2sdk/ee/lib/libkernel.a(RotateThreadReadyQueue.o)
                0x01f01320                RotateThreadReadyQueue
 .text          0x01f01330       0x10 /usr/local/ps2dev/ps2sdk/ee/lib/libkernel.a(GetThreadId.o)
                0x01f01330                GetThreadId
 .text          0x01f01340       0x10 /usr/local/ps2dev/ps2sdk/ee/lib/libkernel.a(_iGetThreadId.o)
                0x01f01340                _iGetThreadId
 .text          0x01f01350       0x10 /usr/local/ps2dev/ps2sdk/ee/lib/libkernel.a(WakeupThread.o)
                0x01f01350                WakeupThread
 .text          0x01f01360       0x10 /usr/local/ps2dev/ps2sdk/ee/lib/libkernel.a(_iWakeupThread.o)
                0x01f01360                _iWakeupThread
 .text          0x01f01370       0x10 /usr/local/ps2dev/ps2sdk/ee/lib/libkernel.a(SuspendThread.o)
                0x01f01370                SuspendThread
 .text          0x01f01380       0x10 /usr/local/ps2dev/ps2sdk/ee/lib/libkernel.a(CreateSema.o)
                0x01f01380                CreateSema
 .text          0x01f01390       0x10 /usr/local/ps2dev/ps2sdk/ee/lib/libkernel.a(DeleteSema.o)
                0x01f01390                DeleteSema
 .text          0x01f013a0       0x10 /usr/local/ps2dev/ps2sdk/ee/lib/libkernel.a(iSignalSema.o)
                0x01f013a0                iSignalSema
 .text          0x01f013b0       0x10 /usr/local/ps2dev/ps2sdk/ee/lib/libkernel.a(WaitSema.o)
                0x01f013b0                WaitSema
 .text          0x01f013c0       0x10 /usr/local/ps2dev/ps2sdk/ee/lib/libkernel.a(SetOsdConfigParam.o)
                0x01f013c0                SetOsdConfigParam
 .text          0x01f013d0       0x10 /usr/local/ps2dev/ps2sdk/ee/lib/libkernel.a(GetOsdConfigParam.o)
                0x01f013d0                GetOsdConfigParam
 .text          0x01f013e0       0x10 /usr/local/ps2dev/ps2sdk/ee/lib/libkernel.a(_SetTLBEntry.o)
                0x01f013e0                _SetTLBEntry
 .text          0x01f013f0       0x10 /usr/local/ps2dev/ps2sdk/ee/lib/libkernel.a(sceSifSetReg.o)
                0x01f013f0                sceSifSetReg
 .text          0x01f01400       0x10 /usr/local/ps2dev/ps2sdk/ee/lib/libkernel.a(sceSifGetReg.o)
                0x01f01400                sceSifGetReg
 .text          0x01f01410       0x10 /usr/local/ps2dev/ps2sdk/ee/lib/libkernel.a(GetMemorySize.o)
                0x01f01410                GetMemorySize
 .text          0x01f01420       0x10 /usr/local/ps2dev/ps2sdk/ee/lib/libkernel.a(_InitTLB.o)
                0x01f01420                _InitTLB
 .text          0x01f01430       0x20 /usr/local/ps2dev/ps2sdk/ee/lib/libkernel.a(sceSifSendCmd.o)
                0x01f01430                sceSifSendCmd
 .text          0x01f01450       0x20 /usr/local/ps2dev/ps2sdk/ee/lib/libkernel.a(isceSifSendCmd.o)
                0x01f01450                isceSifSendCmd
 .text          0x01f01470      0x318 /usr/local/ps2dev/ps2sdk/ee/lib/libkernel.a(sif_cmd_main.o)
                0x01f014a0                sceSifInitCmd
                0x01f01750                sceSifExitCmd
 .text          0x01f01788       0x58 /usr/local/ps2dev/ps2sdk/ee/lib/libkernel.a(sceSifAddCmdHandler.o)
                0x01f01788                sceSifAddCmdHandler
 .text          0x01f017e0       0x18 /usr/local/ps2dev/ps2sdk/ee/lib/libkernel.a(sceSifGetSreg.o)
                0x01f017e0                sceSifGetSreg
 .text          0x01f017f8       0x30 /usr/local/ps2dev/ps2sdk/ee/lib/libkernel.a(_rpc_get_fpacket.o)
                0x01f017f8                _rpc_get_fpacket
 .text          0x01f01828      0x178 /usr/local/ps2dev/ps2sdk/ee/lib/libkernel.a(sceSifBindRpc.o)
                0x01f01828                sceSifBindRpc
 .text          0x01f019a0       0xf0 /usr/local/ps2dev/ps2sdk/ee/lib/libkernel.a(_SifLoadElfPart.o)
                0x01f019a0                _SifLoadElfPart
 .text          0x01f01a90       0x78 /usr/local/ps2dev/ps2sdk/ee/lib/libkernel.a(EnableDmac.o)
                0x01f01a90                EnableDmac
 .text          0x01f01b08       0x78 /usr/local/ps2dev/ps2sdk/ee/lib/libkernel.a(DisableDmac.o)
                0x01f01b08                DisableDmac
 .text          0x01f01b80       0x20 /usr/local/ps2dev/ps2sdk/ee/lib/libkernel.a(_ps2sdk_init_timer.o)
                0x01f01b80                _ps2sdk_init_timer
 .text          0x01f01ba0       0x20 /usr/local/ps2dev/ps2sdk/ee/lib/libkernel.a(TerminateLibrary.o)
                0x01f01ba0                TerminateLibrary
 .text          0x01f01bc0      0x120 /usr/local/ps2dev/ps2sdk/ee/lib/libkernel.a(SetArg.o)
                0x01f01bc0                SetArg
 .text          0x01f01ce0       0x30 /usr/local/ps2dev/ps2sdk/ee/lib/libkernel.a(kCopyBytes.o)
                0x01f01ce0                kCopyBytes
 .text          0x01f01d10       0x10 /usr/local/ps2dev/ps2sdk/ee/lib/libkernel.a(AddDmacHandler.o)
                0x01f01d10                AddDmacHandler
 .text          0x01f01d20       0x10 /usr/local/ps2dev/ps2sdk/ee/lib/libkernel.a(RemoveDmacHandler.o)
                0x01f01d20                RemoveDmacHandler
 .text          0x01f01d30       0x10 /usr/local/ps2dev/ps2sdk/ee/lib/libkernel.a(_EnableDmac.o)
                0x01f01d30                _EnableDmac
 .text          0x01f01d40       0x10 /usr/local/ps2dev/ps2sdk/ee/lib/libkernel.a(_DisableDmac.o)
                0x01f01d40                _DisableDmac
 .text          0x01f01d50       0x10 /usr/local/ps2dev/ps2sdk/ee/lib/libkernel.a(sceSifSetDChain.o)
                0x01f01d50                sceSifSetDChain
 .text          0x01f01d60       0xc0 /usr/local/ps2dev/ps2sdk/ee/lib/libkernel.a(memset.o)
                0x01f01d60                memset
 .text          0x01f01e20      0x140 /usr/local/ps2dev/ps2sdk/ee/lib/libkernel.a(_SifSendCmd.o)
                0x01f01e20                _SifSendCmd
 .text          0x01f01f60      0x108 /usr/local/ps2dev/ps2sdk/ee/lib/libkernel.a(_SifCmdIntHandler.o)
                0x01f01f60                _SifCmdIntHandler
 .text          0x01f02068       0xd0 /usr/local/ps2dev/ps2sdk/ee/lib/libkernel.a(_rpc_get_packet.o)
                0x01f02068                _rpc_get_packet
 .text          0x01f02138      0x260 /usr/local/ps2dev/ps2sdk/ee/lib/libkernel.a(sceSifCallRpc.o)
                0x01f02138                sceSifCallRpc
 .text          0x01f02398       0x20 /usr/local/ps2dev/ps2sdk/ee/lib/libkernel.a(_ps2sdk_deinit_timer.o)
                0x01f02398                _ps2sdk_deinit_timer
 *fill*         0x01f023b8        0x8 
 .text          0x01f023c0       0x10 /usr/local/ps2dev/ps2sdk/ee/lib/libkernel.a(sceSifSetDma.o)
                0x01f023c0                sceSifSetDma
 .text          0x01f023d0       0x10 /usr/local/ps2dev/ps2sdk/ee/lib/libkernel.a(isceSifSetDma.o)
                0x01f023d0                isceSifSetDma
 .text          0x01f023e0       0x10 /usr/local/ps2dev/ps2sdk/ee/lib/libkernel.a(isceSifSetDChain.o)
                0x01f023e0                isceSifSetDChain
 .text          0x01f023f0       0xb0 /usr/local/ps2dev/ps2sdk/ee/lib/libkernel.a(sceSifWriteBackDCache.o)
                0x01f023f0                sceSifWriteBackDCache

.rodata         0x01f024a0      0x310
 *(.rodata*)
 .rodata.str1.8
                0x01f024a0       0x19 loader.o
                                  0x8 (size before relaxing)
 *fill*         0x01f024b9        0x7 
 .rodata        0x01f024c0       0x40 /tmp/cc5YOpXI.ltrans0.ltrans.o
 .rodata.str1.8
                0x01f02500        0x0 /usr/local/ps2dev/ps2sdk/ee/lib/libkernel.a(_thread_internals.o)
                                 0x10 (size before relaxing)
 .rodata        0x01f02500      0x2b0 /usr/local/ps2dev/ps2sdk/ee/lib/libkernel.a(tlbfunc.o)
 .rodata.str1.8
                0x01f027b0        0x0 /usr/local/ps2dev/ps2sdk/ee/lib/libkernel.a(ExecPS2.o)
                                  0x1 (size before relaxing)

.MIPS.abiflags  0x01f027b0       0x18
 .MIPS.abiflags
                0x01f027b0       0x18 crt0.o

.data           0x01f02800     0x1138
 *(.data*)
 .data          0x01f02800        0x0 crt0.o
 .data          0x01f02800        0x8 loader.o
 .data          0x01f02808        0x0 /tmp/cc5YOpXI.ltrans0.ltrans.o
 .data          0x01f02808        0x0 /usr/local/ps2dev/ee/mips64r5900el-ps2-elf/lib/libc.a(libc_a-strncpy.o)
 .data          0x01f02808        0x0 /usr/local/ps2dev/ee/mips64r5900el-ps2-elf/lib/libc.a(libc_a-strlen.o)
 .data          0x01f02808        0x0 /usr/local/ps2dev/ee/mips64r5900el-ps2-elf/lib/libc.a(libc_a-strncat.o)
 .data          0x01f02808        0x0 /usr/local/ps2dev/ps2sdk/ee/lib/libkernel.a(FlushCache.o)
 *fill*         0x01f02808       0x38 
 .data          0x01f02840       0x40 /usr/local/ps2dev/ps2sdk/ee/lib/libkernel.a(SifRpcMain.o)
                0x01f02840                _sif_rpc_data
 .data          0x01f02880        0x0 /usr/local/ps2dev/ps2sdk/ee/lib/libkernel.a(SifLoadFileInit.o)
 .data          0x01f02880        0x0 /usr/local/ps2dev/ps2sdk/ee/lib/libkernel.a(SifLoadElf.o)
 .data          0x01f02880        0x0 /usr/local/ps2dev/ps2sdk/ee/lib/libkernel.a(__iop_control_internals.o)
 .data          0x01f02880        0x0 /usr/local/ps2dev/ps2sdk/ee/lib/libkernel.a(DIntr.o)
 .data          0x01f02880        0x0 /usr/local/ps2dev/ps2sdk/ee/lib/libkernel.a(EIntr.o)
 .data          0x01f02880        0x0 /usr/local/ps2dev/ps2sdk/ee/lib/libkernel.a(_InitSys.o)
 .data          0x01f02880        0x0 /usr/local/ps2dev/ps2sdk/ee/lib/libkernel.a(_thread_internals.o)
 .data          0x01f02880        0x0 /usr/local/ps2dev/ps2sdk/ee/lib/libkernel.a(iWakeupThread.o)
 .data          0x01f02880        0x0 /usr/local/ps2dev/ps2sdk/ee/lib/libkernel.a(libosd.o)
 .data          0x01f02880        0x0 /usr/local/ps2dev/ps2sdk/ee/lib/libkernel.a(libosd_common.o)
 .data          0x01f02880      0x42c /usr/local/ps2dev/ps2sdk/ee/lib/libkernel.a(osdsrc_bin.o)
                0x01f02880                osdsrc
                0x01f02ca8                size_osdsrc
 *fill*         0x01f02cac        0x4 
 .data          0x01f02cb0       0x1c /usr/local/ps2dev/ps2sdk/ee/lib/libkernel.a(tlbfunc.o)
 *fill*         0x01f02ccc        0x4 
 .data          0x01f02cd0      0x408 /usr/local/ps2dev/ps2sdk/ee/lib/libkernel.a(tlbsrc_bin.o)
                0x01f02cd0                tlbsrc
                0x01f030d4                size_tlbsrc
 *fill*         0x01f030d8        0x8 
 .data          0x01f030e0      0x814 /usr/local/ps2dev/ps2sdk/ee/lib/libkernel.a(srcfile_bin.o)
                0x01f030e0                srcfile
                0x01f038f0                size_srcfile
 *fill*         0x01f038f4        0xc 
 .data          0x01f03900       0x2c /usr/local/ps2dev/ps2sdk/ee/lib/libkernel.a(eenull_bin.o)
                0x01f03900                eenull
                0x01f03928                size_eenull
 .data          0x01f0392c        0x0 /usr/local/ps2dev/ps2sdk/ee/lib/libkernel.a(_exit_internals.o)
 .data          0x01f0392c        0x0 /usr/local/ps2dev/ps2sdk/ee/lib/libkernel.a(Exit.o)
 .data          0x01f0392c        0x0 /usr/local/ps2dev/ps2sdk/ee/lib/libkernel.a(ExecPS2.o)
 .data          0x01f0392c        0x0 /usr/local/ps2dev/ps2sdk/ee/lib/libkernel.a(kCopy.o)
 .data          0x01f0392c        0x0 /usr/local/ps2dev/ps2sdk/ee/lib/libkernel.a(setup_syscalls.o)
 .data          0x01f0392c        0x0 /usr/local/ps2dev/ps2sdk/ee/lib/libkernel.a(KExit.o)
 .data          0x01f0392c        0x0 /usr/local/ps2dev/ps2sdk/ee/lib/libkernel.a(_ExecPS2.o)
 .data          0x01f0392c        0x0 /usr/local/ps2dev/ps2sdk/ee/lib/libkernel.a(CreateThread.o)
 .data          0x01f0392c        0x0 /usr/local/ps2dev/ps2sdk/ee/lib/libkernel.a(StartThread.o)
 .data          0x01f0392c        0x0 /usr/local/ps2dev/ps2sdk/ee/lib/libkernel.a(ChangeThreadPriority.o)
 .data          0x01f0392c        0x0 /usr/local/ps2dev/ps2sdk/ee/lib/libkernel.a(RotateThreadReadyQueue.o)
 .data          0x01f0392c        0x0 /usr/local/ps2dev/ps2sdk/ee/lib/libkernel.a(GetThreadId.o)
 .data          0x01f0392c        0x0 /usr/local/ps2dev/ps2sdk/ee/lib/libkernel.a(_iGetThreadId.o)
 .data          0x01f0392c        0x0 /usr/local/ps2dev/ps2sdk/ee/lib/libkernel.a(WakeupThread.o)
 .data          0x01f0392c        0x0 /usr/local/ps2dev/ps2sdk/ee/lib/libkernel.a(_iWakeupThread.o)
 .data          0x01f0392c        0x0 /usr/local/ps2dev/ps2sdk/ee/lib/libkernel.a(SuspendThread.o)
 .data          0x01f0392c        0x0 /usr/local/ps2dev/ps2sdk/ee/lib/libkernel.a(CreateSema.o)
 .data          0x01f0392c        0x0 /usr/local/ps2dev/ps2sdk/ee/lib/libkernel.a(DeleteSema.o)
 .data          0x01f0392c        0x0 /usr/local/ps2dev/ps2sdk/ee/lib/libkernel.a(iSignalSema.o)
 .data          0x01f0392c        0x0 /usr/local/ps2dev/ps2sdk/ee/lib/libkernel.a(WaitSema.o)
 .data          0x01f0392c        0x0 /usr/local/ps2dev/ps2sdk/ee/lib/libkernel.a(SetOsdConfigParam.o)
 .data          0x01f0392c        0x0 /usr/local/ps2dev/ps2sdk/ee/lib/libkernel.a(GetOsdConfigParam.o)
 .data          0x01f0392c        0x0 /usr/local/ps2dev/ps2sdk/ee/lib/libkernel.a(_SetTLBEntry.o)
 .data          0x01f0392c        0x0 /usr/local/ps2dev/ps2sdk/ee/lib/libkernel.a(sceSifSetReg.o)
 .data          0x01f0392c        0x0 /usr/local/ps2dev/ps2sdk/ee/lib/libkernel.a(sceSifGetReg.o)
 .data          0x01f0392c        0x0 /usr/local/ps2dev/ps2sdk/ee/lib/libkernel.a(GetMemorySize.o)
 .data          0x01f0392c        0x0 /usr/local/ps2dev/ps2sdk/ee/lib/libkernel.a(_InitTLB.o)
 .data          0x01f0392c        0x0 /usr/local/ps2dev/ps2sdk/ee/lib/libkernel.a(sceSifSendCmd.o)
 .data          0x01f0392c        0x0 /usr/local/ps2dev/ps2sdk/ee/lib/libkernel.a(isceSifSendCmd.o)
 .data          0x01f0392c        0x4 /usr/local/ps2dev/ps2sdk/ee/lib/libkernel.a(sif_cmd_main.o)
 .data          0x01f03930        0x0 /usr/local/ps2dev/ps2sdk/ee/lib/libkernel.a(sceSifAddCmdHandler.o)
 .data          0x01f03930        0x0 /usr/local/ps2dev/ps2sdk/ee/lib/libkernel.a(sceSifGetSreg.o)
 .data          0x01f03930        0x0 /usr/local/ps2dev/ps2sdk/ee/lib/libkernel.a(_rpc_get_fpacket.o)
 .data          0x01f03930        0x0 /usr/local/ps2dev/ps2sdk/ee/lib/libkernel.a(sceSifBindRpc.o)
 .data          0x01f03930        0x0 /usr/local/ps2dev/ps2sdk/ee/lib/libkernel.a(_SifLoadElfPart.o)
 .data          0x01f03930        0x0 /usr/local/ps2dev/ps2sdk/ee/lib/libkernel.a(EnableDmac.o)
 .data          0x01f03930        0x0 /usr/local/ps2dev/ps2sdk/ee/lib/libkernel.a(DisableDmac.o)
 .data          0x01f03930        0x0 /usr/local/ps2dev/ps2sdk/ee/lib/libkernel.a(_ps2sdk_init_timer.o)
 .data          0x01f03930        0x0 /usr/local/ps2dev/ps2sdk/ee/lib/libkernel.a(TerminateLibrary.o)
 .data          0x01f03930        0x8 /usr/local/ps2dev/ps2sdk/ee/lib/libkernel.a(SetArg.o)
                0x01f03930                SysEntry
 .data          0x01f03938        0x0 /usr/local/ps2dev/ps2sdk/ee/lib/libkernel.a(kCopyBytes.o)
 .data          0x01f03938        0x0 /usr/local/ps2dev/ps2sdk/ee/lib/libkernel.a(AddDmacHandler.o)
 .data          0x01f03938        0x0 /usr/local/ps2dev/ps2sdk/ee/lib/libkernel.a(RemoveDmacHandler.o)
 .data          0x01f03938        0x0 /usr/local/ps2dev/ps2sdk/ee/lib/libkernel.a(_EnableDmac.o)
 .data          0x01f03938        0x0 /usr/local/ps2dev/ps2sdk/ee/lib/libkernel.a(_DisableDmac.o)
 .data          0x01f03938        0x0 /usr/local/ps2dev/ps2sdk/ee/lib/libkernel.a(sceSifSetDChain.o)
 .data          0x01f03938        0x0 /usr/local/ps2dev/ps2sdk/ee/lib/libkernel.a(memset.o)
 .data          0x01f03938        0x0 /usr/local/ps2dev/ps2sdk/ee/lib/libkernel.a(_SifSendCmd.o)
 .data          0x01f03938        0x0 /usr/local/ps2dev/ps2sdk/ee/lib/libkernel.a(_SifCmdIntHandler.o)
 .data          0x01f03938        0x0 /usr/local/ps2dev/ps2sdk/ee/lib/libkernel.a(_rpc_get_packet.o)
 .data          0x01f03938        0x0 /usr/local/ps2dev/ps2sdk/ee/lib/libkernel.a(sceSifCallRpc.o)
 .data          0x01f03938        0x0 /usr/local/ps2dev/ps2sdk/ee/lib/libkernel.a(_ps2sdk_deinit_timer.o)
 .data          0x01f03938        0x0 /usr/local/ps2dev/ps2sdk/ee/lib/libkernel.a(sceSifSetDma.o)
 .data          0x01f03938        0x0 /usr/local/ps2dev/ps2sdk/ee/lib/libkernel.a(isceSifSetDma.o)
 .data          0x01f03938        0x0 /usr/local/ps2dev/ps2sdk/ee/lib/libkernel.a(isceSifSetDChain.o)
 .data          0x01f03938        0x0 /usr/local/ps2dev/ps2sdk/ee/lib/libkernel.a(sceSifWriteBackDCache.o)
                0x01f03940                        _fbss = ALIGN (0x10)

.bss            0x01f03940     0x2400
 *(.bss*)
 .bss           0x01f03940        0x0 crt0.o
 .bss           0x01f03940        0x0 loader.o
 .bss           0x01f03940        0x0 /tmp/cc5YOpXI.ltrans0.ltrans.o
 .bss           0x01f03940        0x0 /usr/local/ps2dev/ee/mips64r5900el-ps2-elf/lib/libc.a(libc_a-strncpy.o)
 .bss           0x01f03940        0x0 /usr/local/ps2dev/ee/mips64r5900el-ps2-elf/lib/libc.a(libc_a-strlen.o)
 .bss           0x01f03940        0x0 /usr/local/ps2dev/ee/mips64r5900el-ps2-elf/lib/libc.a(libc_a-strncat.o)
 .bss           0x01f03940        0x0 /usr/local/ps2dev/ps2sdk/ee/lib/libkernel.a(FlushCache.o)
 .bss           0x01f03940     0x1840 /usr/local/ps2dev/ps2sdk/ee/lib/libkernel.a(SifRpcMain.o)
 .bss           0x01f05180       0x34 /usr/local/ps2dev/ps2sdk/ee/lib/libkernel.a(SifLoadFileInit.o)
                0x01f05180                _lf_init
                0x01f05188                _lf_cd
 .bss           0x01f051b4        0x0 /usr/local/ps2dev/ps2sdk/ee/lib/libkernel.a(SifLoadElf.o)
 .bss           0x01f051b4        0x4 /usr/local/ps2dev/ps2sdk/ee/lib/libkernel.a(__iop_control_internals.o)
                0x01f051b4                _iop_reboot_count
 .bss           0x01f051b8        0x0 /usr/local/ps2dev/ps2sdk/ee/lib/libkernel.a(DIntr.o)
 .bss           0x01f051b8        0x0 /usr/local/ps2dev/ps2sdk/ee/lib/libkernel.a(EIntr.o)
 .bss           0x01f051b8        0x0 /usr/local/ps2dev/ps2sdk/ee/lib/libkernel.a(_InitSys.o)
 *fill*         0x01f051b8        0x8 
 .bss           0x01f051c0      0x810 /usr/local/ps2dev/ps2sdk/ee/lib/libkernel.a(_thread_internals.o)
                0x01f051c0                topArg
                0x01f055c8                topSema
                0x01f055cc                topId
                0x01f055d0                stack
 .bss           0x01f059d0        0x0 /usr/local/ps2dev/ps2sdk/ee/lib/libkernel.a(iWakeupThread.o)
 .bss           0x01f059d0        0x0 /usr/local/ps2dev/ps2sdk/ee/lib/libkernel.a(libosd.o)
 .bss           0x01f059d0        0x0 /usr/local/ps2dev/ps2sdk/ee/lib/libkernel.a(libosd_common.o)
 .bss           0x01f059d0        0x0 /usr/local/ps2dev/ps2sdk/ee/lib/libkernel.a(osdsrc_bin.o)
 .bss           0x01f059d0        0x0 /usr/local/ps2dev/ps2sdk/ee/lib/libkernel.a(tlbfunc.o)
 .bss           0x01f059d0        0x0 /usr/local/ps2dev/ps2sdk/ee/lib/libkernel.a(tlbsrc_bin.o)
 .bss           0x01f059d0        0x0 /usr/local/ps2dev/ps2sdk/ee/lib/libkernel.a(srcfile_bin.o)
 .bss           0x01f059d0        0x0 /usr/local/ps2dev/ps2sdk/ee/lib/libkernel.a(eenull_bin.o)
 .bss           0x01f059d0        0x4 /usr/local/ps2dev/ps2sdk/ee/lib/libkernel.a(_exit_internals.o)
                0x01f059d0                _kExecArg
 .bss           0x01f059d4        0x0 /usr/local/ps2dev/ps2sdk/ee/lib/libkernel.a(Exit.o)
 .bss           0x01f059d4        0x0 /usr/local/ps2dev/ps2sdk/ee/lib/libkernel.a(ExecPS2.o)
 .bss           0x01f059d4        0x0 /usr/local/ps2dev/ps2sdk/ee/lib/libkernel.a(kCopy.o)
 .bss           0x01f059d4        0x0 /usr/local/ps2dev/ps2sdk/ee/lib/libkernel.a(setup_syscalls.o)
 .bss           0x01f059d4        0x0 /usr/local/ps2dev/ps2sdk/ee/lib/libkernel.a(KExit.o)
 .bss           0x01f059d4        0x0 /usr/local/ps2dev/ps2sdk/ee/lib/libkernel.a(_ExecPS2.o)
 .bss           0x01f059d4        0x0 /usr/local/ps2dev/ps2sdk/ee/lib/libkernel.a(CreateThread.o)
 .bss           0x01f059d4        0x0 /usr/local/ps2dev/ps2sdk/ee/lib/libkernel.a(StartThread.o)
 .bss           0x01f059d4        0x0 /usr/local/ps2dev/ps2sdk/ee/lib/libkernel.a(ChangeThreadPriority.o)
 .bss           0x01f059d4        0x0 /usr/local/ps2dev/ps2sdk/ee/lib/libkernel.a(RotateThreadReadyQueue.o)
 .bss           0x01f059d4        0x0 /usr/local/ps2dev/ps2sdk/ee/lib/libkernel.a(GetThreadId.o)
 .bss           0x01f059d4        0x0 /usr/local/ps2dev/ps2sdk/ee/lib/libkernel.a(_iGetThreadId.o)
 .bss           0x01f059d4        0x0 /usr/local/ps2dev/ps2sdk/ee/lib/libkernel.a(WakeupThread.o)
 .bss           0x01f059d4        0x0 /usr/local/ps2dev/ps2sdk/ee/lib/libkernel.a(_iWakeupThread.o)
 .bss           0x01f059d4        0x0 /usr/local/ps2dev/ps2sdk/ee/lib/libkernel.a(SuspendThread.o)
 .bss           0x01f059d4        0x0 /usr/local/ps2dev/ps2sdk/ee/lib/libkernel.a(CreateSema.o)
 .bss           0x01f059d4        0x0 /usr/local/ps2dev/ps2sdk/ee/lib/libkernel.a(DeleteSema.o)
 .bss           0x01f059d4        0x0 /usr/local/ps2dev/ps2sdk/ee/lib/libkernel.a(iSignalSema.o)
 .bss           0x01f059d4        0x0 /usr/local/ps2dev/ps2sdk/ee/lib/libkernel.a(WaitSema.o)
 .bss           0x01f059d4        0x0 /usr/local/ps2dev/ps2sdk/ee/lib/libkernel.a(SetOsdConfigParam.o)
 .bss           0x01f059d4        0x0 /usr/local/ps2dev/ps2sdk/ee/lib/libkernel.a(GetOsdConfigParam.o)
 .bss           0x01f059d4        0x0 /usr/local/ps2dev/ps2sdk/ee/lib/libkernel.a(_SetTLBEntry.o)
 .bss           0x01f059d4        0x0 /usr/local/ps2dev/ps2sdk/ee/lib/libkernel.a(sceSifSetReg.o)
 .bss           0x01f059d4        0x0 /usr/local/ps2dev/ps2sdk/ee/lib/libkernel.a(sceSifGetReg.o)
 .bss           0x01f059d4        0x0 /usr/local/ps2dev/ps2sdk/ee/lib/libkernel.a(GetMemorySize.o)
 .bss           0x01f059d4        0x0 /usr/local/ps2dev/ps2sdk/ee/lib/libkernel.a(_InitTLB.o)
 .bss           0x01f059d4        0x0 /usr/local/ps2dev/ps2sdk/ee/lib/libkernel.a(sceSifSendCmd.o)
 .bss           0x01f059d4        0x0 /usr/local/ps2dev/ps2sdk/ee/lib/libkernel.a(isceSifSendCmd.o)
 *fill*         0x01f059d4       0x2c 
 .bss           0x01f05a00      0x340 /usr/local/ps2dev/ps2sdk/ee/lib/libkernel.a(sif_cmd_main.o)
                0x01f05a00                _sif_cmd_data
 .bss           0x01f05d40        0x0 /usr/local/ps2dev/ps2sdk/ee/lib/libkernel.a(sceSifAddCmdHandler.o)
 .bss           0x01f05d40        0x0 /usr/local/ps2dev/ps2sdk/ee/lib/libkernel.a(sceSifGetSreg.o)
 .bss           0x01f05d40        0x0 /usr/local/ps2dev/ps2sdk/ee/lib/libkernel.a(_rpc_get_fpacket.o)
 .bss           0x01f05d40        0x0 /usr/local/ps2dev/ps2sdk/ee/lib/libkernel.a(sceSifBindRpc.o)
 .bss           0x01f05d40        0x0 /usr/local/ps2dev/ps2sdk/ee/lib/libkernel.a(_SifLoadElfPart.o)
 .bss           0x01f05d40        0x0 /usr/local/ps2dev/ps2sdk/ee/lib/libkernel.a(EnableDmac.o)
 .bss           0x01f05d40        0x0 /usr/local/ps2dev/ps2sdk/ee/lib/libkernel.a(DisableDmac.o)
 .bss           0x01f05d40        0x0 /usr/local/ps2dev/ps2sdk/ee/lib/libkernel.a(_ps2sdk_init_timer.o)
 .bss           0x01f05d40        0x0 /usr/local/ps2dev/ps2sdk/ee/lib/libkernel.a(TerminateLibrary.o)
 .bss           0x01f05d40        0x0 /usr/local/ps2dev/ps2sdk/ee/lib/libkernel.a(SetArg.o)
 .bss           0x01f05d40        0x0 /usr/local/ps2dev/ps2sdk/ee/lib/libkernel.a(kCopyBytes.o)
 .bss           0x01f05d40        0x0 /usr/local/ps2dev/ps2sdk/ee/lib/libkernel.a(AddDmacHandler.o)
 .bss           0x01f05d40        0x0 /usr/local/ps2dev/ps2sdk/ee/lib/libkernel.a(RemoveDmacHandler.o)
 .bss           0x01f05d40        0x0 /usr/local/ps2dev/ps2sdk/ee/lib/libkernel.a(_EnableDmac.o)
 .bss           0x01f05d40        0x0 /usr/local/ps2dev/ps2sdk/ee/lib/libkernel.a(_DisableDmac.o)
 .bss           0x01f05d40        0x0 /usr/local/ps2dev/ps2sdk/ee/lib/libkernel.a(sceSifSetDChain.o)
 .bss           0x01f05d40        0x0 /usr/local/ps2dev/ps2sdk/ee/lib/libkernel.a(memset.o)
 .bss           0x01f05d40        0x0 /usr/local/ps2dev/ps2sdk/ee/lib/libkernel.a(_SifSendCmd.o)
 .bss           0x01f05d40        0x0 /usr/local/ps2dev/ps2sdk/ee/lib/libkernel.a(_SifCmdIntHandler.o)
 .bss           0x01f05d40        0x0 /usr/local/ps2dev/ps2sdk/ee/lib/libkernel.a(_rpc_get_packet.o)
 .bss           0x01f05d40        0x0 /usr/local/ps2dev/ps2sdk/ee/lib/libkernel.a(sceSifCallRpc.o)
 .bss           0x01f05d40        0x0 /usr/local/ps2dev/ps2sdk/ee/lib/libkernel.a(_ps2sdk_deinit_timer.o)
 .bss           0x01f05d40        0x0 /usr/local/ps2dev/ps2sdk/ee/lib/libkernel.a(sceSifSetDma.o)
 .bss           0x01f05d40        0x0 /usr/local/ps2dev/ps2sdk/ee/lib/libkernel.a(isceSifSetDma.o)
 .bss           0x01f05d40        0x0 /usr/local/ps2dev/ps2sdk/ee/lib/libkernel.a(isceSifSetDChain.o)
 .bss           0x01f05d40        0x0 /usr/local/ps2dev/ps2sdk/ee/lib/libkernel.a(sceSifWriteBackDCache.o)
 *(COMMON)
                0x01f05d40                        _end = ALIGN (0x10)
                0x01f05d40                        _stack_start = _end
                0x01f09d40                        _stack_end = (_end + 0x4000)
                0x02000000                        . = 0x2000000
                0x00000001                        ASSERT ((_stack_end <= 0x2000000), Loader exceeds 1 MB!)
OUTPUT(loader.elf elf32-littlemips)

.reginfo        0x00000000       0x18
 .reginfo       0x00000000       0x18 crt0.o

.pdr            0x00000000      0xac0
 .pdr           0x00000000        0x0 crt0.o
 .pdr           0x00000000       0x60 loader.o
 .pdr           0x00000060       0x20 /tmp/cc5YOpXI.ltrans0.ltrans.o
 .pdr           0x00000080       0x20 /usr/local/ps2dev/ee/mips64r5900el-ps2-elf/lib/libc.a(libc_a-strncpy.o)
 .pdr           0x000000a0       0x20 /usr/local/ps2dev/ee/mips64r5900el-ps2-elf/lib/libc.a(libc_a-strlen.o)
 .pdr           0x000000c0       0x20 /usr/local/ps2dev/ee/mips64r5900el-ps2-elf/lib/libc.a(libc_a-strncat.o)
 .pdr           0x000000e0       0x20 /usr/local/ps2dev/ps2sdk/ee/lib/libkernel.a(FlushCache.o)
 .pdr           0x00000100       0xc0 /usr/local/ps2dev/ps2sdk/ee/lib/libkernel.a(SifRpcMain.o)
 .pdr           0x000001c0       0x20 /usr/local/ps2dev/ps2sdk/ee/lib/libkernel.a(SifLoadFileInit.o)
 .pdr           0x000001e0       0x20 /usr/local/ps2dev/ps2sdk/ee/lib/libkernel.a(SifLoadElf.o)
 .pdr           0x00000200        0x0 /usr/local/ps2dev/ps2sdk/ee/lib/libkernel.a(__iop_control_internals.o)
 .pdr           0x00000200       0x20 /usr/local/ps2dev/ps2sdk/ee/lib/libkernel.a(DIntr.o)
 .pdr           0x00000220       0x20 /usr/local/ps2dev/ps2sdk/ee/lib/libkernel.a(EIntr.o)
 .pdr           0x00000240       0x20 /usr/local/ps2dev/ps2sdk/ee/lib/libkernel.a(_InitSys.o)
 .pdr           0x00000260       0x40 /usr/local/ps2dev/ps2sdk/ee/lib/libkernel.a(_thread_internals.o)
 .pdr           0x000002a0       0x20 /usr/local/ps2dev/ps2sdk/ee/lib/libkernel.a(iWakeupThread.o)
 .pdr           0x000002c0       0x20 /usr/local/ps2dev/ps2sdk/ee/lib/libkernel.a(libosd.o)
 .pdr           0x000002e0       0x20 /usr/local/ps2dev/ps2sdk/ee/lib/libkernel.a(libosd_common.o)
 .pdr           0x00000300        0x0 /usr/local/ps2dev/ps2sdk/ee/lib/libkernel.a(osdsrc_bin.o)
 .pdr           0x00000300       0x40 /usr/local/ps2dev/ps2sdk/ee/lib/libkernel.a(tlbfunc.o)
 .pdr           0x00000340        0x0 /usr/local/ps2dev/ps2sdk/ee/lib/libkernel.a(tlbsrc_bin.o)
 .pdr           0x00000340        0x0 /usr/local/ps2dev/ps2sdk/ee/lib/libkernel.a(srcfile_bin.o)
 .pdr           0x00000340        0x0 /usr/local/ps2dev/ps2sdk/ee/lib/libkernel.a(eenull_bin.o)
 .pdr           0x00000340        0x0 /usr/local/ps2dev/ps2sdk/ee/lib/libkernel.a(_exit_internals.o)
 .pdr           0x00000340       0x20 /usr/local/ps2dev/ps2sdk/ee/lib/libkernel.a(Exit.o)
 .pdr           0x00000360       0x20 /usr/local/ps2dev/ps2sdk/ee/lib/libkernel.a(ExecPS2.o)
 .pdr           0x00000380       0x20 /usr/local/ps2dev/ps2sdk/ee/lib/libkernel.a(kCopy.o)
 .pdr           0x000003a0       0x60 /usr/local/ps2dev/ps2sdk/ee/lib/libkernel.a(setup_syscalls.o)
 .pdr           0x00000400       0x20 /usr/local/ps2dev/ps2sdk/ee/lib/libkernel.a(KExit.o)
 .pdr           0x00000420       0x20 /usr/local/ps2dev/ps2sdk/ee/lib/libkernel.a(_ExecPS2.o)
 .pdr           0x00000440       0x20 /usr/local/ps2dev/ps2sdk/ee/lib/libkernel.a(CreateThread.o)
 .pdr           0x00000460       0x20 /usr/local/ps2dev/ps2sdk/ee/lib/libkernel.a(StartThread.o)
 .pdr           0x00000480       0x20 /usr/local/ps2dev/ps2sdk/ee/lib/libkernel.a(ChangeThreadPriority.o)
 .pdr           0x000004a0       0x20 /usr/local/ps2dev/ps2sdk/ee/lib/libkernel.a(RotateThreadReadyQueue.o)
 .pdr           0x000004c0       0x20 /usr/local/ps2dev/ps2sdk/ee/lib/libkernel.a(GetThreadId.o)
 .pdr           0x000004e0       0x20 /usr/local/ps2dev/ps2sdk/ee/lib/libkernel.a(_iGetThreadId.o)
 .pdr           0x00000500       0x20 /usr/local/ps2dev/ps2sdk/ee/lib/libkernel.a(WakeupThread.o)
 .pdr           0x00000520       0x20 /usr/local/ps2dev/ps2sdk/ee/lib/libkernel.a(_iWakeupThread.o)
 .pdr           0x00000540       0x20 /usr/local/ps2dev/ps2sdk/ee/lib/libkernel.a(SuspendThread.o)
 .pdr           0x00000560       0x20 /usr/local/ps2dev/ps2sdk/ee/lib/libkernel.a(CreateSema.o)
 .pdr           0x00000580       0x20 /usr/local/ps2dev/ps2sdk/ee/lib/libkernel.a(DeleteSema.o)
 .pdr           0x000005a0       0x20 /usr/local/ps2dev/ps2sdk/ee/lib/libkernel.a(iSignalSema.o)
 .pdr           0x000005c0       0x20 /usr/local/ps2dev/ps2sdk/ee/lib/libkernel.a(WaitSema.o)
 .pdr           0x000005e0       0x20 /usr/local/ps2dev/ps2sdk/ee/lib/libkernel.a(SetOsdConfigParam.o)
 .pdr           0x00000600       0x20 /usr/local/ps2dev/ps2sdk/ee/lib/libkernel.a(GetOsdConfigParam.o)
 .pdr           0x00000620       0x20 /usr/local/ps2dev/ps2sdk/ee/lib/libkernel.a(_SetTLBEntry.o)
 .pdr           0x00000640       0x20 /usr/local/ps2dev/ps2sdk/ee/lib/libkernel.a(sceSifSetReg.o)
 .pdr           0x00000660       0x20 /usr/local/ps2dev/ps2sdk/ee/lib/libkernel.a(sceSifGetReg.o)
 .pdr           0x00000680       0x20 /usr/local/ps2dev/ps2sdk/ee/lib/libkernel.a(GetMemorySize.o)
 .pdr           0x000006a0       0x20 /usr/local/ps2dev/ps2sdk/ee/lib/libkernel.a(_InitTLB.o)
 .pdr           0x000006c0       0x20 /usr/local/ps2dev/ps2sdk/ee/lib/libkernel.a(sceSifSendCmd.o)
 .pdr           0x000006e0       0x20 /usr/local/ps2dev/ps2sdk/ee/lib/libkernel.a(isceSifSendCmd.o)
 .pdr           0x00000700       0x80 /usr/local/ps2dev/ps2sdk/ee/lib/libkernel.a(sif_cmd_main.o)
 .pdr           0x00000780       0x20 /usr/local/ps2dev/ps2sdk/ee/lib/libkernel.a(sceSifAddCmdHandler.o)
 .pdr           0x000007a0       0x20 /usr/local/ps2dev/ps2sdk/ee/lib/libkernel.a(sceSifGetSreg.o)
 .pdr           0x000007c0       0x20 /usr/local/ps2dev/ps2sdk/ee/lib/libkernel.a(_rpc_get_fpacket.o)
 .pdr           0x000007e0       0x20 /usr/local/ps2dev/ps2sdk/ee/lib/libkernel.a(sceSifBindRpc.o)
 .pdr           0x00000800       0x20 /usr/local/ps2dev/ps2sdk/ee/lib/libkernel.a(_SifLoadElfPart.o)
 .pdr           0x00000820       0x20 /usr/local/ps2dev/ps2sdk/ee/lib/libkernel.a(EnableDmac.o)
 .pdr           0x00000840       0x20 /usr/local/ps2dev/ps2sdk/ee/lib/libkernel.a(DisableDmac.o)
 .pdr           0x00000860       0x20 /usr/local/ps2dev/ps2sdk/ee/lib/libkernel.a(_ps2sdk_init_timer.o)
 .pdr           0x00000880       0x20 /usr/local/ps2dev/ps2sdk/ee/lib/libkernel.a(TerminateLibrary.o)
 .pdr           0x000008a0       0x20 /usr/local/ps2dev/ps2sdk/ee/lib/libkernel.a(SetArg.o)
 .pdr           0x000008c0       0x20 /usr/local/ps2dev/ps2sdk/ee/lib/libkernel.a(kCopyBytes.o)
 .pdr           0x000008e0       0x20 /usr/local/ps2dev/ps2sdk/ee/lib/libkernel.a(AddDmacHandler.o)
 .pdr           0x00000900       0x20 /usr/local/ps2dev/ps2sdk/ee/lib/libkernel.a(RemoveDmacHandler.o)
 .pdr           0x00000920       0x20 /usr/local/ps2dev/ps2sdk/ee/lib/libkernel.a(_EnableDmac.o)
 .pdr           0x00000940       0x20 /usr/local/ps2dev/ps2sdk/ee/lib/libkernel.a(_DisableDmac.o)
 .pdr           0x00000960       0x20 /usr/local/ps2dev/ps2sdk/ee/lib/libkernel.a(sceSifSetDChain.o)
 .pdr           0x00000980       0x20 /usr/local/ps2dev/ps2sdk/ee/lib/libkernel.a(memset.o)
 .pdr           0x000009a0       0x20 /usr/local/ps2dev/ps2sdk/ee/lib/libkernel.a(_SifSendCmd.o)
 .pdr           0x000009c0       0x20 /usr/local/ps2dev/ps2sdk/ee/lib/libkernel.a(_SifCmdIntHandler.o)
 .pdr           0x000009e0       0x20 /usr/local/ps2dev/ps2sdk/ee/lib/libkernel.a(_rpc_get_packet.o)
 .pdr           0x00000a00       0x20 /usr/local/ps2dev/ps2sdk/ee/lib/libkernel.a(sceSifCallRpc.o)
 .pdr           0x00000a20       0x20 /usr/local/ps2dev/ps2sdk/ee/lib/libkernel.a(_ps2sdk_deinit_timer.o)
 .pdr           0x00000a40       0x20 /usr/local/ps2dev/ps2sdk/ee/lib/libkernel.a(sceSifSetDma.o)
 .pdr           0x00000a60       0x20 /usr/local/ps2dev/ps2sdk/ee/lib/libkernel.a(isceSifSetDma.o)
 .pdr           0x00000a80       0x20 /usr/local/ps2dev/ps2sdk/ee/lib/libkernel.a(isceSifSetDChain.o)
 .pdr           0x00000aa0       0x20 /usr/local/ps2dev/ps2sdk/ee/lib/libkernel.a(sceSifWriteBackDCache.o)

.gnu.attributes
                0x00000000        0x0
 .gnu.attributes
                0x00000000       0x10 crt0.o
 .gnu.attributes
                0x00000010       0x10 loader.o
 .gnu.attributes
                0x00000020       0x10 /tmp/cc5YOpXI.ltrans0.ltrans.o
 .gnu.attributes
                0x00000030       0x10 /usr/local/ps2dev/ee/mips64r5900el-ps2-elf/lib/libc.a(libc_a-strncpy.o)
 .gnu.attributes
                0x00000040       0x10 /usr/local/ps2dev/ee/mips64r5900el-ps2-elf/lib/libc.a(libc_a-strlen.o)
 .gnu.attributes
                0x00000050       0x10 /usr/local/ps2dev/ee/mips64r5900el-ps2-elf/lib/libc.a(libc_a-strncat.o)
 .gnu.attributes
                0x00000060       0x10 /usr/local/ps2dev/ps2sdk/ee/lib/libkernel.a(FlushCache.o)
 .gnu.attributes
                0x00000070       0x10 /usr/local/ps2dev/ps2sdk/ee/lib/libkernel.a(SifRpcMain.o)
 .gnu.attributes
                0x00000080       0x10 /usr/local/ps2dev/ps2sdk/ee/lib/libkernel.a(SifLoadFileInit.o)
 .gnu.attributes
                0x00000090       0x10 /usr/local/ps2dev/ps2sdk/ee/lib/libkernel.a(SifLoadElf.o)
 .gnu.attributes
                0x000000a0       0x10 /usr/local/ps2dev/ps2sdk/ee/lib/libkernel.a(__iop_control_internals.o)
 .gnu.attributes
                0x000000b0       0x10 /usr/local/ps2dev/ps2sdk/ee/lib/libkernel.a(DIntr.o)
 .gnu.attributes
                0x000000c0       0x10 /usr/local/ps2dev/ps2sdk/ee/lib/libkernel.a(EIntr.o)
 .gnu.attributes
                0x000000d0       0x10 /usr/local/ps2dev/ps2sdk/ee/lib/libkernel.a(_InitSys.o)
 .gnu.attributes
                0x000000e0       0x10 /usr/local/ps2dev/ps2sdk/ee/lib/libkernel.a(_thread_internals.o)
 .gnu.attributes
                0x000000f0       0x10 /usr/local/ps2dev/ps2sdk/ee/lib/libkernel.a(iWakeupThread.o)
 .gnu.attributes
                0x00000100       0x10 /usr/local/ps2dev/ps2sdk/ee/lib/libkernel.a(libosd.o)
 .gnu.attributes
                0x00000110       0x10 /usr/local/ps2dev/ps2sdk/ee/lib/libkernel.a(libosd_common.o)
 .gnu.attributes
                0x00000120       0x10 /usr/local/ps2dev/ps2sdk/ee/lib/libkernel.a(osdsrc_bin.o)
 .gnu.attributes
                0x00000130       0x10 /usr/local/ps2dev/ps2sdk/ee/lib/libkernel.a(tlbfunc.o)
 .gnu.attributes
                0x00000140       0x10 /usr/local/ps2dev/ps2sdk/ee/lib/libkernel.a(tlbsrc_bin.o)
 .gnu.attributes
                0x00000150       0x10 /usr/local/ps2dev/ps2sdk/ee/lib/libkernel.a(srcfile_bin.o)
 .gnu.attributes
                0x00000160       0x10 /usr/local/ps2dev/ps2sdk/ee/lib/libkernel.a(eenull_bin.o)
 .gnu.attributes
                0x00000170       0x10 /usr/local/ps2dev/ps2sdk/ee/lib/libkernel.a(_exit_internals.o)
 .gnu.attributes
                0x00000180       0x10 /usr/local/ps2dev/ps2sdk/ee/lib/libkernel.a(Exit.o)
 .gnu.attributes
                0x00000190       0x10 /usr/local/ps2dev/ps2sdk/ee/lib/libkernel.a(ExecPS2.o)
 .gnu.attributes
                0x000001a0       0x10 /usr/local/ps2dev/ps2sdk/ee/lib/libkernel.a(kCopy.o)
 .gnu.attributes
                0x000001b0       0x10 /usr/local/ps2dev/ps2sdk/ee/lib/libkernel.a(setup_syscalls.o)
 .gnu.attributes
                0x000001c0       0x10 /usr/local/ps2dev/ps2sdk/ee/lib/libkernel.a(KExit.o)
 .gnu.attributes
                0x000001d0       0x10 /usr/local/ps2dev/ps2sdk/ee/lib/libkernel.a(_ExecPS2.o)
 .gnu.attributes
                0x000001e0       0x10 /usr/local/ps2dev/ps2sdk/ee/lib/libkernel.a(CreateThread.o)
 .gnu.attributes
                0x000001f0       0x10 /usr/local/ps2dev/ps2sdk/ee/lib/libkernel.a(StartThread.o)
 .gnu.attributes
                0x00000200       0x10 /usr/local/ps2dev/ps2sdk/ee/lib/libkernel.a(ChangeThreadPriority.o)
 .gnu.attributes
                0x00000210       0x10 /usr/local/ps2dev/ps2sdk/ee/lib/libkernel.a(RotateThreadReadyQueue.o)
 .gnu.attributes
                0x00000220       0x10 /usr/local/ps2dev/ps2sdk/ee/lib/libkernel.a(GetThreadId.o)
 .gnu.attributes
                0x00000230       0x10 /usr/local/ps2dev/ps2sdk/ee/lib/libkernel.a(_iGetThreadId.o)
 .gnu.attributes
                0x00000240       0x10 /usr/local/ps2dev/ps2sdk/ee/lib/libkernel.a(WakeupThread.o)
 .gnu.attributes
                0x00000250       0x10 /usr/local/ps2dev/ps2sdk/ee/lib/libkernel.a(_iWakeupThread.o)
 .gnu.attributes
                0x00000260       0x10 /usr/local/ps2dev/ps2sdk/ee/lib/libkernel.a(SuspendThread.o)
 .gnu.attributes
                0x00000270       0x10 /usr/local/ps2dev/ps2sdk/ee/lib/libkernel.a(CreateSema.o)
 .gnu.attributes
                0x00000280       0x10 /usr/local/ps2dev/ps2sdk/ee/lib/libkernel.a(DeleteSema.o)
 .gnu.attributes
                0x00000290       0x10 /usr/local/ps2dev/ps2sdk/ee/lib/libkernel.a(iSignalSema.o)
 .gnu.attributes
                0x000002a0       0x10 /usr/local/ps2dev/ps2sdk/ee/lib/libkernel.a(WaitSema.o)
 .gnu.attributes
                0x000002b0       0x10 /usr/local/ps2dev/ps2sdk/ee/lib/libkernel.a(SetOsdConfigParam.o)
 .gnu.attributes
                0x000002c0       0x10 /usr/local/ps2dev/ps2sdk/ee/lib/libkernel.a(GetOsdConfigParam.o)
 .gnu.attributes
                0x000002d0       0x10 /usr/local/ps2dev/ps2sdk/ee/lib/libkernel.a(_SetTLBEntry.o)
 .gnu.attributes
                0x000002e0       0x10 /usr/local/ps2dev/ps2sdk/ee/lib/libkernel.a(sceSifSetReg.o)
 .gnu.attributes
                0x000002f0       0x10 /usr/local/ps2dev/ps2sdk/ee/lib/libkernel.a(sceSifGetReg.o)
 .gnu.attributes
                0x00000300       0x10 /usr/local/ps2dev/ps2sdk/ee/lib/libkernel.a(GetMemorySize.o)
 .gnu.attributes
                0x00000310       0x10 /usr/local/ps2dev/ps2sdk/ee/lib/libkernel.a(_InitTLB.o)
 .gnu.attributes
                0x00000320       0x10 /usr/local/ps2dev/ps2sdk/ee/lib/libkernel.a(sceSifSendCmd.o)
 .gnu.attributes
                0x00000330       0x10 /usr/local/ps2dev/ps2sdk/ee/lib/libkernel.a(isceSifSendCmd.o)
 .gnu.attributes
                0x00000340       0x10 /usr/local/ps2dev/ps2sdk/ee/lib/libkernel.a(sif_cmd_main.o)
 .gnu.attributes
                0x00000350       0x10 /usr/local/ps2dev/ps2sdk/ee/lib/libkernel.a(sceSifAddCmdHandler.o)
 .gnu.attributes
                0x00000360       0x10 /usr/local/ps2dev/ps2sdk/ee/lib/libkernel.a(sceSifGetSreg.o)
 .gnu.attributes
                0x00000370       0x10 /usr/local/ps2dev/ps2sdk/ee/lib/libkernel.a(_rpc_get_fpacket.o)
 .gnu.attributes
                0x00000380       0x10 /usr/local/ps2dev/ps2sdk/ee/lib/libkernel.a(sceSifBindRpc.o)
 .gnu.attributes
                0x00000390       0x10 /usr/local/ps2dev/ps2sdk/ee/lib/libkernel.a(_SifLoadElfPart.o)
 .gnu.attributes
                0x000003a0       0x10 /usr/local/ps2dev/ps2sdk/ee/lib/libkernel.a(EnableDmac.o)
 .gnu.attributes
                0x000003b0       0x10 /usr/local/ps2dev/ps2sdk/ee/lib/libkernel.a(DisableDmac.o)
 .gnu.attributes
                0x000003c0       0x10 /usr/local/ps2dev/ps2sdk/ee/lib/libkernel.a(_ps2sdk_init_timer.o)
 .gnu.attributes
                0x000003d0       0x10 /usr/local/ps2dev/ps2sdk/ee/lib/libkernel.a(TerminateLibrary.o)
 .gnu.attributes
                0x000003e0       0x10 /usr/local/ps2dev/ps2sdk/ee/lib/libkernel.a(SetArg.o)
 .gnu.attributes
                0x000003f0       0x10 /usr/local/ps2dev/ps2sdk/ee/lib/libkernel.a(kCopyBytes.o)
 .gnu.attributes
                0x00000400       0x10 /usr/local/ps2dev/ps2sdk/ee/lib/libkernel.a(AddDmacHandler.o)
 .gnu.attributes
                0x00000410       0x10 /usr/local/ps2dev/ps2sdk/ee/lib/libkernel.a(RemoveDmacHandler.o)
 .gnu.attributes
                0x00000420       0x10 /usr/local/ps2dev/ps2sdk/ee/lib/libkernel.a(_EnableDmac.o)
 .gnu.attributes
                0x00000430       0x10 /usr/local/ps2dev/ps2sdk/ee/lib/libkernel.a(_DisableDmac.o)
 .gnu.attributes
                0x00000440       0x10 /usr/local/ps2dev/ps2sdk/ee/lib/libkernel.a(sceSifSetDChain.o)
 .gnu.attributes
                0x00000450       0x10 /usr/local/ps2dev/ps2sdk/ee/lib/libkernel.a(memset.o)
 .gnu.attributes
                0x00000460       0x10 /usr/local/ps2dev/ps2sdk/ee/lib/libkernel.a(_SifSendCmd.o)
 .gnu.attributes
                0x00000470       0x10 /usr/local/ps2dev/ps2sdk/ee/lib/libkernel.a(_SifCmdIntHandler.o)
 .gnu.attributes
                0x00000480       0x10 /usr/local/ps2dev/ps2sdk/ee/lib/libkernel.a(_rpc_get_packet.o)
 .gnu.attributes
                0x00000490       0x10 /usr/local/ps2dev/ps2sdk/ee/lib/libkernel.a(sceSifCallRpc.o)
 .gnu.attributes
                0x000004a0       0x10 /usr/local/ps2dev/ps2sdk/ee/lib/libkernel.a(_ps2sdk_deinit_timer.o)
 .gnu.attributes
                0x000004b0       0x10 /usr/local/ps2dev/ps2sdk/ee/lib/libkernel.a(sceSifSetDma.o)
 .gnu.attributes
                0x000004c0       0x10 /usr/local/ps2dev/ps2sdk/ee/lib/libkernel.a(isceSifSetDma.o)
 .gnu.attributes
                0x000004d0       0x10 /usr/local/ps2dev/ps2sdk/ee/lib/libkernel.a(isceSifSetDChain.o)
 .gnu.attributes
                0x000004e0       0x10 /usr/local/ps2dev/ps2sdk/ee/lib/libkernel.a(sceSifWriteBackDCache.o)

.mdebug.abiN32  0x00000000        0x0
 .mdebug.abiN32
                0x00000000        0x0 loader.o
 .mdebug.abiN32
                0x00000000        0x0 /tmp/cc5YOpXI.ltrans0.ltrans.o
 .mdebug.abiN32
                0x00000000        0x0 /usr/local/ps2dev/ee/mips64r5900el-ps2-elf/lib/libc.a(libc_a-strncpy.o)
 .mdebug.abiN32
                0x00000000        0x0 /usr/local/ps2dev/ee/mips64r5900el-ps2-elf/lib/libc.a(libc_a-strlen.o)
 .mdebug.abiN32
                0x00000000        0x0 /usr/local/ps2dev/ee/mips64r5900el-ps2-elf/lib/libc.a(libc_a-strncat.o)
 .mdebug.abiN32
                0x00000000        0x0 /usr/local/ps2dev/ps2sdk/ee/lib/libkernel.a(SifRpcMain.o)
 .mdebug.abiN32
                0x00000000        0x0 /usr/local/ps2dev/ps2sdk/ee/lib/libkernel.a(SifLoadFileInit.o)
 .mdebug.abiN32
                0x00000000        0x0 /usr/local/ps2dev/ps2sdk/ee/lib/libkernel.a(SifLoadElf.o)
 .mdebug.abiN32
                0x00000000        0x0 /usr/local/ps2dev/ps2sdk/ee/lib/libkernel.a(__iop_control_internals.o)
 .mdebug.abiN32
                0x00000000        0x0 /usr/local/ps2dev/ps2sdk/ee/lib/libkernel.a(DIntr.o)
 .mdebug.abiN32
                0x00000000        0x0 /usr/local/ps2dev/ps2sdk/ee/lib/libkernel.a(EIntr.o)
 .mdebug.abiN32
                0x00000000        0x0 /usr/local/ps2dev/ps2sdk/ee/lib/libkernel.a(_InitSys.o)
 .mdebug.abiN32
                0x00000000        0x0 /usr/local/ps2dev/ps2sdk/ee/lib/libkernel.a(_thread_internals.o)
 .mdebug.abiN32
                0x00000000        0x0 /usr/local/ps2dev/ps2sdk/ee/lib/libkernel.a(iWakeupThread.o)
 .mdebug.abiN32
                0x00000000        0x0 /usr/local/ps2dev/ps2sdk/ee/lib/libkernel.a(libosd.o)
 .mdebug.abiN32
                0x00000000        0x0 /usr/local/ps2dev/ps2sdk/ee/lib/libkernel.a(libosd_common.o)
 .mdebug.abiN32
                0x00000000        0x0 /usr/local/ps2dev/ps2sdk/ee/lib/libkernel.a(osdsrc_bin.o)
 .mdebug.abiN32
                0x00000000        0x0 /usr/local/ps2dev/ps2sdk/ee/lib/libkernel.a(tlbfunc.o)
 .mdebug.abiN32
                0x00000000        0x0 /usr/local/ps2dev/ps2sdk/ee/lib/libkernel.a(tlbsrc_bin.o)
 .mdebug.abiN32
                0x00000000        0x0 /usr/local/ps2dev/ps2sdk/ee/lib/libkernel.a(srcfile_bin.o)
 .mdebug.abiN32
                0x00000000        0x0 /usr/local/ps2dev/ps2sdk/ee/lib/libkernel.a(eenull_bin.o)
 .mdebug.abiN32
                0x00000000        0x0 /usr/local/ps2dev/ps2sdk/ee/lib/libkernel.a(_exit_internals.o)
 .mdebug.abiN32
                0x00000000        0x0 /usr/local/ps2dev/ps2sdk/ee/lib/libkernel.a(Exit.o)
 .mdebug.abiN32
                0x00000000        0x0 /usr/local/ps2dev/ps2sdk/ee/lib/libkernel.a(ExecPS2.o)
 .mdebug.abiN32
                0x00000000        0x0 /usr/local/ps2dev/ps2sdk/ee/lib/libkernel.a(kCopy.o)
 .mdebug.abiN32
                0x00000000        0x0 /usr/local/ps2dev/ps2sdk/ee/lib/libkernel.a(sceSifSendCmd.o)
 .mdebug.abiN32
                0x00000000        0x0 /usr/local/ps2dev/ps2sdk/ee/lib/libkernel.a(isceSifSendCmd.o)
 .mdebug.abiN32
                0x00000000        0x0 /usr/local/ps2dev/ps2sdk/ee/lib/libkernel.a(sif_cmd_main.o)
 .mdebug.abiN32
                0x00000000        0x0 /usr/local/ps2dev/ps2sdk/ee/lib/libkernel.a(sceSifAddCmdHandler.o)
 .mdebug.abiN32
                0x00000000        0x0 /usr/local/ps2dev/ps2sdk/ee/lib/libkernel.a(sceSifGetSreg.o)
 .mdebug.abiN32
                0x00000000        0x0 /usr/local/ps2dev/ps2sdk/ee/lib/libkernel.a(_rpc_get_fpacket.o)
 .mdebug.abiN32
                0x00000000        0x0 /usr/local/ps2dev/ps2sdk/ee/lib/libkernel.a(sceSifBindRpc.o)
 .mdebug.abiN32
                0x00000000        0x0 /usr/local/ps2dev/ps2sdk/ee/lib/libkernel.a(_SifLoadElfPart.o)
 .mdebug.abiN32
                0x00000000        0x0 /usr/local/ps2dev/ps2sdk/ee/lib/libkernel.a(EnableDmac.o)
 .mdebug.abiN32
                0x00000000        0x0 /usr/local/ps2dev/ps2sdk/ee/lib/libkernel.a(DisableDmac.o)
 .mdebug.abiN32
                0x00000000        0x0 /usr/local/ps2dev/ps2sdk/ee/lib/libkernel.a(_ps2sdk_init_timer.o)
 .mdebug.abiN32
                0x00000000        0x0 /usr/local/ps2dev/ps2sdk/ee/lib/libkernel.a(TerminateLibrary.o)
 .mdebug.abiN32
                0x00000000        0x0 /usr/local/ps2dev/ps2sdk/ee/lib/libkernel.a(SetArg.o)
 .mdebug.abiN32
                0x00000000        0x0 /usr/local/ps2dev/ps2sdk/ee/lib/libkernel.a(kCopyBytes.o)
 .mdebug.abiN32
                0x00000000        0x0 /usr/local/ps2dev/ps2sdk/ee/lib/libkernel.a(_SifSendCmd.o)
 .mdebug.abiN32
                0x00000000        0x0 /usr/local/ps2dev/ps2sdk/ee/lib/libkernel.a(_SifCmdIntHandler.o)
 .mdebug.abiN32
                0x00000000        0x0 /usr/local/ps2dev/ps2sdk/ee/lib/libkernel.a(_rpc_get_packet.o)
 .mdebug.abiN32
                0x00000000        0x0 /usr/local/ps2dev/ps2sdk/ee/lib/libkernel.a(sceSifCallRpc.o)
 .mdebug.abiN32
                0x00000000        0x0 /usr/local/ps2dev/ps2sdk/ee/lib/libkernel.a(_ps2sdk_deinit_timer.o)

.comment        0x00000000       0x12
 .comment       0x00000000       0x12 loader.o
                                 0x13 (size before relaxing)
 .comment       0x00000012        0x0 /tmp/cc5YOpXI.ltrans0.ltrans.o
                                 0x13 (size before relaxing)
 .comment       0x00000012        0x0 /tmp/ccU0iagd.debug.temp.o
                                 0x13 (size before relaxing)
 .comment       0x00000012        0x0 /usr/local/ps2dev/ee/mips64r5900el-ps2-elf/lib/libc.a(libc_a-strncpy.o)
                                 0x13 (size before relaxing)
 .comment       0x00000012        0x0 /usr/local/ps2dev/ee/mips64r5900el-ps2-elf/lib/libc.a(libc_a-strlen.o)
                                 0x13 (size before relaxing)
 .comment       0x00000012        0x0 /usr/local/ps2dev/ee/mips64r5900el-ps2-elf/lib/libc.a(libc_a-strncat.o)
                                 0x13 (size before relaxing)
 .comment       0x00000012        0x0 /usr/local/ps2dev/ps2sdk/ee/lib/libkernel.a(SifRpcMain.o)
                                 0x13 (size before relaxing)
 .comment       0x00000012        0x0 /usr/local/ps2dev/ps2sdk/ee/lib/libkernel.a(SifLoadFileInit.o)
                                 0x13 (size before relaxing)
 .comment       0x00000012        0x0 /usr/local/ps2dev/ps2sdk/ee/lib/libkernel.a(SifLoadElf.o)
                                 0x13 (size before relaxing)
 .comment       0x00000012        0x0 /usr/local/ps2dev/ps2sdk/ee/lib/libkernel.a(__iop_control_internals.o)
                                 0x13 (size before relaxing)
 .comment       0x00000012        0x0 /usr/local/ps2dev/ps2sdk/ee/lib/libkernel.a(DIntr.o)
                                 0x13 (size before relaxing)
 .comment       0x00000012        0x0 /usr/local/ps2dev/ps2sdk/ee/lib/libkernel.a(EIntr.o)
                                 0x13 (size before relaxing)
 .comment       0x00000012        0x0 /usr/local/ps2dev/ps2sdk/ee/lib/libkernel.a(_InitSys.o)
                                 0x13 (size before relaxing)
 .comment       0x00000012        0x0 /usr/local/ps2dev/ps2sdk/ee/lib/libkernel.a(_thread_internals.o)
                                 0x13 (size before relaxing)
 .comment       0x00000012        0x0 /usr/local/ps2dev/ps2sdk/ee/lib/libkernel.a(iWakeupThread.o)
                                 0x13 (size before relaxing)
 .comment       0x00000012        0x0 /usr/local/ps2dev/ps2sdk/ee/lib/libkernel.a(libosd.o)
                                 0x13 (size before relaxing)
 .comment       0x00000012        0x0 /usr/local/ps2dev/ps2sdk/ee/lib/libkernel.a(libosd_common.o)
                                 0x13 (size before relaxing)
 .comment       0x00000012        0x0 /usr/local/ps2dev/ps2sdk/ee/lib/libkernel.a(osdsrc_bin.o)
                                 0x13 (size before relaxing)
 .comment       0x00000012        0x0 /usr/local/ps2dev/ps2sdk/ee/lib/libkernel.a(tlbfunc.o)
                                 0x13 (size before relaxing)
 .comment       0x00000012        0x0 /usr/local/ps2dev/ps2sdk/ee/lib/libkernel.a(tlbsrc_bin.o)
                                 0x13 (size before relaxing)
 .comment       0x00000012        0x0 /usr/local/ps2dev/ps2sdk/ee/lib/libkernel.a(srcfile_bin.o)
                                 0x13 (size before relaxing)
 .comment       0x00000012        0x0 /usr/local/ps2dev/ps2sdk/ee/lib/libkernel.a(eenull_bin.o)
                                 0x13 (size before relaxing)
 .comment       0x00000012        0x0 /usr/local/ps2dev/ps2sdk/ee/lib/libkernel.a(_exit_internals.o)
                                 0x13 (size before relaxing)
 .comment       0x00000012        0x0 /usr/local/ps2dev/ps2sdk/ee/lib/libkernel.a(Exit.o)
                                 0x13 (size before relaxing)
 .comment       0x00000012        0x0 /usr/local/ps2dev/ps2sdk/ee/lib/libkernel.a(ExecPS2.o)
                                 0x13 (size before relaxing)
 .comment       0x00000012        0x0 /usr/local/ps2dev/ps2sdk/ee/lib/libkernel.a(kCopy.o)
                                 0x13 (size before relaxing)
 .comment       0x00000012        0x0 /usr/local/ps2dev/ps2sdk/ee/lib/libkernel.a(sceSifSendCmd.o)
                                 0x13 (size before relaxing)
 .comment       0x00000012        0x0 /usr/local/ps2dev/ps2sdk/ee/lib/libkernel.a(isceSifSendCmd.o)
                                 0x13 (size before relaxing)
 .comment       0x00000012        0x0 /usr/local/ps2dev/ps2sdk/ee/lib/libkernel.a(sif_cmd_main.o)
                                 0x13 (size before relaxing)
 .comment       0x00000012        0x0 /usr/local/ps2dev/ps2sdk/ee/lib/libkernel.a(sceSifAddCmdHandler.o)
                                 0x13 (size before relaxing)
 .comment       0x00000012        0x0 /usr/local/ps2dev/ps2sdk/ee/lib/libkernel.a(sceSifGetSreg.o)
                                 0x13 (size before relaxing)
 .comment       0x00000012        0x0 /usr/local/ps2dev/ps2sdk/ee/lib/libkernel.a(_rpc_get_fpacket.o)
                                 0x13 (size before relaxing)
 .comment       0x00000012        0x0 /usr/local/ps2dev/ps2sdk/ee/lib/libkernel.a(sceSifBindRpc.o)
                                 0x13 (size before relaxing)
 .comment       0x00000012        0x0 /usr/local/ps2dev/ps2sdk/ee/lib/libkernel.a(_SifLoadElfPart.o)
                                 0x13 (size before relaxing)
 .comment       0x00000012        0x0 /usr/local/ps2dev/ps2sdk/ee/lib/libkernel.a(EnableDmac.o)
                                 0x13 (size before relaxing)
 .comment       0x00000012        0x0 /usr/local/ps2dev/ps2sdk/ee/lib/libkernel.a(DisableDmac.o)
                                 0x13 (size before relaxing)
 .comment       0x00000012        0x0 /usr/local/ps2dev/ps2sdk/ee/lib/libkernel.a(_ps2sdk_init_timer.o)
                                 0x13 (size before relaxing)
 .comment       0x00000012        0x0 /usr/local/ps2dev/ps2sdk/ee/lib/libkernel.a(TerminateLibrary.o)
                                 0x13 (size before relaxing)
 .comment       0x00000012        0x0 /usr/local/ps2dev/ps2sdk/ee/lib/libkernel.a(SetArg.o)
                                 0x13 (size before relaxing)
 .comment       0x00000012        0x0 /usr/local/ps2dev/ps2sdk/ee/lib/libkernel.a(kCopyBytes.o)
                                 0x13 (size before relaxing)
 .comment       0x00000012        0x0 /usr/local/ps2dev/ps2sdk/ee/lib/libkernel.a(_SifSendCmd.o)
                                 0x13 (size before relaxing)
 .comment       0x00000012        0x0 /usr/local/ps2dev/ps2sdk/ee/lib/libkernel.a(_SifCmdIntHandler.o)
                                 0x13 (size before relaxing)
 .comment       0x00000012        0x0 /usr/local/ps2dev/ps2sdk/ee/lib/libkernel.a(_rpc_get_packet.o)
                                 0x13 (size before relaxing)
 .comment       0x00000012        0x0 /usr/local/ps2dev/ps2sdk/ee/lib/libkernel.a(sceSifCallRpc.o)
                                 0x13 (size before relaxing)
 .comment       0x00000012        0x0 /usr/local/ps2dev/ps2sdk/ee/lib/libkernel.a(_ps2sdk_deinit_timer.o)
                                 0x13 (size before relaxing)

.debug_info     0x00000000     0x7ca4
 .debug_info    0x00000000      0x132 /tmp/cc5YOpXI.ltrans0.ltrans.o
 .debug_info    0x00000132      0x1d4 /tmp/ccU0iagd.debug.temp.o
                0x00000132                alarm.c.bc100763
 .debug_info    0x00000306      0x153 /usr/local/ps2dev/ee/mips64r5900el-ps2-elf/lib/libc.a(libc_a-strncpy.o)
 .debug_info    0x00000459       0xf2 /usr/local/ps2dev/ee/mips64r5900el-ps2-elf/lib/libc.a(libc_a-strlen.o)
 .debug_info    0x0000054b      0x124 /usr/local/ps2dev/ee/mips64r5900el-ps2-elf/lib/libc.a(libc_a-strncat.o)
 .debug_info    0x0000066f       0x35 /usr/local/ps2dev/ps2sdk/ee/lib/libkernel.a(FlushCache.o)
 .debug_info    0x000006a4      0xf67 /usr/local/ps2dev/ps2sdk/ee/lib/libkernel.a(SifRpcMain.o)
 .debug_info    0x0000160b      0x53d /usr/local/ps2dev/ps2sdk/ee/lib/libkernel.a(SifLoadFileInit.o)
 .debug_info    0x00001b48      0x1fa /usr/local/ps2dev/ps2sdk/ee/lib/libkernel.a(SifLoadElf.o)
 .debug_info    0x00001d42       0x93 /usr/local/ps2dev/ps2sdk/ee/lib/libkernel.a(__iop_control_internals.o)
 .debug_info    0x00001dd5       0xb6 /usr/local/ps2dev/ps2sdk/ee/lib/libkernel.a(DIntr.o)
 .debug_info    0x00001e8b       0xa6 /usr/local/ps2dev/ps2sdk/ee/lib/libkernel.a(EIntr.o)
 .debug_info    0x00001f31      0x10d /usr/local/ps2dev/ps2sdk/ee/lib/libkernel.a(_InitSys.o)
 .debug_info    0x0000203e      0x4f4 /usr/local/ps2dev/ps2sdk/ee/lib/libkernel.a(_thread_internals.o)
 .debug_info    0x00002532      0x204 /usr/local/ps2dev/ps2sdk/ee/lib/libkernel.a(iWakeupThread.o)
 .debug_info    0x00002736      0x26e /usr/local/ps2dev/ps2sdk/ee/lib/libkernel.a(libosd.o)
 .debug_info    0x000029a4      0x1e0 /usr/local/ps2dev/ps2sdk/ee/lib/libkernel.a(libosd_common.o)
 .debug_info    0x00002b84       0x64 /usr/local/ps2dev/ps2sdk/ee/lib/libkernel.a(osdsrc_bin.o)
 .debug_info    0x00002be8      0x595 /usr/local/ps2dev/ps2sdk/ee/lib/libkernel.a(tlbfunc.o)
 .debug_info    0x0000317d       0x64 /usr/local/ps2dev/ps2sdk/ee/lib/libkernel.a(tlbsrc_bin.o)
 .debug_info    0x000031e1       0x64 /usr/local/ps2dev/ps2sdk/ee/lib/libkernel.a(srcfile_bin.o)
 .debug_info    0x00003245       0x63 /usr/local/ps2dev/ps2sdk/ee/lib/libkernel.a(eenull_bin.o)
 .debug_info    0x000032a8       0xa7 /usr/local/ps2dev/ps2sdk/ee/lib/libkernel.a(_exit_internals.o)
 .debug_info    0x0000334f       0xfe /usr/local/ps2dev/ps2sdk/ee/lib/libkernel.a(Exit.o)
 .debug_info    0x0000344d      0x1e3 /usr/local/ps2dev/ps2sdk/ee/lib/libkernel.a(ExecPS2.o)
 .debug_info    0x00003630      0x132 /usr/local/ps2dev/ps2sdk/ee/lib/libkernel.a(kCopy.o)
 .debug_info    0x00003762       0x51 /usr/local/ps2dev/ps2sdk/ee/lib/libkernel.a(setup_syscalls.o)
 .debug_info    0x000037b3       0x35 /usr/local/ps2dev/ps2sdk/ee/lib/libkernel.a(KExit.o)
 .debug_info    0x000037e8       0x35 /usr/local/ps2dev/ps2sdk/ee/lib/libkernel.a(_ExecPS2.o)
 .debug_info    0x0000381d       0x35 /usr/local/ps2dev/ps2sdk/ee/lib/libkernel.a(CreateThread.o)
 .debug_info    0x00003852       0x35 /usr/local/ps2dev/ps2sdk/ee/lib/libkernel.a(StartThread.o)
 .debug_info    0x00003887       0x35 /usr/local/ps2dev/ps2sdk/ee/lib/libkernel.a(ChangeThreadPriority.o)
 .debug_info    0x000038bc       0x35 /usr/local/ps2dev/ps2sdk/ee/lib/libkernel.a(RotateThreadReadyQueue.o)
 .debug_info    0x000038f1       0x35 /usr/local/ps2dev/ps2sdk/ee/lib/libkernel.a(GetThreadId.o)
 .debug_info    0x00003926       0x35 /usr/local/ps2dev/ps2sdk/ee/lib/libkernel.a(_iGetThreadId.o)
 .debug_info    0x0000395b       0x35 /usr/local/ps2dev/ps2sdk/ee/lib/libkernel.a(WakeupThread.o)
 .debug_info    0x00003990       0x35 /usr/local/ps2dev/ps2sdk/ee/lib/libkernel.a(_iWakeupThread.o)
 .debug_info    0x000039c5       0x35 /usr/local/ps2dev/ps2sdk/ee/lib/libkernel.a(SuspendThread.o)
 .debug_info    0x000039fa       0x35 /usr/local/ps2dev/ps2sdk/ee/lib/libkernel.a(CreateSema.o)
 .debug_info    0x00003a2f       0x35 /usr/local/ps2dev/ps2sdk/ee/lib/libkernel.a(DeleteSema.o)
 .debug_info    0x00003a64       0x35 /usr/local/ps2dev/ps2sdk/ee/lib/libkernel.a(iSignalSema.o)
 .debug_info    0x00003a99       0x35 /usr/local/ps2dev/ps2sdk/ee/lib/libkernel.a(WaitSema.o)
 .debug_info    0x00003ace       0x35 /usr/local/ps2dev/ps2sdk/ee/lib/libkernel.a(SetOsdConfigParam.o)
 .debug_info    0x00003b03       0x35 /usr/local/ps2dev/ps2sdk/ee/lib/libkernel.a(GetOsdConfigParam.o)
 .debug_info    0x00003b38       0x35 /usr/local/ps2dev/ps2sdk/ee/lib/libkernel.a(_SetTLBEntry.o)
 .debug_info    0x00003b6d       0x35 /usr/local/ps2dev/ps2sdk/ee/lib/libkernel.a(sceSifSetReg.o)
 .debug_info    0x00003ba2       0x35 /usr/local/ps2dev/ps2sdk/ee/lib/libkernel.a(sceSifGetReg.o)
 .debug_info    0x00003bd7       0x35 /usr/local/ps2dev/ps2sdk/ee/lib/libkernel.a(GetMemorySize.o)
 .debug_info    0x00003c0c       0x35 /usr/local/ps2dev/ps2sdk/ee/lib/libkernel.a(_InitTLB.o)
 .debug_info    0x00003c41      0x1a4 /usr/local/ps2dev/ps2sdk/ee/lib/libkernel.a(sceSifSendCmd.o)
 .debug_info    0x00003de5      0x1a4 /usr/local/ps2dev/ps2sdk/ee/lib/libkernel.a(isceSifSendCmd.o)
 .debug_info    0x00003f89      0x92c /usr/local/ps2dev/ps2sdk/ee/lib/libkernel.a(sif_cmd_main.o)
 .debug_info    0x000048b5      0x22a /usr/local/ps2dev/ps2sdk/ee/lib/libkernel.a(sceSifAddCmdHandler.o)
 .debug_info    0x00004adf      0x202 /usr/local/ps2dev/ps2sdk/ee/lib/libkernel.a(sceSifGetSreg.o)
 .debug_info    0x00004ce1      0x188 /usr/local/ps2dev/ps2sdk/ee/lib/libkernel.a(_rpc_get_fpacket.o)
 .debug_info    0x00004e69      0x91f /usr/local/ps2dev/ps2sdk/ee/lib/libkernel.a(sceSifBindRpc.o)
 .debug_info    0x00005788      0x583 /usr/local/ps2dev/ps2sdk/ee/lib/libkernel.a(_SifLoadElfPart.o)
 .debug_info    0x00005d0b      0x153 /usr/local/ps2dev/ps2sdk/ee/lib/libkernel.a(EnableDmac.o)
 .debug_info    0x00005e5e      0x153 /usr/local/ps2dev/ps2sdk/ee/lib/libkernel.a(DisableDmac.o)
 .debug_info    0x00005fb1       0xb4 /usr/local/ps2dev/ps2sdk/ee/lib/libkernel.a(_ps2sdk_init_timer.o)
 .debug_info    0x00006065       0xca /usr/local/ps2dev/ps2sdk/ee/lib/libkernel.a(TerminateLibrary.o)
 .debug_info    0x0000612f      0x2b3 /usr/local/ps2dev/ps2sdk/ee/lib/libkernel.a(SetArg.o)
 .debug_info    0x000063e2      0x137 /usr/local/ps2dev/ps2sdk/ee/lib/libkernel.a(kCopyBytes.o)
 .debug_info    0x00006519       0x35 /usr/local/ps2dev/ps2sdk/ee/lib/libkernel.a(AddDmacHandler.o)
 .debug_info    0x0000654e       0x35 /usr/local/ps2dev/ps2sdk/ee/lib/libkernel.a(RemoveDmacHandler.o)
 .debug_info    0x00006583       0x35 /usr/local/ps2dev/ps2sdk/ee/lib/libkernel.a(_EnableDmac.o)
 .debug_info    0x000065b8       0x35 /usr/local/ps2dev/ps2sdk/ee/lib/libkernel.a(_DisableDmac.o)
 .debug_info    0x000065ed       0x35 /usr/local/ps2dev/ps2sdk/ee/lib/libkernel.a(sceSifSetDChain.o)
 .debug_info    0x00006622       0x34 /usr/local/ps2dev/ps2sdk/ee/lib/libkernel.a(memset.o)
 .debug_info    0x00006656      0x43a /usr/local/ps2dev/ps2sdk/ee/lib/libkernel.a(_SifSendCmd.o)
 .debug_info    0x00006a90      0x36d /usr/local/ps2dev/ps2sdk/ee/lib/libkernel.a(_SifCmdIntHandler.o)
 .debug_info    0x00006dfd      0x2d7 /usr/local/ps2dev/ps2sdk/ee/lib/libkernel.a(_rpc_get_packet.o)
 .debug_info    0x000070d4      0xa48 /usr/local/ps2dev/ps2sdk/ee/lib/libkernel.a(sceSifCallRpc.o)
 .debug_info    0x00007b1c       0xb4 /usr/local/ps2dev/ps2sdk/ee/lib/libkernel.a(_ps2sdk_deinit_timer.o)
 .debug_info    0x00007bd0       0x35 /usr/local/ps2dev/ps2sdk/ee/lib/libkernel.a(sceSifSetDma.o)
 .debug_info    0x00007c05       0x35 /usr/local/ps2dev/ps2sdk/ee/lib/libkernel.a(isceSifSetDma.o)
 .debug_info    0x00007c3a       0x35 /usr/local/ps2dev/ps2sdk/ee/lib/libkernel.a(isceSifSetDChain.o)
 .debug_info    0x00007c6f       0x35 /usr/local/ps2dev/ps2sdk/ee/lib/libkernel.a(sceSifWriteBackDCache.o)

.debug_abbrev   0x00000000     0x32df
 .debug_abbrev  0x00000000       0x81 /tmp/cc5YOpXI.ltrans0.ltrans.o
 .debug_abbrev  0x00000081      0x104 /tmp/ccU0iagd.debug.temp.o
 .debug_abbrev  0x00000185       0xa3 /usr/local/ps2dev/ee/mips64r5900el-ps2-elf/lib/libc.a(libc_a-strncpy.o)
 .debug_abbrev  0x00000228       0x8f /usr/local/ps2dev/ee/mips64r5900el-ps2-elf/lib/libc.a(libc_a-strlen.o)
 .debug_abbrev  0x000002b7       0xac /usr/local/ps2dev/ee/mips64r5900el-ps2-elf/lib/libc.a(libc_a-strncat.o)
 .debug_abbrev  0x00000363       0x21 /usr/local/ps2dev/ps2sdk/ee/lib/libkernel.a(FlushCache.o)
 .debug_abbrev  0x00000384      0x37d /usr/local/ps2dev/ps2sdk/ee/lib/libkernel.a(SifRpcMain.o)
 .debug_abbrev  0x00000701      0x1ba /usr/local/ps2dev/ps2sdk/ee/lib/libkernel.a(SifLoadFileInit.o)
 .debug_abbrev  0x000008bb      0x11d /usr/local/ps2dev/ps2sdk/ee/lib/libkernel.a(SifLoadElf.o)
 .debug_abbrev  0x000009d8       0x39 /usr/local/ps2dev/ps2sdk/ee/lib/libkernel.a(__iop_control_internals.o)
 .debug_abbrev  0x00000a11       0x5a /usr/local/ps2dev/ps2sdk/ee/lib/libkernel.a(DIntr.o)
 .debug_abbrev  0x00000a6b       0x5c /usr/local/ps2dev/ps2sdk/ee/lib/libkernel.a(EIntr.o)
 .debug_abbrev  0x00000ac7       0x98 /usr/local/ps2dev/ps2sdk/ee/lib/libkernel.a(_InitSys.o)
 .debug_abbrev  0x00000b5f      0x1d1 /usr/local/ps2dev/ps2sdk/ee/lib/libkernel.a(_thread_internals.o)
 .debug_abbrev  0x00000d30      0x14a /usr/local/ps2dev/ps2sdk/ee/lib/libkernel.a(iWakeupThread.o)
 .debug_abbrev  0x00000e7a      0x157 /usr/local/ps2dev/ps2sdk/ee/lib/libkernel.a(libosd.o)
 .debug_abbrev  0x00000fd1       0xe2 /usr/local/ps2dev/ps2sdk/ee/lib/libkernel.a(libosd_common.o)
 .debug_abbrev  0x000010b3       0x56 /usr/local/ps2dev/ps2sdk/ee/lib/libkernel.a(osdsrc_bin.o)
 .debug_abbrev  0x00001109      0x21a /usr/local/ps2dev/ps2sdk/ee/lib/libkernel.a(tlbfunc.o)
 .debug_abbrev  0x00001323       0x56 /usr/local/ps2dev/ps2sdk/ee/lib/libkernel.a(tlbsrc_bin.o)
 .debug_abbrev  0x00001379       0x56 /usr/local/ps2dev/ps2sdk/ee/lib/libkernel.a(srcfile_bin.o)
 .debug_abbrev  0x000013cf       0x56 /usr/local/ps2dev/ps2sdk/ee/lib/libkernel.a(eenull_bin.o)
 .debug_abbrev  0x00001425       0x4f /usr/local/ps2dev/ps2sdk/ee/lib/libkernel.a(_exit_internals.o)
 .debug_abbrev  0x00001474       0xbe /usr/local/ps2dev/ps2sdk/ee/lib/libkernel.a(Exit.o)
 .debug_abbrev  0x00001532      0x121 /usr/local/ps2dev/ps2sdk/ee/lib/libkernel.a(ExecPS2.o)
 .debug_abbrev  0x00001653       0xdd /usr/local/ps2dev/ps2sdk/ee/lib/libkernel.a(kCopy.o)
 .debug_abbrev  0x00001730       0x21 /usr/local/ps2dev/ps2sdk/ee/lib/libkernel.a(setup_syscalls.o)
 .debug_abbrev  0x00001751       0x21 /usr/local/ps2dev/ps2sdk/ee/lib/libkernel.a(KExit.o)
 .debug_abbrev  0x00001772       0x21 /usr/local/ps2dev/ps2sdk/ee/lib/libkernel.a(_ExecPS2.o)
 .debug_abbrev  0x00001793       0x21 /usr/local/ps2dev/ps2sdk/ee/lib/libkernel.a(CreateThread.o)
 .debug_abbrev  0x000017b4       0x21 /usr/local/ps2dev/ps2sdk/ee/lib/libkernel.a(StartThread.o)
 .debug_abbrev  0x000017d5       0x21 /usr/local/ps2dev/ps2sdk/ee/lib/libkernel.a(ChangeThreadPriority.o)
 .debug_abbrev  0x000017f6       0x21 /usr/local/ps2dev/ps2sdk/ee/lib/libkernel.a(RotateThreadReadyQueue.o)
 .debug_abbrev  0x00001817       0x21 /usr/local/ps2dev/ps2sdk/ee/lib/libkernel.a(GetThreadId.o)
 .debug_abbrev  0x00001838       0x21 /usr/local/ps2dev/ps2sdk/ee/lib/libkernel.a(_iGetThreadId.o)
 .debug_abbrev  0x00001859       0x21 /usr/local/ps2dev/ps2sdk/ee/lib/libkernel.a(WakeupThread.o)
 .debug_abbrev  0x0000187a       0x21 /usr/local/ps2dev/ps2sdk/ee/lib/libkernel.a(_iWakeupThread.o)
 .debug_abbrev  0x0000189b       0x21 /usr/local/ps2dev/ps2sdk/ee/lib/libkernel.a(SuspendThread.o)
 .debug_abbrev  0x000018bc       0x21 /usr/local/ps2dev/ps2sdk/ee/lib/libkernel.a(CreateSema.o)
 .debug_abbrev  0x000018dd       0x21 /usr/local/ps2dev/ps2sdk/ee/lib/libkernel.a(DeleteSema.o)
 .debug_abbrev  0x000018fe       0x21 /usr/local/ps2dev/ps2sdk/ee/lib/libkernel.a(iSignalSema.o)
 .debug_abbrev  0x0000191f       0x21 /usr/local/ps2dev/ps2sdk/ee/lib/libkernel.a(WaitSema.o)
 .debug_abbrev  0x00001940       0x21 /usr/local/ps2dev/ps2sdk/ee/lib/libkernel.a(SetOsdConfigParam.o)
 .debug_abbrev  0x00001961       0x21 /usr/local/ps2dev/ps2sdk/ee/lib/libkernel.a(GetOsdConfigParam.o)
 .debug_abbrev  0x00001982       0x21 /usr/local/ps2dev/ps2sdk/ee/lib/libkernel.a(_SetTLBEntry.o)
 .debug_abbrev  0x000019a3       0x21 /usr/local/ps2dev/ps2sdk/ee/lib/libkernel.a(sceSifSetReg.o)
 .debug_abbrev  0x000019c4       0x21 /usr/local/ps2dev/ps2sdk/ee/lib/libkernel.a(sceSifGetReg.o)
 .debug_abbrev  0x000019e5       0x21 /usr/local/ps2dev/ps2sdk/ee/lib/libkernel.a(GetMemorySize.o)
 .debug_abbrev  0x00001a06       0x21 /usr/local/ps2dev/ps2sdk/ee/lib/libkernel.a(_InitTLB.o)
 .debug_abbrev  0x00001a27       0xad /usr/local/ps2dev/ps2sdk/ee/lib/libkernel.a(sceSifSendCmd.o)
 .debug_abbrev  0x00001ad4       0xad /usr/local/ps2dev/ps2sdk/ee/lib/libkernel.a(isceSifSendCmd.o)
 .debug_abbrev  0x00001b81      0x352 /usr/local/ps2dev/ps2sdk/ee/lib/libkernel.a(sif_cmd_main.o)
 .debug_abbrev  0x00001ed3      0x101 /usr/local/ps2dev/ps2sdk/ee/lib/libkernel.a(sceSifAddCmdHandler.o)
 .debug_abbrev  0x00001fd4       0xe1 /usr/local/ps2dev/ps2sdk/ee/lib/libkernel.a(sceSifGetSreg.o)
 .debug_abbrev  0x000020b5       0xc2 /usr/local/ps2dev/ps2sdk/ee/lib/libkernel.a(_rpc_get_fpacket.o)
 .debug_abbrev  0x00002177      0x23f /usr/local/ps2dev/ps2sdk/ee/lib/libkernel.a(sceSifBindRpc.o)
 .debug_abbrev  0x000023b6      0x1a7 /usr/local/ps2dev/ps2sdk/ee/lib/libkernel.a(_SifLoadElfPart.o)
 .debug_abbrev  0x0000255d       0xd4 /usr/local/ps2dev/ps2sdk/ee/lib/libkernel.a(EnableDmac.o)
 .debug_abbrev  0x00002631       0xd4 /usr/local/ps2dev/ps2sdk/ee/lib/libkernel.a(DisableDmac.o)
 .debug_abbrev  0x00002705       0x65 /usr/local/ps2dev/ps2sdk/ee/lib/libkernel.a(_ps2sdk_init_timer.o)
 .debug_abbrev  0x0000276a       0x83 /usr/local/ps2dev/ps2sdk/ee/lib/libkernel.a(TerminateLibrary.o)
 .debug_abbrev  0x000027ed      0x17f /usr/local/ps2dev/ps2sdk/ee/lib/libkernel.a(SetArg.o)
 .debug_abbrev  0x0000296c       0xcc /usr/local/ps2dev/ps2sdk/ee/lib/libkernel.a(kCopyBytes.o)
 .debug_abbrev  0x00002a38       0x21 /usr/local/ps2dev/ps2sdk/ee/lib/libkernel.a(AddDmacHandler.o)
 .debug_abbrev  0x00002a59       0x21 /usr/local/ps2dev/ps2sdk/ee/lib/libkernel.a(RemoveDmacHandler.o)
 .debug_abbrev  0x00002a7a       0x21 /usr/local/ps2dev/ps2sdk/ee/lib/libkernel.a(_EnableDmac.o)
 .debug_abbrev  0x00002a9b       0x21 /usr/local/ps2dev/ps2sdk/ee/lib/libkernel.a(_DisableDmac.o)
 .debug_abbrev  0x00002abc       0x21 /usr/local/ps2dev/ps2sdk/ee/lib/libkernel.a(sceSifSetDChain.o)
 .debug_abbrev  0x00002add       0x1f /usr/local/ps2dev/ps2sdk/ee/lib/libkernel.a(memset.o)
 .debug_abbrev  0x00002afc      0x1b1 /usr/local/ps2dev/ps2sdk/ee/lib/libkernel.a(_SifSendCmd.o)
 .debug_abbrev  0x00002cad      0x1bc /usr/local/ps2dev/ps2sdk/ee/lib/libkernel.a(_SifCmdIntHandler.o)
 .debug_abbrev  0x00002e69      0x139 /usr/local/ps2dev/ps2sdk/ee/lib/libkernel.a(_rpc_get_packet.o)
 .debug_abbrev  0x00002fa2      0x254 /usr/local/ps2dev/ps2sdk/ee/lib/libkernel.a(sceSifCallRpc.o)
 .debug_abbrev  0x000031f6       0x65 /usr/local/ps2dev/ps2sdk/ee/lib/libkernel.a(_ps2sdk_deinit_timer.o)
 .debug_abbrev  0x0000325b       0x21 /usr/local/ps2dev/ps2sdk/ee/lib/libkernel.a(sceSifSetDma.o)
 .debug_abbrev  0x0000327c       0x21 /usr/local/ps2dev/ps2sdk/ee/lib/libkernel.a(isceSifSetDma.o)
 .debug_abbrev  0x0000329d       0x21 /usr/local/ps2dev/ps2sdk/ee/lib/libkernel.a(isceSifSetDChain.o)
 .debug_abbrev  0x000032be       0x21 /usr/local/ps2dev/ps2sdk/ee/lib/libkernel.a(sceSifWriteBackDCache.o)

.debug_loclists
                0x00000000       0x17
 .debug_loclists
                0x00000000       0x17 /tmp/cc5YOpXI.ltrans0.ltrans.o

.debug_aranges  0x00000000      0x970
 .debug_aranges
                0x00000000       0x20 /tmp/cc5YOpXI.ltrans0.ltrans.o
 .debug_aranges
                0x00000020       0x20 /usr/local/ps2dev/ee/mips64r5900el-ps2-elf/lib/libc.a(libc_a-strncpy.o)
 .debug_aranges
                0x00000040       0x20 /usr/local/ps2dev/ee/mips64r5900el-ps2-elf/lib/libc.a(libc_a-strlen.o)
 .debug_aranges
                0x00000060       0x20 /usr/local/ps2dev/ee/mips64r5900el-ps2-elf/lib/libc.a(libc_a-strncat.o)
 .debug_aranges
                0x00000080       0x20 /usr/local/ps2dev/ps2sdk/ee/lib/libkernel.a(FlushCache.o)
 .debug_aranges
                0x000000a0       0x20 /usr/local/ps2dev/ps2sdk/ee/lib/libkernel.a(SifRpcMain.o)
 .debug_aranges
                0x000000c0       0x20 /usr/local/ps2dev/ps2sdk/ee/lib/libkernel.a(SifLoadFileInit.o)
 .debug_aranges
                0x000000e0       0x20 /usr/local/ps2dev/ps2sdk/ee/lib/libkernel.a(SifLoadElf.o)
 .debug_aranges
                0x00000100       0x18 /usr/local/ps2dev/ps2sdk/ee/lib/libkernel.a(__iop_control_internals.o)
 .debug_aranges
                0x00000118       0x20 /usr/local/ps2dev/ps2sdk/ee/lib/libkernel.a(DIntr.o)
 .debug_aranges
                0x00000138       0x20 /usr/local/ps2dev/ps2sdk/ee/lib/libkernel.a(EIntr.o)
 .debug_aranges
                0x00000158       0x20 /usr/local/ps2dev/ps2sdk/ee/lib/libkernel.a(_InitSys.o)
 .debug_aranges
                0x00000178       0x20 /usr/local/ps2dev/ps2sdk/ee/lib/libkernel.a(_thread_internals.o)
 .debug_aranges
                0x00000198       0x20 /usr/local/ps2dev/ps2sdk/ee/lib/libkernel.a(iWakeupThread.o)
 .debug_aranges
                0x000001b8       0x20 /usr/local/ps2dev/ps2sdk/ee/lib/libkernel.a(libosd.o)
 .debug_aranges
                0x000001d8       0x20 /usr/local/ps2dev/ps2sdk/ee/lib/libkernel.a(libosd_common.o)
 .debug_aranges
                0x000001f8       0x18 /usr/local/ps2dev/ps2sdk/ee/lib/libkernel.a(osdsrc_bin.o)
 .debug_aranges
                0x00000210       0x20 /usr/local/ps2dev/ps2sdk/ee/lib/libkernel.a(tlbfunc.o)
 .debug_aranges
                0x00000230       0x18 /usr/local/ps2dev/ps2sdk/ee/lib/libkernel.a(tlbsrc_bin.o)
 .debug_aranges
                0x00000248       0x18 /usr/local/ps2dev/ps2sdk/ee/lib/libkernel.a(srcfile_bin.o)
 .debug_aranges
                0x00000260       0x18 /usr/local/ps2dev/ps2sdk/ee/lib/libkernel.a(eenull_bin.o)
 .debug_aranges
                0x00000278       0x18 /usr/local/ps2dev/ps2sdk/ee/lib/libkernel.a(_exit_internals.o)
 .debug_aranges
                0x00000290       0x20 /usr/local/ps2dev/ps2sdk/ee/lib/libkernel.a(Exit.o)
 .debug_aranges
                0x000002b0       0x20 /usr/local/ps2dev/ps2sdk/ee/lib/libkernel.a(ExecPS2.o)
 .debug_aranges
                0x000002d0       0x20 /usr/local/ps2dev/ps2sdk/ee/lib/libkernel.a(kCopy.o)
 .debug_aranges
                0x000002f0       0x20 /usr/local/ps2dev/ps2sdk/ee/lib/libkernel.a(setup_syscalls.o)
 .debug_aranges
                0x00000310       0x20 /usr/local/ps2dev/ps2sdk/ee/lib/libkernel.a(KExit.o)
 .debug_aranges
                0x00000330       0x20 /usr/local/ps2dev/ps2sdk/ee/lib/libkernel.a(_ExecPS2.o)
 .debug_aranges
                0x00000350       0x20 /usr/local/ps2dev/ps2sdk/ee/lib/libkernel.a(CreateThread.o)
 .debug_aranges
                0x00000370       0x20 /usr/local/ps2dev/ps2sdk/ee/lib/libkernel.a(StartThread.o)
 .debug_aranges
                0x00000390       0x20 /usr/local/ps2dev/ps2sdk/ee/lib/libkernel.a(ChangeThreadPriority.o)
 .debug_aranges
                0x000003b0       0x20 /usr/local/ps2dev/ps2sdk/ee/lib/libkernel.a(RotateThreadReadyQueue.o)
 .debug_aranges
                0x000003d0       0x20 /usr/local/ps2dev/ps2sdk/ee/lib/libkernel.a(GetThreadId.o)
 .debug_aranges
                0x000003f0       0x20 /usr/local/ps2dev/ps2sdk/ee/lib/libkernel.a(_iGetThreadId.o)
 .debug_aranges
                0x00000410       0x20 /usr/local/ps2dev/ps2sdk/ee/lib/libkernel.a(WakeupThread.o)
 .debug_aranges
                0x00000430       0x20 /usr/local/ps2dev/ps2sdk/ee/lib/libkernel.a(_iWakeupThread.o)
 .debug_aranges
                0x00000450       0x20 /usr/local/ps2dev/ps2sdk/ee/lib/libkernel.a(SuspendThread.o)
 .debug_aranges
                0x00000470       0x20 /usr/local/ps2dev/ps2sdk/ee/lib/libkernel.a(CreateSema.o)
 .debug_aranges
                0x00000490       0x20 /usr/local/ps2dev/ps2sdk/ee/lib/libkernel.a(DeleteSema.o)
 .debug_aranges
                0x000004b0       0x20 /usr/local/ps2dev/ps2sdk/ee/lib/libkernel.a(iSignalSema.o)
 .debug_aranges
                0x000004d0       0x20 /usr/local/ps2dev/ps2sdk/ee/lib/libkernel.a(WaitSema.o)
 .debug_aranges
                0x000004f0       0x20 /usr/local/ps2dev/ps2sdk/ee/lib/libkernel.a(SetOsdConfigParam.o)
 .debug_aranges
                0x00000510       0x20 /usr/local/ps2dev/ps2sdk/ee/lib/libkernel.a(GetOsdConfigParam.o)
 .debug_aranges
                0x00000530       0x20 /usr/local/ps2dev/ps2sdk/ee/lib/libkernel.a(_SetTLBEntry.o)
 .debug_aranges
                0x00000550       0x20 /usr/local/ps2dev/ps2sdk/ee/lib/libkernel.a(sceSifSetReg.o)
 .debug_aranges
                0x00000570       0x20 /usr/local/ps2dev/ps2sdk/ee/lib/libkernel.a(sceSifGetReg.o)
 .debug_aranges
                0x00000590       0x20 /usr/local/ps2dev/ps2sdk/ee/lib/libkernel.a(GetMemorySize.o)
 .debug_aranges
                0x000005b0       0x20 /usr/local/ps2dev/ps2sdk/ee/lib/libkernel.a(_InitTLB.o)
 .debug_aranges
                0x000005d0       0x20 /usr/local/ps2dev/ps2sdk/ee/lib/libkernel.a(sceSifSendCmd.o)
 .debug_aranges
                0x000005f0       0x20 /usr/local/ps2dev/ps2sdk/ee/lib/libkernel.a(isceSifSendCmd.o)
 .debug_aranges
                0x00000610       0x20 /usr/local/ps2dev/ps2sdk/ee/lib/libkernel.a(sif_cmd_main.o)
 .debug_aranges
                0x00000630       0x20 /usr/local/ps2dev/ps2sdk/ee/lib/libkernel.a(sceSifAddCmdHandler.o)
 .debug_aranges
                0x00000650       0x20 /usr/local/ps2dev/ps2sdk/ee/lib/libkernel.a(sceSifGetSreg.o)
 .debug_aranges
                0x00000670       0x20 /usr/local/ps2dev/ps2sdk/ee/lib/libkernel.a(_rpc_get_fpacket.o)
 .debug_aranges
                0x00000690       0x20 /usr/local/ps2dev/ps2sdk/ee/lib/libkernel.a(sceSifBindRpc.o)
 .debug_aranges
                0x000006b0       0x20 /usr/local/ps2dev/ps2sdk/ee/lib/libkernel.a(_SifLoadElfPart.o)
 .debug_aranges
                0x000006d0       0x20 /usr/local/ps2dev/ps2sdk/ee/lib/libkernel.a(EnableDmac.o)
 .debug_aranges
                0x000006f0       0x20 /usr/local/ps2dev/ps2sdk/ee/lib/libkernel.a(DisableDmac.o)
 .debug_aranges
                0x00000710       0x20 /usr/local/ps2dev/ps2sdk/ee/lib/libkernel.a(_ps2sdk_init_timer.o)
 .debug_aranges
                0x00000730       0x20 /usr/local/ps2dev/ps2sdk/ee/lib/libkernel.a(TerminateLibrary.o)
 .debug_aranges
                0x00000750       0x20 /usr/local/ps2dev/ps2sdk/ee/lib/libkernel.a(SetArg.o)
 .debug_aranges
                0x00000770       0x20 /usr/local/ps2dev/ps2sdk/ee/lib/libkernel.a(kCopyBytes.o)
 .debug_aranges
                0x00000790       0x20 /usr/local/ps2dev/ps2sdk/ee/lib/libkernel.a(AddDmacHandler.o)
 .debug_aranges
                0x000007b0       0x20 /usr/local/ps2dev/ps2sdk/ee/lib/libkernel.a(RemoveDmacHandler.o)
 .debug_aranges
                0x000007d0       0x20 /usr/local/ps2dev/ps2sdk/ee/lib/libkernel.a(_EnableDmac.o)
 .debug_aranges
                0x000007f0       0x20 /usr/local/ps2dev/ps2sdk/ee/lib/libkernel.a(_DisableDmac.o)
 .debug_aranges
                0x00000810       0x20 /usr/local/ps2dev/ps2sdk/ee/lib/libkernel.a(sceSifSetDChain.o)
 .debug_aranges
                0x00000830       0x20 /usr/local/ps2dev/ps2sdk/ee/lib/libkernel.a(memset.o)
 .debug_aranges
                0x00000850       0x20 /usr/local/ps2dev/ps2sdk/ee/lib/libkernel.a(_SifSendCmd.o)
 .debug_aranges
                0x00000870       0x20 /usr/local/ps2dev/ps2sdk/ee/lib/libkernel.a(_SifCmdIntHandler.o)
 .debug_aranges
                0x00000890       0x20 /usr/local/ps2dev/ps2sdk/ee/lib/libkernel.a(_rpc_get_packet.o)
 .debug_aranges
                0x000008b0       0x20 /usr/local/ps2dev/ps2sdk/ee/lib/libkernel.a(sceSifCallRpc.o)
 .debug_aranges
                0x000008d0       0x20 /usr/local/ps2dev/ps2sdk/ee/lib/libkernel.a(_ps2sdk_deinit_timer.o)
 .debug_aranges
                0x000008f0       0x20 /usr/local/ps2dev/ps2sdk/ee/lib/libkernel.a(sceSifSetDma.o)
 .debug_aranges
                0x00000910       0x20 /usr/local/ps2dev/ps2sdk/ee/lib/libkernel.a(isceSifSetDma.o)
 .debug_aranges
                0x00000930       0x20 /usr/local/ps2dev/ps2sdk/ee/lib/libkernel.a(isceSifSetDChain.o)
 .debug_aranges
                0x00000950       0x20 /usr/local/ps2dev/ps2sdk/ee/lib/libkernel.a(sceSifWriteBackDCache.o)

.debug_rnglists
                0x00000000       0x17
 .debug_rnglists
                0x00000000       0x17 /tmp/cc5YOpXI.ltrans0.ltrans.o

.debug_line     0x00000000     0x374b
 .debug_line    0x00000000       0xf4 /tmp/cc5YOpXI.ltrans0.ltrans.o
 .debug_line    0x000000f4       0x7d /tmp/ccU0iagd.debug.temp.o
 .debug_line    0x00000171      0x1d4 /usr/local/ps2dev/ee/mips64r5900el-ps2-elf/lib/libc.a(libc_a-strncpy.o)
 .debug_line    0x00000345      0x17c /usr/local/ps2dev/ee/mips64r5900el-ps2-elf/lib/libc.a(libc_a-strlen.o)
 .debug_line    0x000004c1      0x1d2 /usr/local/ps2dev/ee/mips64r5900el-ps2-elf/lib/libc.a(libc_a-strncat.o)
 .debug_line    0x00000693       0x3a /usr/local/ps2dev/ps2sdk/ee/lib/libkernel.a(FlushCache.o)
 .debug_line    0x000006cd      0x4a1 /usr/local/ps2dev/ps2sdk/ee/lib/libkernel.a(SifRpcMain.o)
 .debug_line    0x00000b6e      0x1c5 /usr/local/ps2dev/ps2sdk/ee/lib/libkernel.a(SifLoadFileInit.o)
 .debug_line    0x00000d33       0xbb /usr/local/ps2dev/ps2sdk/ee/lib/libkernel.a(SifLoadElf.o)
 .debug_line    0x00000dee       0x31 /usr/local/ps2dev/ps2sdk/ee/lib/libkernel.a(__iop_control_internals.o)
 .debug_line    0x00000e1f       0x71 /usr/local/ps2dev/ps2sdk/ee/lib/libkernel.a(DIntr.o)
 .debug_line    0x00000e90       0x4a /usr/local/ps2dev/ps2sdk/ee/lib/libkernel.a(EIntr.o)
 .debug_line    0x00000eda       0x75 /usr/local/ps2dev/ps2sdk/ee/lib/libkernel.a(_InitSys.o)
 .debug_line    0x00000f4f      0x1eb /usr/local/ps2dev/ps2sdk/ee/lib/libkernel.a(_thread_internals.o)
 .debug_line    0x0000113a      0x10f /usr/local/ps2dev/ps2sdk/ee/lib/libkernel.a(iWakeupThread.o)
 .debug_line    0x00001249       0xd5 /usr/local/ps2dev/ps2sdk/ee/lib/libkernel.a(libosd.o)
 .debug_line    0x0000131e       0xd9 /usr/local/ps2dev/ps2sdk/ee/lib/libkernel.a(libosd_common.o)
 .debug_line    0x000013f7       0x31 /usr/local/ps2dev/ps2sdk/ee/lib/libkernel.a(osdsrc_bin.o)
 .debug_line    0x00001428      0x283 /usr/local/ps2dev/ps2sdk/ee/lib/libkernel.a(tlbfunc.o)
 .debug_line    0x000016ab       0x31 /usr/local/ps2dev/ps2sdk/ee/lib/libkernel.a(tlbsrc_bin.o)
 .debug_line    0x000016dc       0x32 /usr/local/ps2dev/ps2sdk/ee/lib/libkernel.a(srcfile_bin.o)
 .debug_line    0x0000170e       0x31 /usr/local/ps2dev/ps2sdk/ee/lib/libkernel.a(eenull_bin.o)
 .debug_line    0x0000173f       0x2b /usr/local/ps2dev/ps2sdk/ee/lib/libkernel.a(_exit_internals.o)
 .debug_line    0x0000176a       0x9b /usr/local/ps2dev/ps2sdk/ee/lib/libkernel.a(Exit.o)
 .debug_line    0x00001805       0xc9 /usr/local/ps2dev/ps2sdk/ee/lib/libkernel.a(ExecPS2.o)
 .debug_line    0x000018ce       0xc4 /usr/local/ps2dev/ps2sdk/ee/lib/libkernel.a(kCopy.o)
 .debug_line    0x00001992       0x4c /usr/local/ps2dev/ps2sdk/ee/lib/libkernel.a(setup_syscalls.o)
 .debug_line    0x000019de       0x3a /usr/local/ps2dev/ps2sdk/ee/lib/libkernel.a(KExit.o)
 .debug_line    0x00001a18       0x3a /usr/local/ps2dev/ps2sdk/ee/lib/libkernel.a(_ExecPS2.o)
 .debug_line    0x00001a52       0x3a /usr/local/ps2dev/ps2sdk/ee/lib/libkernel.a(CreateThread.o)
 .debug_line    0x00001a8c       0x3a /usr/local/ps2dev/ps2sdk/ee/lib/libkernel.a(StartThread.o)
 .debug_line    0x00001ac6       0x3a /usr/local/ps2dev/ps2sdk/ee/lib/libkernel.a(ChangeThreadPriority.o)
 .debug_line    0x00001b00       0x3a /usr/local/ps2dev/ps2sdk/ee/lib/libkernel.a(RotateThreadReadyQueue.o)
 .debug_line    0x00001b3a       0x3a /usr/local/ps2dev/ps2sdk/ee/lib/libkernel.a(GetThreadId.o)
 .debug_line    0x00001b74       0x3a /usr/local/ps2dev/ps2sdk/ee/lib/libkernel.a(_iGetThreadId.o)
 .debug_line    0x00001bae       0x3a /usr/local/ps2dev/ps2sdk/ee/lib/libkernel.a(WakeupThread.o)
 .debug_line    0x00001be8       0x3a /usr/local/ps2dev/ps2sdk/ee/lib/libkernel.a(_iWakeupThread.o)
 .debug_line    0x00001c22       0x3a /usr/local/ps2dev/ps2sdk/ee/lib/libkernel.a(SuspendThread.o)
 .debug_line    0x00001c5c       0x3a /usr/local/ps2dev/ps2sdk/ee/lib/libkernel.a(CreateSema.o)
 .debug_line    0x00001c96       0x3a /usr/local/ps2dev/ps2sdk/ee/lib/libkernel.a(DeleteSema.o)
 .debug_line    0x00001cd0       0x3a /usr/local/ps2dev/ps2sdk/ee/lib/libkernel.a(iSignalSema.o)
 .debug_line    0x00001d0a       0x3a /usr/local/ps2dev/ps2sdk/ee/lib/libkernel.a(WaitSema.o)
 .debug_line    0x00001d44       0x3a /usr/local/ps2dev/ps2sdk/ee/lib/libkernel.a(SetOsdConfigParam.o)
 .debug_line    0x00001d7e       0x3a /usr/local/ps2dev/ps2sdk/ee/lib/libkernel.a(GetOsdConfigParam.o)
 .debug_line    0x00001db8       0x3a /usr/local/ps2dev/ps2sdk/ee/lib/libkernel.a(_SetTLBEntry.o)
 .debug_line    0x00001df2       0x3a /usr/local/ps2dev/ps2sdk/ee/lib/libkernel.a(sceSifSetReg.o)
 .debug_line    0x00001e2c       0x3a /usr/local/ps2dev/ps2sdk/ee/lib/libkernel.a(sceSifGetReg.o)
 .debug_line    0x00001e66       0x3a /usr/local/ps2dev/ps2sdk/ee/lib/libkernel.a(GetMemorySize.o)
 .debug_line    0x00001ea0       0x3a /usr/local/ps2dev/ps2sdk/ee/lib/libkernel.a(_InitTLB.o)
 .debug_line    0x00001eda       0x4c /usr/local/ps2dev/ps2sdk/ee/lib/libkernel.a(sceSifSendCmd.o)
 .debug_line    0x00001f26       0x4c /usr/local/ps2dev/ps2sdk/ee/lib/libkernel.a(isceSifSendCmd.o)
 .debug_line    0x00001f72      0x32e /usr/local/ps2dev/ps2sdk/ee/lib/libkernel.a(sif_cmd_main.o)
 .debug_line    0x000022a0       0xc4 /usr/local/ps2dev/ps2sdk/ee/lib/libkernel.a(sceSifAddCmdHandler.o)
 .debug_line    0x00002364       0x9a /usr/local/ps2dev/ps2sdk/ee/lib/libkernel.a(sceSifGetSreg.o)
 .debug_line    0x000023fe       0xa0 /usr/local/ps2dev/ps2sdk/ee/lib/libkernel.a(_rpc_get_fpacket.o)
 .debug_line    0x0000249e      0x241 /usr/local/ps2dev/ps2sdk/ee/lib/libkernel.a(sceSifBindRpc.o)
 .debug_line    0x000026df      0x173 /usr/local/ps2dev/ps2sdk/ee/lib/libkernel.a(_SifLoadElfPart.o)
 .debug_line    0x00002852       0xde /usr/local/ps2dev/ps2sdk/ee/lib/libkernel.a(EnableDmac.o)
 .debug_line    0x00002930       0xde /usr/local/ps2dev/ps2sdk/ee/lib/libkernel.a(DisableDmac.o)
 .debug_line    0x00002a0e       0x4d /usr/local/ps2dev/ps2sdk/ee/lib/libkernel.a(_ps2sdk_init_timer.o)
 .debug_line    0x00002a5b       0x70 /usr/local/ps2dev/ps2sdk/ee/lib/libkernel.a(TerminateLibrary.o)
 .debug_line    0x00002acb      0x1ba /usr/local/ps2dev/ps2sdk/ee/lib/libkernel.a(SetArg.o)
 .debug_line    0x00002c85       0xb9 /usr/local/ps2dev/ps2sdk/ee/lib/libkernel.a(kCopyBytes.o)
 .debug_line    0x00002d3e       0x3a /usr/local/ps2dev/ps2sdk/ee/lib/libkernel.a(AddDmacHandler.o)
 .debug_line    0x00002d78       0x3a /usr/local/ps2dev/ps2sdk/ee/lib/libkernel.a(RemoveDmacHandler.o)
 .debug_line    0x00002db2       0x3a /usr/local/ps2dev/ps2sdk/ee/lib/libkernel.a(_EnableDmac.o)
 .debug_line    0x00002dec       0x3a /usr/local/ps2dev/ps2sdk/ee/lib/libkernel.a(_DisableDmac.o)
 .debug_line    0x00002e26       0x3a /usr/local/ps2dev/ps2sdk/ee/lib/libkernel.a(sceSifSetDChain.o)
 .debug_line    0x00002e60       0x6a /usr/local/ps2dev/ps2sdk/ee/lib/libkernel.a(memset.o)
 .debug_line    0x00002eca      0x1a1 /usr/local/ps2dev/ps2sdk/ee/lib/libkernel.a(_SifSendCmd.o)
 .debug_line    0x0000306b      0x15b /usr/local/ps2dev/ps2sdk/ee/lib/libkernel.a(_SifCmdIntHandler.o)
 .debug_line    0x000031c6      0x181 /usr/local/ps2dev/ps2sdk/ee/lib/libkernel.a(_rpc_get_packet.o)
 .debug_line    0x00003347      0x2a5 /usr/local/ps2dev/ps2sdk/ee/lib/libkernel.a(sceSifCallRpc.o)
 .debug_line    0x000035ec       0x4d /usr/local/ps2dev/ps2sdk/ee/lib/libkernel.a(_ps2sdk_deinit_timer.o)
 .debug_line    0x00003639       0x3a /usr/local/ps2dev/ps2sdk/ee/lib/libkernel.a(sceSifSetDma.o)
 .debug_line    0x00003673       0x3a /usr/local/ps2dev/ps2sdk/ee/lib/libkernel.a(isceSifSetDma.o)
 .debug_line    0x000036ad       0x3a /usr/local/ps2dev/ps2sdk/ee/lib/libkernel.a(isceSifSetDChain.o)
 .debug_line    0x000036e7       0x64 /usr/local/ps2dev/ps2sdk/ee/lib/libkernel.a(sceSifWriteBackDCache.o)

.debug_str      0x00000000     0x14b7
 .debug_str     0x00000000        0x0 /tmp/cc5YOpXI.ltrans0.ltrans.o
                                 0xf9 (size before relaxing)
 .debug_str     0x00000000        0x0 /tmp/ccU0iagd.debug.temp.o
                                0x1ed (size before relaxing)
 .debug_str     0x00000000     0x14b7 /usr/local/ps2dev/ee/mips64r5900el-ps2-elf/lib/libc.a(libc_a-strncpy.o)
                                0x1ec (size before relaxing)
 .debug_str     0x000014b7        0x0 /usr/local/ps2dev/ee/mips64r5900el-ps2-elf/lib/libc.a(libc_a-strlen.o)
                                0x1d5 (size before relaxing)
 .debug_str     0x000014b7        0x0 /usr/local/ps2dev/ee/mips64r5900el-ps2-elf/lib/libc.a(libc_a-strncat.o)
                                0x1cf (size before relaxing)
 .debug_str     0x000014b7        0x0 /usr/local/ps2dev/ps2sdk/ee/lib/libkernel.a(FlushCache.o)
                                 0x50 (size before relaxing)
 .debug_str     0x000014b7        0x0 /usr/local/ps2dev/ps2sdk/ee/lib/libkernel.a(SifRpcMain.o)
                                0x620 (size before relaxing)
 .debug_str     0x000014b7        0x0 /usr/local/ps2dev/ps2sdk/ee/lib/libkernel.a(SifLoadFileInit.o)
                                0x464 (size before relaxing)
 .debug_str     0x000014b7        0x0 /usr/local/ps2dev/ps2sdk/ee/lib/libkernel.a(SifLoadElf.o)
                                0x26e (size before relaxing)
 .debug_str     0x000014b7        0x0 /usr/local/ps2dev/ps2sdk/ee/lib/libkernel.a(__iop_control_internals.o)
                                0x168 (size before relaxing)
 .debug_str     0x000014b7        0x0 /usr/local/ps2dev/ps2sdk/ee/lib/libkernel.a(DIntr.o)
                                0x136 (size before relaxing)
 .debug_str     0x000014b7        0x0 /usr/local/ps2dev/ps2sdk/ee/lib/libkernel.a(EIntr.o)
                                0x136 (size before relaxing)
 .debug_str     0x000014b7        0x0 /usr/local/ps2dev/ps2sdk/ee/lib/libkernel.a(_InitSys.o)
                                0x1a1 (size before relaxing)
 .debug_str     0x000014b7        0x0 /usr/local/ps2dev/ps2sdk/ee/lib/libkernel.a(_thread_internals.o)
                                0x2fc (size before relaxing)
 .debug_str     0x000014b7        0x0 /usr/local/ps2dev/ps2sdk/ee/lib/libkernel.a(iWakeupThread.o)
                                0x1eb (size before relaxing)
 .debug_str     0x000014b7        0x0 /usr/local/ps2dev/ps2sdk/ee/lib/libkernel.a(libosd.o)
                                0x1c5 (size before relaxing)
 .debug_str     0x000014b7        0x0 /usr/local/ps2dev/ps2sdk/ee/lib/libkernel.a(libosd_common.o)