Archive member included to satisfy reference by file (symbol)

/usr/local/ps2dev/gsKit/lib/libgskit.a(gsCore.c.obj)
                              gfx.o (gsKit_vram_alloc)
/usr/local/ps2dev/gsKit/lib/libgskit.a(gsCore.c.obj)
                              gfx.o (gsKit_sync_flip)
/usr/local/ps2dev/gsKit/lib/libgskit.a(gsCore.c.obj)
                              gsCore.c.obj (symbol from plugin) (gsKit_setactive)
/usr/local/ps2dev/gsKit/lib/libgskit.a(gsCore.c.obj)
                              gfx.o (gsKit_lock_buffer)
/usr/local/ps2dev/gsKit/lib/libgskit.a(gsCore.c.obj)
                              gfx.o (gsKit_unlock_buffer)
/usr/local/ps2dev/gsKit/lib/libgskit.a(gsCore.c.obj)
                              gsCore.c.obj (symbol from plugin) (gsKit_vsync_wait)
/usr/local/ps2dev/gsKit/lib/libgskit.a(gsCore.c.obj)
                              gfx.o (gsKit_set_test)
/usr/local/ps2dev/gsKit/lib/libgskit.a(gsCore.c.obj)
                              gfx.o (gsKit_queue_reset)
/usr/local/ps2dev/gsKit/lib/libgskit.a(gsCore.c.obj)
                              gfx.o (gsKit_queue_exec)
/usr/local/ps2dev/gsKit/lib/libgskit.a(gsCore.c.obj)
                              gfx.o (gsKit_mode_switch)
/usr/local/ps2dev/gsKit/lib/libgskit.a(gsInit.c.obj)
                              gfx.o (gsKit_init_screen)
/usr/local/ps2dev/gsKit/lib/libgskit.a(gsInit.c.obj)
                              gfx.o (gsKit_init_global_custom)
/usr/local/ps2dev/gsKit/lib/libgskit.a(gsMisc.c.obj)
                              gfx.o (gsKit_setup_tbw)
/usr/local/ps2dev/gsKit/lib/libgskit.a(gsTexManager.c.obj)
                              gsCore.c.obj (symbol from plugin) (gsKit_TexManager_init)
/usr/local/ps2dev/gsKit/lib/libgskit.a(gsTexture.c.obj)
                              gfx.o (gsKit_texture_size_ee)
/usr/local/ps2dev/gsKit/lib/libgskit.a(gsTexture.c.obj)
                              gsInit.c.obj (symbol from plugin) (gsKit_texture_size)
/usr/local/ps2dev/gsKit/lib/libgskit.a(gsTexture.c.obj)
                              gfx.o (gsKit_texture_send)
/usr/local/ps2dev/gsKit/lib/libgskit.a(gsTexture.c.obj)
                              gfx.o (gsKit_prim_sprite_texture_3d)
/usr/local/ps2dev/gsKit/lib/libgskit.a(gsCore.c.obj)
                              gsInit.c.obj (symbol from plugin) (gsKit_clear)
/usr/local/ps2dev/gsKit/lib/libgskit.a(gsCore.c.obj)
                              gsTexture.c.obj (symbol from plugin) (gsKit_set_texfilter)
/usr/local/ps2dev/gsKit/lib/libgskit.a(gsCore.c.obj)
                              gsCore.c.obj (symbol from plugin) (gsKit_queue_exec_real)
/usr/local/ps2dev/gsKit/lib/libgskit.a(gsCore.c.obj)
                              gsInit.c.obj (symbol from plugin) (gsKit_alloc_ucab)
/usr/local/ps2dev/gsKit/lib/libgskit.a(gsCore.c.obj)
                              gsInit.c.obj (symbol from plugin) (gsKit_queue_init)
/usr/local/ps2dev/gsKit/lib/libgskit.a(gsCore.c.obj)
                              gsCore.c.obj (symbol from plugin) (gsKit_queue_set)
/usr/local/ps2dev/gsKit/lib/libgskit.a(gsInit.c.obj)
                              gsInit.c.obj (symbol from plugin) (__modelSupportsGetGsDxDyOffset)
/usr/local/ps2dev/gsKit/lib/libgskit.a(gsInit.c.obj)
                              gsInit.c.obj (symbol from plugin) (gsKit_check_rom)
/usr/local/ps2dev/gsKit/lib/libgskit.a(gsPrimitive.c.obj)
                              gsCore.c.obj (symbol from plugin) (gsKit_prim_list_sprite_flat)
/usr/local/ps2dev/gsKit/lib/libgskit.a(gsTexManager.c.obj)
                              gsTexManager.c.obj (symbol from plugin) (__head)
/usr/local/ps2dev/gsKit/lib/libgskit.a(gsCore.c.obj)
                              gsCore.c.obj (symbol from plugin) (gsKit_finish)
/usr/local/ps2dev/gsKit/lib/libgskit.a(gsCore.c.obj)
                              gsCore.c.obj (symbol from plugin) (gsKit_set_finish)
/usr/local/ps2dev/ps2sdk/ee/lib/libkernel.a(SetGsCrt.o)
                              gsInit.c.obj (symbol from plugin) (SetGsCrt)
/usr/local/ps2dev/ps2sdk/ee/lib/libkernel.a(SetupHeap.o)
                              /usr/local/ps2dev/ee/bin/../lib/gcc/mips64r5900el-ps2-elf/15.2.0/../../../../mips64r5900el-ps2-elf/lib/crt0.o (symbol from plugin) (SetupHeap)
/usr/local/ps2dev/ps2sdk/ee/lib/libkernel.a(FlushCache.o)
                              /usr/local/ps2dev/ee/bin/../lib/gcc/mips64r5900el-ps2-elf/15.2.0/../../../../mips64r5900el-ps2-elf/lib/crt0.o (symbol from plugin) (FlushCache)
/usr/local/ps2dev/ps2sdk/ee/lib/libkernel.a(GsPutIMR.o)
                              gsInit.c.obj (symbol from plugin) (GsPutIMR)
/usr/local/ps2dev/ps2sdk/ee/lib/libkernel.a(_GetGsDxDyOffset.o)
                              gsInit.c.obj (symbol from plugin) (_GetGsDxDyOffset)
/usr/local/ps2dev/ps2sdk/ee/lib/libkernel.a(strncpy.o)
                              utils.o (strncpy)
/usr/local/ps2dev/ps2sdk/ee/lib/libkernel.a(strlen.o)
                              utils.o (strlen)
/usr/local/ps2dev/ps2sdk/ee/lib/libkernel.a(GetRomNameWithIODriver.o)
[...]
Memory Configuration

Name             Origin             Length             Attributes
*default*        0x00000000         0xffffffff

Linker script and memory map

LOAD /usr/local/ps2dev/ee/bin/../lib/gcc/mips64r5900el-ps2-elf/15.2.0/../../../../mips64r5900el-ps2-elf/lib/crt0.o
LOAD /tmp/cc32mV0O.ltrans0.ltrans.o
LOAD /tmp/ccE0kEvX.debug.temp.o
LOAD /tmp/cc2rMSx7.debug.temp.o
LOAD /tmp/ccSZ4LYl.debug.temp.o
LOAD /tmp/ccj0CXmy.debug.temp.o
LOAD /tmp/ccPvznnn.debug.temp.o
LOAD /tmp/cc9c7Aao.debug.temp.o
LOAD /tmp/ccfG1cj6.debug.temp.o
LOAD /tmp/ccWxWiKb.debug.temp.o
LOAD /tmp/ccwcDZFP.debug.temp.o
LOAD /tmp/ccssFlhb.debug.temp.o
LOAD /tmp/cckUnGHA.debug.temp.o
LOAD /tmp/cczjDS4M.debug.temp.o
LOAD /tmp/cc3QLlEK.debug.temp.o
LOAD /tmp/cctq0lAe.debug.temp.o
LOAD /tmp/cc12I4NY.debug.temp.o
LOAD /tmp/cc23eSG3.debug.temp.o
LOAD /tmp/ccknz14n.debug.temp.o
LOAD /tmp/ccATZud7.debug.temp.o
LOAD /tmp/ccK7Dj1v.debug.temp.o
LOAD /tmp/ccTxRzdf.debug.temp.o
LOAD /tmp/ccJjligQ.debug.temp.o
LOAD /tmp/cc7tet1Z.debug.temp.o
LOAD /tmp/ccN30lxY.debug.temp.o
LOAD /tmp/ccHUpzM4.debug.temp.o
LOAD /tmp/ccAkoDHD.debug.temp.o
LOAD /tmp/ccSXCizr.debug.temp.o
LOAD /tmp/cckGR905.debug.temp.o
LOAD /tmp/cc4L1gtF.debug.temp.o
LOAD /tmp/ccr5PtGm.debug.temp.o
LOAD /tmp/ccPG00Xz.debug.temp.o
LOAD /tmp/ccbNTR1y.debug.temp.o
LOAD /tmp/cc5QM9Cw.debug.temp.o
LOAD /tmp/ccPHIvu7.debug.temp.o
LOAD /tmp/ccAvgaJh.debug.temp.o
LOAD /tmp/ccEXzBE5.debug.temp.o
LOAD /tmp/cccmo8VD.debug.temp.o
LOAD /tmp/ccoQf6gd.debug.temp.o
LOAD /tmp/cc3jiiDZ.debug.temp.o
LOAD /tmp/ccx4Oxfk.debug.temp.o
LOAD /tmp/ccT9ckDX.debug.temp.o
LOAD /tmp/ccFNFX6y.debug.temp.o
LOAD /tmp/cc6K1BL2.debug.temp.o
LOAD /tmp/ccqALlb4.debug.temp.o
LOAD /tmp/ccoUiMPe.debug.temp.o
LOAD /tmp/ccWSBs2T.debug.temp.o
LOAD /tmp/cceQsx5M.debug.temp.o
LOAD /tmp/ccp7Ejpj.debug.temp.o
LOAD /tmp/ccVsKd2X.debug.temp.o
LOAD /tmp/ccTqVDFe.debug.temp.o
LOAD /tmp/cch4BW4T.debug.temp.o
LOAD /tmp/ccZS6j7K.debug.temp.o
LOAD /tmp/ccKN8tP9.debug.temp.o
LOAD /tmp/ccqHNQL5.debug.temp.o
LOAD /tmp/ccODg7R7.debug.temp.o
LOAD /tmp/ccAZTT4g.debug.temp.o
LOAD /tmp/ccfovd7j.debug.temp.o
LOAD /tmp/cc95Gdij.debug.temp.o
LOAD /usr/local/ps2dev/ee/bin/../lib/gcc/mips64r5900el-ps2-elf/15.2.0/crti.o
LOAD /usr/local/ps2dev/ee/bin/../lib/gcc/mips64r5900el-ps2-elf/15.2.0/crtbegin.o
LOAD main.o
LOAD gfx.o
LOAD utils.o
                0x01eff000                        _stack = 0x1eff000
LOAD /usr/local/ps2dev/gsKit/lib/libgskit_toolkit.a
LOAD /usr/local/ps2dev/gsKit/lib/libgskit.a
LOAD /usr/local/ps2dev/ps2sdk/ee/lib/libpatches.a
LOAD /usr/local/ps2dev/ps2sdk/ee/lib/libkernel.a
LOAD /usr/local/ps2dev/ps2sdk/ports/lib/libpng.a
LOAD /usr/local/ps2dev/ps2sdk/ports/lib/libz.a
LOAD /usr/local/ps2dev/gsKit/lib/libdmakit.a
LOAD /usr/local/ps2dev/ps2sdk/ee/lib/libaudsrv.a
LOAD /usr/local/ps2dev/ps2sdk/ee/lib/libpad.a
LOAD /usr/local/ps2dev/ps2sdk/ee/lib/libmpeg.a
LOAD /usr/local/ps2dev/ps2sdk/ee/lib/libdraw.a
LOAD /usr/local/ps2dev/ps2sdk/ee/lib/libgraph.a
LOAD /usr/local/ps2dev/ps2sdk/ee/lib/libpacket.a
LOAD /usr/local/ps2dev/ps2sdk/ee/lib/libdma.a
LOAD /usr/local/ps2dev/ee/bin/../lib/gcc/mips64r5900el-ps2-elf/15.2.0/libgcc.a
LOAD /usr/local/ps2dev/ee/bin/../lib/gcc/mips64r5900el-ps2-elf/15.2.0/../../../../mips64r5900el-ps2-elf/lib/libm.a
START GROUP
LOAD /usr/local/ps2dev/ee/bin/../lib/gcc/mips64r5900el-ps2-elf/15.2.0/../../../../mips64r5900el-ps2-elf/lib/libc.a
LOAD /usr/local/ps2dev/ps2sdk/ee/lib/libcdvd.a
LOAD /usr/local/ps2dev/ee/bin/../lib/gcc/mips64r5900el-ps2-elf/15.2.0/../../../../mips64r5900el-ps2-elf/lib/libpthread.a
LOAD /usr/local/ps2dev/ps2sdk/ee/lib/libpthreadglue.a
LOAD /usr/local/ps2dev/ps2sdk/ee/lib/libcglue.a
LOAD /usr/local/ps2dev/ps2sdk/ee/lib/libkernel.a
END GROUP
LOAD /usr/local/ps2dev/ee/bin/../lib/gcc/mips64r5900el-ps2-elf/15.2.0/libgcc.a
LOAD /usr/local/ps2dev/ee/bin/../lib/gcc/mips64r5900el-ps2-elf/15.2.0/crtend.o
LOAD /usr/local/ps2dev/ee/bin/../lib/gcc/mips64r5900el-ps2-elf/15.2.0/crtn.o

.text           0x00100000    0x257a8
                0x00100000                        _ftext = .
 *(.text)
 .text          0x00100000     0x37e8 /tmp/cc32mV0O.ltrans0.ltrans.o
                0x001010f8                __start
                0x00101178                _exit
                0x001011b0                gsKit_vram_alloc
                0x00101308                gsKit_sync_flip
                0x001014e0                gsKit_lock_buffer
                0x001014f0                gsKit_unlock_buffer
                0x001014f8                gsKit_set_test
                0x00101710                gsKit_queue_reset
                0x00101758                gsKit_queue_exec
                0x00101860                gsKit_mode_switch
                0x00101878                gsKit_init_screen
                0x00102640                gsKit_init_global_custom
                0x00102990                gsKit_setup_tbw
                0x001029f8                gsKit_texture_size_ee
                0x00102a88                gsKit_texture_send
                0x00102df0                gsKit_prim_sprite_texture_3d
                0x00103290                InitAlarm
                0x00103368                dmaKit_init
                0x001033d0                dmaKit_chan_init
                0x001034e8                pthread_init
                0x00103700                pthread_terminate
 .text          0x001037e8        0x0 /usr/local/ps2dev/ee/bin/../lib/gcc/mips64r5900el-ps2-elf/15.2.0/crti.o
 .text          0x001037e8      0x198 /usr/local/ps2dev/ee/bin/../lib/gcc/mips64r5900el-ps2-elf/15.2.0/crtbegin.o
 .text          0x00103980        0x0 main.o
 .text          0x00103980      0x540 gfx.o
                0x00103980                gfx_init
                0x00103c78                INTERNAL_juggle_palettes
                0x00103c80                gfx_load_level
                0x00103dc8                gfx_update
 .text          0x00103ec0       0xa8 utils.o
                0x00103ec0                FuckAroundSilentlyMs
                0x00103ef0                path_portableinator
                0x00103f58                read_count
 *fill*         0x00103f68        0x8 
 .text          0x00103f70       0x10 /usr/local/ps2dev/ps2sdk/ee/lib/libkernel.a(SetGsCrt.o)
                0x00103f70                SetGsCrt
 .text          0x00103f80       0x10 /usr/local/ps2dev/ps2sdk/ee/lib/libkernel.a(SetupHeap.o)
                0x00103f80                SetupHeap
 .text          0x00103f90       0x10 /usr/local/ps2dev/ps2sdk/ee/lib/libkernel.a(FlushCache.o)
                0x00103f90                FlushCache
 .text          0x00103fa0       0x10 /usr/local/ps2dev/ps2sdk/ee/lib/libkernel.a(GsPutIMR.o)
                0x00103fa0                GsPutIMR
 .text          0x00103fb0       0x10 /usr/local/ps2dev/ps2sdk/ee/lib/libkernel.a(_GetGsDxDyOffset.o)
                0x00103fb0                _GetGsDxDyOffset
 .text          0x00103fc0      0x1c0 /usr/local/ps2dev/ps2sdk/ee/lib/libkernel.a(strncpy.o)
                0x00103fc0                strncpy
 .text          0x00104180      0x138 /usr/local/ps2dev/ps2sdk/ee/lib/libkernel.a(strlen.o)
                0x00104180                strlen
 .text          0x001042b8       0x68 /usr/local/ps2dev/ps2sdk/ee/lib/libkernel.a(GetRomNameWithIODriver.o)
                0x001042b8                GetRomNameWithIODriver
 .text          0x00104320       0x50 /usr/local/ps2dev/ps2sdk/ee/lib/libkernel.a(configGetTvScreenTypeWithIODriver.o)
                0x00104320                configGetTvScreenTypeWithIODriver
 .text          0x00104370       0x40 /usr/local/ps2dev/ps2sdk/ee/lib/libkernel.a(DIntr.o)
                0x00104370                DIntr
 .text          0x001043b0       0x18 /usr/local/ps2dev/ps2sdk/ee/lib/libkernel.a(EIntr.o)
                0x001043b0                EIntr
 .text          0x001043c8       0x58 /usr/local/ps2dev/ps2sdk/ee/lib/libkernel.a(SyncDCache.o)
                0x001043c8                SyncDCache
 .text          0x00104420       0x38 /usr/local/ps2dev/ps2sdk/ee/lib/libkernel.a(_InitSys.o)
                0x00104420                _InitSys
 .text          0x00104458      0x1a0 /usr/local/ps2dev/ps2sdk/ee/lib/libkernel.a(_thread_internals.o)
                0x00104520                InitThread
 .text          0x001045f8       0x90 /usr/local/ps2dev/ps2sdk/ee/lib/libkernel.a(libosd.o)
                0x001045f8                InitExecPS2
 .text          0x00104688       0x58 /usr/local/ps2dev/ps2sdk/ee/lib/libkernel.a(libosd_common.o)
                0x00104688                PatchIsNeeded
 .text          0x001046e0        0x0 /usr/local/ps2dev/ps2sdk/ee/lib/libkernel.a(osdsrc_bin.o)
 .text          0x001046e0      0x290 /usr/local/ps2dev/ps2sdk/ee/lib/libkernel.a(tlbfunc.o)
                0x001046e0                InitTLBFunctions
                0x00104798                InitTLB
 .text          0x00104970        0x0 /usr/local/ps2dev/ps2sdk/ee/lib/libkernel.a(tlbsrc_bin.o)
 .text          0x00104970        0x0 /usr/local/ps2dev/ps2sdk/ee/lib/libkernel.a(srcfile_bin.o)
 .text          0x00104970        0x0 /usr/local/ps2dev/ps2sdk/ee/lib/libkernel.a(eenull_bin.o)
 .text          0x00104970        0x0 /usr/local/ps2dev/ps2sdk/ee/lib/libkernel.a(_exit_internals.o)
 .text          0x00104970       0x20 /usr/local/ps2dev/ps2sdk/ee/lib/libkernel.a(Exit.o)
                0x00104970                Exit
 .text          0x00104990       0x50 /usr/local/ps2dev/ps2sdk/ee/lib/libkernel.a(kCopy.o)
                0x00104990                kCopy
 .text          0x001049e0       0x3c /usr/local/ps2dev/ps2sdk/ee/lib/libkernel.a(setup_syscalls.o)
                0x001049e0                setup
                0x001049f4                Copy
                0x00104a08                GetEntryAddress
 *fill*         0x00104a1c        0x4 
 .text          0x00104a20       0x10 /usr/local/ps2dev/ps2sdk/ee/lib/libkernel.a(KExit.o)
                0x00104a20                KExit
 .text          0x00104a30       0x10 /usr/local/ps2dev/ps2sdk/ee/lib/libkernel.a(CreateThread.o)
                0x00104a30                CreateThread
 .text          0x00104a40       0x10 /usr/local/ps2dev/ps2sdk/ee/lib/libkernel.a(StartThread.o)
                0x00104a40                StartThread
 .text          0x00104a50       0x10 /usr/local/ps2dev/ps2sdk/ee/lib/libkernel.a(ChangeThreadPriority.o)
                0x00104a50                ChangeThreadPriority
 .text          0x00104a60       0x10 /usr/local/ps2dev/ps2sdk/ee/lib/libkernel.a(RotateThreadReadyQueue.o)
                0x00104a60                RotateThreadReadyQueue
 .text          0x00104a70       0x10 /usr/local/ps2dev/ps2sdk/ee/lib/libkernel.a(GetThreadId.o)
                0x00104a70                GetThreadId
 .text          0x00104a80       0x10 /usr/local/ps2dev/ps2sdk/ee/lib/libkernel.a(WakeupThread.o)
                0x00104a80                WakeupThread
 .text          0x00104a90       0x10 /usr/local/ps2dev/ps2sdk/ee/lib/libkernel.a(SuspendThread.o)
                0x00104a90                SuspendThread
 .text          0x00104aa0       0x10 /usr/local/ps2dev/ps2sdk/ee/lib/libkernel.a(CreateSema.o)
                0x00104aa0                CreateSema
 .text          0x00104ab0       0x10 /usr/local/ps2dev/ps2sdk/ee/lib/libkernel.a(DeleteSema.o)
                0x00104ab0                DeleteSema
 .text          0x00104ac0       0x10 /usr/local/ps2dev/ps2sdk/ee/lib/libkernel.a(WaitSema.o)
                0x00104ac0                WaitSema
 .text          0x00104ad0       0x10 /usr/local/ps2dev/ps2sdk/ee/lib/libkernel.a(SetOsdConfigParam.o)
                0x00104ad0                SetOsdConfigParam
 .text          0x00104ae0       0x10 /usr/local/ps2dev/ps2sdk/ee/lib/libkernel.a(GetOsdConfigParam.o)
                0x00104ae0                GetOsdConfigParam
 .text          0x00104af0       0x10 /usr/local/ps2dev/ps2sdk/ee/lib/libkernel.a(_SetTLBEntry.o)
                0x00104af0                _SetTLBEntry
 .text          0x00104b00       0x10 /usr/local/ps2dev/ps2sdk/ee/lib/libkernel.a(GetMemorySize.o)
                0x00104b00                GetMemorySize
 .text          0x00104b10       0x10 /usr/local/ps2dev/ps2sdk/ee/lib/libkernel.a(_InitTLB.o)
                0x00104b10                _InitTLB
 .text          0x00104b20       0xa8 /usr/local/ps2dev/ps2sdk/ee/lib/libkernel.a(_SyncDCache.o)
                0x00104b20                _SyncDCache
 .text          0x00104bc8       0x98 /usr/local/ps2dev/ps2sdk/ee/lib/libkernel.a(IsT10KWithIODriver.o)
                0x00104bc8                IsT10KWithIODriver
 .text          0x00104c60        0x0 /usr/local/ps2dev/ps2sdk/ee/lib/libkernel.a(_config_internals.o)
 .text          0x00104c60       0x20 /usr/local/ps2dev/ps2sdk/ee/lib/libkernel.a(_ps2sdk_init_timer.o)
                0x00104c60                _ps2sdk_init_timer
 .text          0x00104c80       0x20 /usr/local/ps2dev/ps2sdk/ee/lib/libkernel.a(TerminateLibrary.o)
                0x00104c80                TerminateLibrary
 .text          0x00104ca0        0x0 /usr/local/ps2dev/ps2sdk/ee/lib/libkernel.a(_info_internals.o)
 .text          0x00104ca0       0x20 /usr/local/ps2dev/ps2sdk/ee/lib/libkernel.a(_ps2sdk_deinit_timer.o)
                0x00104ca0                _ps2sdk_deinit_timer
 .text          0x00104cc0       0x10 /usr/local/ps2dev/ps2sdk/ee/lib/libkernel.a(ExitThread.o)
                0x00104cc0                ExitThread
 .text          0x00104cd0       0x10 /usr/local/ps2dev/ee/bin/../lib/gcc/mips64r5900el-ps2-elf/15.2.0/../../../../mips64r5900el-ps2-elf/lib/libc.a(libc_a-sysclose.o)
                0x00104cd0                close
 .text          0x00104ce0        0x0 /usr/local/ps2dev/ee/bin/../lib/gcc/mips64r5900el-ps2-elf/15.2.0/../../../../mips64r5900el-ps2-elf/lib/libc.a(libc_a-impure.o)
 .text          0x00104ce0      0x3e8 /usr/local/ps2dev/ee/bin/../lib/gcc/mips64r5900el-ps2-elf/15.2.0/../../../../mips64r5900el-ps2-elf/lib/libc.a(libc_a-fread.o)
                0x00104ce0                _fread_r
                0x001050a8                fread
 .text          0x001050c8       0x50 /usr/local/ps2dev/ee/bin/../lib/gcc/mips64r5900el-ps2-elf/15.2.0/../../../../mips64r5900el-ps2-elf/lib/libc.a(libc_a-sysopen.o)
                0x001050c8                open
 .text          0x00105118      0x130 /usr/local/ps2dev/ee/bin/../lib/gcc/mips64r5900el-ps2-elf/15.2.0/../../../../mips64r5900el-ps2-elf/lib/libc.a(libc_a-memcpy.o)
                0x00105118                memcpy
 .text          0x00105248      0x538 /usr/local/ps2dev/ee/bin/../lib/gcc/mips64r5900el-ps2-elf/15.2.0/../../../../mips64r5900el-ps2-elf/lib/libc.a(libc_a-findfp.o)
                0x001054f8                __sfp
                0x00105670                __sinit
                0x001056f0                __sfp_lock_acquire
                0x00105700                __sfp_lock_release
                0x00105710                __fp_lock_all
                0x00105748                __fp_unlock_all
 .text          0x00105780      0x1c8 /usr/local/ps2dev/ee/bin/../lib/gcc/mips64r5900el-ps2-elf/15.2.0/../../../../mips64r5900el-ps2-elf/lib/libc.a(libc_a-fclose.o)
                0x00105780                _fclose_r
                0x00105938                fclose
 .text          0x00105948      0x218 /usr/local/ps2dev/ee/bin/../lib/gcc/mips64r5900el-ps2-elf/15.2.0/../../../../mips64r5900el-ps2-elf/lib/libc.a(libc_a-refill.o)
                0x00105978                __srefill_r
 .text          0x00105b60       0x98 /usr/local/ps2dev/ee/bin/../lib/gcc/mips64r5900el-ps2-elf/15.2.0/../../../../mips64r5900el-ps2-elf/lib/libc.a(libc_a-printf.o)
                0x00105b60                _printf_r
                0x00105ba8                printf
 .text          0x00105bf8       0x18 /usr/local/ps2dev/ee/bin/../lib/gcc/mips64r5900el-ps2-elf/15.2.0/../../../../mips64r5900el-ps2-elf/lib/libc.a(libc_a-sysread.o)
                0x00105bf8                read
 .text          0x00105c10       0x78 /usr/local/ps2dev/ee/bin/../lib/gcc/mips64r5900el-ps2-elf/15.2.0/../../../../mips64r5900el-ps2-elf/lib/libc.a(libc_a-openr.o)
                0x00105c10                _open_r
 .text          0x00105c88      0xa58 /usr/local/ps2dev/ee/bin/../lib/gcc/mips64r5900el-ps2-elf/15.2.0/../../../../mips64r5900el-ps2-elf/lib/libc.a(libc_a-mallocr.o)
                0x00105c88                _malloc_r
 .text          0x001066e0      0x4b0 /usr/local/ps2dev/ee/bin/../lib/gcc/mips64r5900el-ps2-elf/15.2.0/../../../../mips64r5900el-ps2-elf/lib/libc.a(libc_a-freer.o)
                0x001066e0                _malloc_trim_r
                0x00106828                _free_r
 .text          0x00106b90      0x1e8 /usr/local/ps2dev/ee/bin/../lib/gcc/mips64r5900el-ps2-elf/15.2.0/../../../../mips64r5900el-ps2-elf/lib/libc.a(libc_a-fopen.o)
                0x00106b90                _fopen_r
                0x00106d60                fopen
 .text          0x00106d78       0x20 /usr/local/ps2dev/ee/bin/../lib/gcc/mips64r5900el-ps2-elf/15.2.0/../../../../mips64r5900el-ps2-elf/lib/libc.a(libc_a-atoi.o)
                0x00106d78                atoi
                0x00106d88                _atoi_r
 .text          0x00106d98      0x2c8 /usr/local/ps2dev/ee/bin/../lib/gcc/mips64r5900el-ps2-elf/15.2.0/../../../../mips64r5900el-ps2-elf/lib/libc.a(libc_a-strtol.o)
                0x00107028                _strtol_r
                0x00107030                strtol_l
                0x00107048                strtol
 .text          0x00107060       0x10 /usr/local/ps2dev/ee/bin/../lib/gcc/mips64r5900el-ps2-elf/15.2.0/../../../../mips64r5900el-ps2-elf/lib/libc.a(libc_a-errno.o)
                0x00107060                __errno
 .text          0x00107070       0x20 /usr/local/ps2dev/ee/bin/../lib/gcc/mips64r5900el-ps2-elf/15.2.0/../../../../mips64r5900el-ps2-elf/lib/libc.a(libc_a-malloc.o)
                0x00107070                malloc
                0x00107080                free
 .text          0x00107090       0x70 /usr/local/ps2dev/ee/bin/../lib/gcc/mips64r5900el-ps2-elf/15.2.0/../../../../mips64r5900el-ps2-elf/lib/libc.a(libc_a-closer.o)
                0x00107090                _close_r
 .text          0x00107100       0x78 /usr/local/ps2dev/ee/bin/../lib/gcc/mips64r5900el-ps2-elf/15.2.0/../../../../mips64r5900el-ps2-elf/lib/libc.a(libc_a-readr.o)
                0x00107100                _read_r
 .text          0x00107178       0xd0 /usr/local/ps2dev/ee/bin/../lib/gcc/mips64r5900el-ps2-elf/15.2.0/../../../../mips64r5900el-ps2-elf/lib/libc.a(libc_a-strncat.o)
                0x00107178                strncat
 .text          0x00107248       0x20 /usr/local/ps2dev/ee/bin/../lib/gcc/mips64r5900el-ps2-elf/15.2.0/../../../../mips64r5900el-ps2-elf/lib/libc.a(libc_a-mlock.o)
                0x00107248                __malloc_lock
                0x00107258                __malloc_unlock
 .text          0x00107268      0x258 /usr/local/ps2dev/ee/bin/../lib/gcc/mips64r5900el-ps2-elf/15.2.0/../../../../mips64r5900el-ps2-elf/lib/libc.a(libc_a-makebuf.o)
                0x00107268                __smakebuf_r
                0x001073d0                __swhatbuf_r
 .text          0x001074c0       0x70 /usr/local/ps2dev/ee/bin/../lib/gcc/mips64r5900el-ps2-elf/15.2.0/../../../../mips64r5900el-ps2-elf/lib/libc.a(libc_a-sbrkr.o)
                0x001074c0                _sbrk_r
 .text          0x00107530      0x178 /usr/local/ps2dev/ee/bin/../lib/gcc/mips64r5900el-ps2-elf/15.2.0/../../../../mips64r5900el-ps2-elf/lib/libc.a(libc_a-snprintf.o)
                0x00107530                _snprintf_r
                0x001075e8                snprintf
 .text          0x001076a8        0x0 /usr/local/ps2dev/ee/bin/../lib/gcc/mips64r5900el-ps2-elf/15.2.0/../../../../mips64r5900el-ps2-elf/lib/libc.a(libc_a-ctype_.o)
 .text          0x001076a8      0x178 /usr/local/ps2dev/ee/bin/../lib/gcc/mips64r5900el-ps2-elf/15.2.0/../../../../mips64r5900el-ps2-elf/lib/libc.a(libc_a-stdio.o)
                0x001076a8                __sread
                0x00107710                __seofread
                0x00107718                __swrite
                0x001077b0                __sseek
                0x00107818                __sclose
 .text          0x00107820      0x4b0 /usr/local/ps2dev/ee/bin/../lib/gcc/mips64r5900el-ps2-elf/15.2.0/../../../../mips64r5900el-ps2-elf/lib/libc.a(libc_a-fflush.o)
                0x00107820                __sflush_r
                0x00107aa0                _fflush_r
                0x00107bb0                fflush
 .text          0x00107cd0       0x18 /usr/local/ps2dev/ee/bin/../lib/gcc/mips64r5900el-ps2-elf/15.2.0/../../../../mips64r5900el-ps2-elf/lib/libc.a(libc_a-malign.o)
                0x00107cd0                memalign
 .text          0x00107ce8       0xc8 /usr/local/ps2dev/ee/bin/../lib/gcc/mips64r5900el-ps2-elf/15.2.0/../../../../mips64r5900el-ps2-elf/lib/libc.a(libc_a-fwalk.o)
                0x00107ce8                _fwalk_sglue
 .text          0x00107db0      0x118 /usr/local/ps2dev/ee/bin/../lib/gcc/mips64r5900el-ps2-elf/15.2.0/../../../../mips64r5900el-ps2-elf/lib/libc.a(libc_a-memset.o)
                0x00107db0                memset
 .text          0x00107ec8       0x78 /usr/local/ps2dev/ee/bin/../lib/gcc/mips64r5900el-ps2-elf/15.2.0/../../../../mips64r5900el-ps2-elf/lib/libc.a(libc_a-fstatr.o)
                0x00107ec8                _fstat_r
 .text          0x00107f40     0x3918 /usr/local/ps2dev/ee/bin/../lib/gcc/mips64r5900el-ps2-elf/15.2.0/../../../../mips64r5900el-ps2-elf/lib/libc.a(libc_a-vfprintf.o)
                0x00107f40                _vfprintf_r
                0x0010b758                vfprintf
 .text          0x0010b858       0x20 /usr/local/ps2dev/ee/bin/../lib/gcc/mips64r5900el-ps2-elf/15.2.0/../../../../mips64r5900el-ps2-elf/lib/libc.a(libc_a-fseek.o)
                0x0010b858                _fseek_r
                0x0010b860                fseek
 .text          0x0010b878     0x37b8 /usr/local/ps2dev/ee/bin/../lib/gcc/mips64r5900el-ps2-elf/15.2.0/../../../../mips64r5900el-ps2-elf/lib/libc.a(libc_a-svfprintf.o)
                0x0010b878                _svfprintf_r
 .text          0x0010f030       0xd8 /usr/local/ps2dev/ee/bin/../lib/gcc/mips64r5900el-ps2-elf/15.2.0/../../../../mips64r5900el-ps2-elf/lib/libc.a(libc_a-flags.o)
                0x0010f030                __sflags
 .text          0x0010f108       0x70 /usr/local/ps2dev/ee/bin/../lib/gcc/mips64r5900el-ps2-elf/15.2.0/../../../../mips64r5900el-ps2-elf/lib/libc.a(libc_a-isattyr.o)
                0x0010f108                _isatty_r
 .text          0x0010f178      0x120 /usr/local/ps2dev/ee/bin/../lib/gcc/mips64r5900el-ps2-elf/15.2.0/../../../../mips64r5900el-ps2-elf/lib/libc.a(libc_a-reent.o)
                0x0010f178                _reclaim_reent
 .text          0x0010f298      0x208 /usr/local/ps2dev/ee/bin/../lib/gcc/mips64r5900el-ps2-elf/15.2.0/../../../../mips64r5900el-ps2-elf/lib/libc.a(libc_a-malignr.o)
                0x0010f298                _memalign_r
 .text          0x0010f4a0     0x1d08 /usr/local/ps2dev/ee/bin/../lib/gcc/mips64r5900el-ps2-elf/15.2.0/../../../../mips64r5900el-ps2-elf/lib/libc.a(libc_a-dtoa.o)
                0x0010f6d0                _dtoa_r
 .text          0x001111a8      0x1c0 /usr/local/ps2dev/ee/bin/../lib/gcc/mips64r5900el-ps2-elf/15.2.0/../../../../mips64r5900el-ps2-elf/lib/libc.a(libc_a-wsetup.o)
                0x001111a8                __swsetup_r
 .text          0x00111368      0x628 /usr/local/ps2dev/ee/bin/../lib/gcc/mips64r5900el-ps2-elf/15.2.0/../../../../mips64r5900el-ps2-elf/lib/libc.a(libc_a-fseeko.o)
                0x00111368                _fseeko_r
                0x00111978                fseeko
 .text          0x00111990       0x78 /usr/local/ps2dev/ee/bin/../lib/gcc/mips64r5900el-ps2-elf/15.2.0/../../../../mips64r5900el-ps2-elf/lib/libc.a(libc_a-writer.o)
                0x00111990                _write_r
 .text          0x00111a08       0x78 /usr/local/ps2dev/ee/bin/../lib/gcc/mips64r5900el-ps2-elf/15.2.0/../../../../mips64r5900el-ps2-elf/lib/libc.a(libc_a-lseekr.o)
                0x00111a08                _lseek_r
 .text          0x00111a80       0xe8 /usr/local/ps2dev/ee/bin/../lib/gcc/mips64r5900el-ps2-elf/15.2.0/../../../../mips64r5900el-ps2-elf/lib/libc.a(libc_a-memchr.o)
                0x00111a80                memchr
 .text          0x00111b68       0xd8 /usr/local/ps2dev/ee/bin/../lib/gcc/mips64r5900el-ps2-elf/15.2.0/../../../../mips64r5900el-ps2-elf/lib/libc.a(libc_a-ssprint_r.o)
                0x00111b68                __ssprint_r
 .text          0x00111c40       0x78 /usr/local/ps2dev/ee/bin/../lib/gcc/mips64r5900el-ps2-elf/15.2.0/../../../../mips64r5900el-ps2-elf/lib/libc.a(libc_a-_isatty.o)
                0x00111c40                _isatty
 .text          0x00111cb8       0xf8 /usr/local/ps2dev/ee/bin/../lib/gcc/mips64r5900el-ps2-elf/15.2.0/../../../../mips64r5900el-ps2-elf/lib/libc.a(libm_a-s_frexp.o)
                0x00111cb8                frexp
 .text          0x00111db0       0x40 /usr/local/ps2dev/ee/bin/../lib/gcc/mips64r5900el-ps2-elf/15.2.0/../../../../mips64r5900el-ps2-elf/lib/libc.a(libc_a-sprint_r.o)
                0x00111db0                __sprint_r
 .text          0x00111df0       0x78 /usr/local/ps2dev/ee/bin/../lib/gcc/mips64r5900el-ps2-elf/15.2.0/../../../../mips64r5900el-ps2-elf/lib/libc.a(libc_a-assert.o)
                0x00111df0                __assert_func
                0x00111e50                __assert
 .text          0x00111e68     0x15e0 /usr/local/ps2dev/ee/bin/../lib/gcc/mips64r5900el-ps2-elf/15.2.0/../../../../mips64r5900el-ps2-elf/lib/libc.a(libc_a-mprec.o)
                0x00111e68                _Balloc
                0x00111f28                _Bfree
                0x00111f58                __multadd
                0x001120c0                __s2b
                0x00112258                __hi0bits
                0x00112320                __lo0bits
                0x00112468                __i2b
                0x00112550                __multiply
                0x001127e8                __pow5mult
                0x00112968                __lshift
                0x00112b28                __mcmp
                0x00112b98                __mdiff
                0x00112e18                __ulp
                0x00112ec8                __b2d
                0x00113070                __d2b
                0x001131e0                __ratio
                0x00113298                _mprec_log10
                0x00113328                __copybits
                0x001133c0                __any_on
 .text          0x00113448       0x28 /usr/local/ps2dev/ee/bin/../lib/gcc/mips64r5900el-ps2-elf/15.2.0/../../../../mips64r5900el-ps2-elf/lib/libc.a(libc_a-localeconv.o)
                0x00113448                __localeconv_l
                0x00113450                _localeconv_r
                0x00113460                localeconv
 .text          0x00113470      0x140 /usr/local/ps2dev/ee/bin/../lib/gcc/mips64r5900el-ps2-elf/15.2.0/../../../../mips64r5900el-ps2-elf/lib/libc.a(libc_a-locale.o)
                0x00113470                _setlocale_r
                0x00113508                __locale_mb_cur_max
                0x00113518                setlocale
 .text          0x001135b0       0x60 /usr/local/ps2dev/ee/bin/../lib/gcc/mips64r5900el-ps2-elf/15.2.0/../../../../mips64r5900el-ps2-elf/lib/libc.a(libc_a-mbtowc_r.o)
                0x001135b0                _mbtowc_r
                0x001135c0                __ascii_mbtowc
 .text          0x00113610       0x18 /usr/local/ps2dev/ee/bin/../lib/gcc/mips64r5900el-ps2-elf/15.2.0/../../../../mips64r5900el-ps2-elf/lib/libc.a(libc_a-abort.o)
                0x00113610                abort
 .text          0x00113628      0x138 /usr/local/ps2dev/ee/bin/../lib/gcc/mips64r5900el-ps2-elf/15.2.0/../../../../mips64r5900el-ps2-elf/lib/libc.a(libc_a-callocr.o)
                0x00113628                _calloc_r
 .text          0x00113760      0x1a0 /usr/local/ps2dev/ee/bin/../lib/gcc/mips64r5900el-ps2-elf/15.2.0/../../../../mips64r5900el-ps2-elf/lib/libc.a(libc_a-ssputs_r.o)
                0x00113760                __ssputs_r
 .text          0x00113900       0x88 /usr/local/ps2dev/ee/bin/../lib/gcc/mips64r5900el-ps2-elf/15.2.0/../../../../mips64r5900el-ps2-elf/lib/libc.a(libc_a-fiprintf.o)
                0x00113900                _fiprintf_r
                0x00113938                fiprintf
 .text          0x00113988       0x48 /usr/local/ps2dev/ee/bin/../lib/gcc/mips64r5900el-ps2-elf/15.2.0/../../../../mips64r5900el-ps2-elf/lib/libc.a(libc_a-wctomb_r.o)
                0x00113988                _wctomb_r
                0x00113998                __ascii_wctomb
 .text          0x001139d0      0x6f0 /usr/local/ps2dev/ee/bin/../lib/gcc/mips64r5900el-ps2-elf/15.2.0/../../../../mips64r5900el-ps2-elf/lib/libc.a(libc_a-reallocr.o)
                0x001139d0                _realloc_r
 .text          0x001140c0       0x18 /usr/local/ps2dev/ee/bin/../lib/gcc/mips64r5900el-ps2-elf/15.2.0/../../../../mips64r5900el-ps2-elf/lib/libc.a(libc_a-sysfstat.o)
                0x001140c0                fstat
 .text          0x001140d8      0x570 /usr/local/ps2dev/ee/bin/../lib/gcc/mips64r5900el-ps2-elf/15.2.0/../../../../mips64r5900el-ps2-elf/lib/libc.a(libc_a-fvwrite.o)
                0x001140d8                __sfvwrite_r
 .text          0x00114648      0x598 /usr/local/ps2dev/ee/bin/../lib/gcc/mips64r5900el-ps2-elf/15.2.0/../../../../mips64r5900el-ps2-elf/lib/libc.a(libc_a-signal.o)
                0x00114648                _init_signal_r
                0x001146b0                _signal_r
                0x00114760                _raise_r
                0x00114818                __sigtramp_r
                0x001148f8                raise
                0x001149b8                signal
                0x00114a78                _init_signal
                0x00114af0                __sigtramp
 .text          0x00114be0       0xb8 /usr/local/ps2dev/ee/bin/../lib/gcc/mips64r5900el-ps2-elf/15.2.0/../../../../mips64r5900el-ps2-elf/lib/libc.a(libc_a-strcmp.o)
                0x00114be0                strcmp
 .text          0x00114c98      0x178 /usr/local/ps2dev/ee/bin/../lib/gcc/mips64r5900el-ps2-elf/15.2.0/../../../../mips64r5900el-ps2-elf/lib/libc.a(libc_a-memmove.o)
                0x00114c98                memmove
 .text          0x00114e10     0x1910 /usr/local/ps2dev/ee/bin/../lib/gcc/mips64r5900el-ps2-elf/15.2.0/../../../../mips64r5900el-ps2-elf/lib/libc.a(libc_a-vfiprintf.o)
                0x00114e10                _vfiprintf_r
                0x00116620                vfiprintf
 .text          0x00116720       0x80 /usr/local/ps2dev/ee/bin/../lib/gcc/mips64r5900el-ps2-elf/15.2.0/../../../../mips64r5900el-ps2-elf/lib/libc.a(libc_a-signalr.o)
                0x00116720                _kill_r
                0x00116798                _getpid_r
 .text          0x001167a0      0x1c0 /usr/local/ps2dev/ee/bin/../lib/gcc/mips64r5900el-ps2-elf/15.2.0/../../../../mips64r5900el-ps2-elf/lib/libc.a(libc_a-puts.o)
                0x001167a0                _puts_r
                0x00116950                puts
 .text          0x00116960       0x40 /usr/local/ps2dev/ps2sdk/ee/lib/libcglue.a(_libcglue_init.o)
                0x00116960                _libcglue_init
 .text          0x001169a0       0x30 /usr/local/ps2dev/ps2sdk/ee/lib/libcglue.a(_libcglue_deinit.o)
                0x001169a0                _libcglue_deinit
 .text          0x001169d0        0x8 /usr/local/ps2dev/ps2sdk/ee/lib/libcglue.a(_libcglue_args_parse.o)
                0x001169d0                _libcglue_args_parse
 .text          0x001169d8       0xa8 /usr/local/ps2dev/ps2sdk/ee/lib/libcglue.a(__init_cwd.o)
                0x001169d8                __init_cwd
 .text          0x00116a80      0x170 /usr/local/ps2dev/ps2sdk/ee/lib/libcglue.a(_open.o)
                0x00116a80                _open
 .text          0x00116bf0       0xc8 /usr/local/ps2dev/ps2sdk/ee/lib/libcglue.a(_close.o)
                0x00116bf0                _close
 .text          0x00116cb8       0x90 /usr/local/ps2dev/ps2sdk/ee/lib/libcglue.a(_read.o)
                0x00116cb8                _read
 .text          0x00116d48       0x90 /usr/local/ps2dev/ps2sdk/ee/lib/libcglue.a(_write.o)
                0x00116d48                _write
 .text          0x00116dd8       0xe8 /usr/local/ps2dev/ps2sdk/ee/lib/libcglue.a(_fstat.o)
                0x00116dd8                _fstat
 .text          0x00116ec0       0x90 /usr/local/ps2dev/ps2sdk/ee/lib/libcglue.a(_lseek.o)
                0x00116ec0                _lseek
 .text          0x00116f50       0x78 /usr/local/ps2dev/ps2sdk/ee/lib/libcglue.a(chdir.o)
                0x00116f50                chdir
 .text          0x00116fc8        0x8 /usr/local/ps2dev/ps2sdk/ee/lib/libcglue.a(_getpid.o)
                0x00116fc8                _getpid
 .text          0x00116fd0       0x18 /usr/local/ps2dev/ps2sdk/ee/lib/libcglue.a(_kill.o)
                0x00116fd0                _kill
 .text          0x00116fe8       0x68 /usr/local/ps2dev/ps2sdk/ee/lib/libcglue.a(_sbrk.o)
                0x00116fe8                _sbrk
 .text          0x00117050        0x0 /usr/local/ps2dev/ps2sdk/ee/lib/libcglue.a(__lock___sfp_recursive_mutex.o)
 .text          0x00117050        0x0 /usr/local/ps2dev/ps2sdk/ee/lib/libcglue.a(__lock___malloc_recursive_mutex.o)
 .text          0x00117050       0x68 /usr/local/ps2dev/ps2sdk/ee/lib/libcglue.a(__retarget_lock_init_recursive.o)
                0x00117050                __retarget_lock_init_recursive
 .text          0x001170b8       0x30 /usr/local/ps2dev/ps2sdk/ee/lib/libcglue.a(__retarget_lock_close_recursive.o)
                0x001170b8                __retarget_lock_close_recursive
 .text          0x001170e8       0x98 /usr/local/ps2dev/ps2sdk/ee/lib/libcglue.a(__retarget_lock_acquire_recursive.o)
                0x001170e8                __retarget_lock_acquire_recursive
 .text          0x00117180       0x78 /usr/local/ps2dev/ps2sdk/ee/lib/libcglue.a(__retarget_lock_release_recursive.o)
                0x00117180                __retarget_lock_release_recursive
 .text          0x001171f8      0x170 /usr/local/ps2dev/ps2sdk/ee/lib/libcglue.a(__locks_init.o)
                0x001171f8                __locks_init
 .text          0x00117368       0x78 /usr/local/ps2dev/ps2sdk/ee/lib/libcglue.a(__locks_deinit.o)
                0x00117368                __locks_deinit
 .text          0x001173e0       0x20 /usr/local/ps2dev/ps2sdk/ee/lib/libcglue.a(_libcglue_rtc_update.o)
                0x001173e0                _libcglue_rtc_update
 .text          0x00117400       0x20 /usr/local/ps2dev/ps2sdk/ee/lib/libcglue.a(_libcglue_timezone_update.o)
                0x00117400                _libcglue_timezone_update
 .text          0x00117420        0x0 /usr/local/ps2dev/ps2sdk/ee/lib/libcglue.a(__descriptormap.o)
 .text          0x00117420       0xd0 /usr/local/ps2dev/ps2sdk/ee/lib/libcglue.a(__fdman_init.o)
                0x00117420                __fdman_init
 .text          0x001174f0       0x20 /usr/local/ps2dev/ps2sdk/ee/lib/libcglue.a(__fdman_deinit.o)
                0x001174f0                __fdman_deinit
 .text          0x00117510       0xd0 /usr/local/ps2dev/ps2sdk/ee/lib/libcglue.a(__fdman_get_new_descriptor.o)
                0x00117510                __fdman_get_new_descriptor
 .text          0x001175e0       0x90 /usr/local/ps2dev/ps2sdk/ee/lib/libcglue.a(__fdman_release_descriptor.o)
                0x001175e0                __fdman_release_descriptor
 .text          0x00117670        0x8 /usr/local/ps2dev/ps2sdk/ee/lib/libcglue.a(__gprof_init.o)
                0x00117670                __gprof_init
 .text          0x00117678        0x8 /usr/local/ps2dev/ps2sdk/ee/lib/libcglue.a(__gprof_cleanup.o)
                0x00117678                __gprof_cleanup
 .text          0x00117680        0x8 /usr/local/ps2dev/ps2sdk/ee/lib/libcglue.a(__libpthreadglue_init.o)
                0x00117680                __libpthreadglue_init
 .text          0x00117688        0x8 /usr/local/ps2dev/ps2sdk/ee/lib/libcglue.a(__libpthreadglue_deinit.o)
                0x00117688                __libpthreadglue_deinit
 .text          0x00117690        0x0 /usr/local/ps2dev/ps2sdk/ee/lib/libcglue.a(__cwd.o)
 .text          0x00117690        0x0 /usr/local/ps2dev/ps2sdk/ee/lib/libcglue.a(__cwd_len.o)
 .text          0x00117690      0x578 /usr/local/ps2dev/ps2sdk/ee/lib/libcglue.a(__path_absolute.o)
                0x00117690                __path_absolute
 .text          0x00117c08       0x78 /usr/local/ps2dev/ps2sdk/ee/lib/libcglue.a(__libcglue_init_stdio.o)
                0x00117c08                __libcglue_init_stdio
 .text          0x00117c80        0x0 /usr/local/ps2dev/ps2sdk/ee/lib/libcglue.a(_libcglue_fdman_path_ops.o)
 .text          0x00117c80       0x28 /usr/local/ps2dev/ps2sdk/ee/lib/libcglue.a(__transform_errno.o)
                0x00117c80                __transform_errno
 .text          0x00117ca8        0x0 /usr/local/ps2dev/ps2sdk/ee/lib/libcglue.a(__lock___atexit_recursive_mutex.o)
 .text          0x00117ca8        0x0 /usr/local/ps2dev/ps2sdk/ee/lib/libcglue.a(__lock___at_quick_exit_mutex.o)
 .text          0x00117ca8        0x0 /usr/local/ps2dev/ps2sdk/ee/lib/libcglue.a(__lock___env_recursive_mutex.o)
 .text          0x00117ca8        0x0 /usr/local/ps2dev/ps2sdk/ee/lib/libcglue.a(__lock___tz_mutex.o)
 .text          0x00117ca8        0x0 /usr/local/ps2dev/ps2sdk/ee/lib/libcglue.a(__lock___dd_hash_mutex.o)
 .text          0x00117ca8        0x0 /usr/local/ps2dev/ps2sdk/ee/lib/libcglue.a(__lock___arc4random_mutex.o)
 .text          0x00117ca8      0x110 /usr/local/ps2dev/ps2sdk/ee/lib/libcglue.a(_libcglue_timezone_update_impl.o)
                0x00117ca8                _libcglue_timezone_update_impl
 .text          0x00117db8        0x0 /usr/local/ps2dev/ps2sdk/ee/lib/libcglue.a(__fdman_sema.o)
 .text          0x00117db8        0x0 /usr/local/ps2dev/ps2sdk/ee/lib/libcglue.a(__descriptor_data_pool.o)
 .text          0x00117db8      0x188 /usr/local/ps2dev/ps2sdk/ee/lib/libcglue.a(__get_drive.o)
                0x00117db8                __get_drive
 .text          0x00117f40        0x0 /usr/local/ps2dev/ps2sdk/ee/lib/libcglue.a(__fioOpsInitialize.o)
 .text          0x00117f40      0x238 /usr/local/ps2dev/ps2sdk/ee/lib/libcglue.a(__fioOpsInitializeImpl.o)
                0x00117f40                __fioOpsInitializeImpl
 .text          0x00118178      0x1c8 /usr/local/ps2dev/ps2sdk/ee/lib/libcglue.a(__fioOpenHelper.o)
                0x00118178                __fioOpenHelper
 .text          0x00118340       0x18 /usr/local/ps2dev/ps2sdk/ee/lib/libcglue.a(__fioGetFdHelper.o)
                0x00118340                __fioGetFdHelper
 .text          0x00118358       0x18 /usr/local/ps2dev/ps2sdk/ee/lib/libcglue.a(__fioGetFilenameHelper.o)
                0x00118358                __fioGetFilenameHelper
 .text          0x00118370       0x48 /usr/local/ps2dev/ps2sdk/ee/lib/libcglue.a(__fioCloseHelper.o)
                0x00118370                __fioCloseHelper
 .text          0x001183b8       0x48 /usr/local/ps2dev/ps2sdk/ee/lib/libcglue.a(__fioDcloseHelper.o)
                0x001183b8                __fioDcloseHelper
 .text          0x00118400       0x48 /usr/local/ps2dev/ps2sdk/ee/lib/libcglue.a(__fioReadHelper.o)
                0x00118400                __fioReadHelper
 .text          0x00118448       0x48 /usr/local/ps2dev/ps2sdk/ee/lib/libcglue.a(__fioLseekHelper.o)
                0x00118448                __fioLseekHelper
 .text          0x00118490       0x48 /usr/local/ps2dev/ps2sdk/ee/lib/libcglue.a(__fioWriteHelper.o)
                0x00118490                __fioWriteHelper
 .text          0x001184d8       0x48 /usr/local/ps2dev/ps2sdk/ee/lib/libcglue.a(__fioIoctlHelper.o)
                0x001184d8                __fioIoctlHelper
 .text          0x00118520      0x108 /usr/local/ps2dev/ps2sdk/ee/lib/libcglue.a(__fioDreadHelper.o)
                0x00118520                __fioDreadHelper
 .text          0x00118628       0xb8 /usr/local/ps2dev/ps2sdk/ee/lib/libcglue.a(__fioLseekDirHelper.o)
                0x00118628                __fioLseekDirHelper
 .text          0x001186e0        0x8 /usr/local/ps2dev/ps2sdk/ee/lib/libcglue.a(__fioMkdirHelper.o)
                0x001186e0                __fioMkdirHelper
 .text          0x001186e8      0x248 /usr/local/ps2dev/ps2sdk/ee/lib/libcglue.a(__fioGetstatHelper.o)
                0x001186e8                __fioGetstatHelper
 .text          0x00118930       0x10 /usr/local/ps2dev/ps2sdk/ee/lib/libkernel.a(EndOfHeap.o)
                0x00118930                EndOfHeap
 .text          0x00118940       0x10 /usr/local/ps2dev/ps2sdk/ee/lib/libkernel.a(SignalSema.o)
                0x00118940                SignalSema
 .text          0x00118950      0x138 /usr/local/ps2dev/ps2sdk/ee/lib/libkernel.a(fio_open.o)
                0x00118950                fioOpen
 .text          0x00118a88       0xe0 /usr/local/ps2dev/ps2sdk/ee/lib/libkernel.a(fio_close.o)
                0x00118a88                fioClose
 .text          0x00118b68      0x168 /usr/local/ps2dev/ps2sdk/ee/lib/libkernel.a(fio_read.o)
                0x00118b68                fioRead
 .text          0x00118cd0      0x1b0 /usr/local/ps2dev/ps2sdk/ee/lib/libkernel.a(fio_write.o)
                0x00118cd0                fioWrite
 .text          0x00118e80      0x100 /usr/local/ps2dev/ps2sdk/ee/lib/libkernel.a(fio_lseek.o)
                0x00118e80                fioLseek
 .text          0x00118f80       0xf0 /usr/local/ps2dev/ps2sdk/ee/lib/libkernel.a(fio_mkdir.o)
                0x00118f80                fioMkdir
 .text          0x00119070       0x70 /usr/local/ps2dev/ps2sdk/ee/lib/libkernel.a(_fio_read_intr.o)
                0x00119070                _fio_read_intr
 .text          0x001190e0      0x158 /usr/local/ps2dev/ps2sdk/ee/lib/libkernel.a(fio_ioctl.o)
                0x001190e0                fioIoctl
 .text          0x00119238       0xf0 /usr/local/ps2dev/ps2sdk/ee/lib/libkernel.a(fio_dopen.o)
                0x00119238                fioDopen
 .text          0x00119328       0xe0 /usr/local/ps2dev/ps2sdk/ee/lib/libkernel.a(fio_dclose.o)
                0x00119328                fioDclose
 .text          0x00119408      0x150 /usr/local/ps2dev/ps2sdk/ee/lib/libkernel.a(fio_dread.o)
                0x00119408                fioDread
 .text          0x00119558      0x160 /usr/local/ps2dev/ps2sdk/ee/lib/libkernel.a(fio_getstat.o)
                0x00119558                fioGetstat
 .text          0x001196b8       0xf0 /usr/local/ps2dev/ps2sdk/ee/lib/libkernel.a(fio_remove.o)
                0x001196b8                fioRemove
 .text          0x001197a8       0xf0 /usr/local/ps2dev/ps2sdk/ee/lib/libkernel.a(fio_rmdir.o)
                0x001197a8                fioRmdir
 .text          0x00119898       0x88 /usr/local/ps2dev/ps2sdk/ee/lib/libkernel.a(configGetTimezoneWithIODriver.o)
                0x00119898                configGetTimezoneWithIODriver
 .text          0x00119920       0x78 /usr/local/ps2dev/ps2sdk/ee/lib/libkernel.a(configIsDaylightSavingEnabledWithIODriver.o)
                0x00119920                configIsDaylightSavingEnabledWithIODriver
 *fill*         0x00119998        0x8 
 .text          0x001199a0       0x10 /usr/local/ps2dev/ps2sdk/ee/lib/libkernel.a(iSignalSema.o)
                0x001199a0                iSignalSema
 .text          0x001199b0       0x10 /usr/local/ps2dev/ps2sdk/ee/lib/libkernel.a(GetOsdConfigParam2.o)
                0x001199b0                GetOsdConfigParam2
 .text          0x001199c0       0xb0 /usr/local/ps2dev/ps2sdk/ee/lib/libkernel.a(sceSifWriteBackDCache.o)
                0x001199c0                sceSifWriteBackDCache
 .text          0x00119a70      0x260 /usr/local/ps2dev/ps2sdk/ee/lib/libkernel.a(sceSifCallRpc.o)
                0x00119a70                sceSifCallRpc
 .text          0x00119cd0      0x458 /usr/local/ps2dev/ps2sdk/ee/lib/libkernel.a(SifRpcMain.o)
                0x00119f68                sceSifInitRpc
                0x0011a100                sceSifExitRpc
 .text          0x0011a128        0x0 /usr/local/ps2dev/ps2sdk/ee/lib/libkernel.a(__fio_internals.o)
 .text          0x0011a128      0x130 /usr/local/ps2dev/ps2sdk/ee/lib/libkernel.a(fio_init.o)
                0x0011a128                fioInit
 .text          0x0011a258       0x10 /usr/local/ps2dev/ps2sdk/ee/lib/libkernel.a(_fio_intr.o)
                0x0011a258                _fio_intr
 .text          0x0011a268       0xb0 /usr/local/ps2dev/ps2sdk/ee/lib/libkernel.a(fio_exit.o)
                0x0011a268                fioExit
 .text          0x0011a318        0x0 /usr/local/ps2dev/ps2sdk/ee/lib/libkernel.a(__iop_control_internals.o)
 .text          0x0011a318       0x10 /usr/local/ps2dev/ps2sdk/ee/lib/libkernel.a(IsEarlyJap.o)
                0x0011a318                IsEarlyJap
 .text          0x0011a328       0xa0 /usr/local/ps2dev/ps2sdk/ee/lib/libkernel.a(iWakeupThread.o)
                0x0011a328                iWakeupThread
 *fill*         0x0011a3c8        0x8 
 .text          0x0011a3d0       0x10 /usr/local/ps2dev/ps2sdk/ee/lib/libkernel.a(_iGetThreadId.o)
                0x0011a3d0                _iGetThreadId
 .text          0x0011a3e0       0x10 /usr/local/ps2dev/ps2sdk/ee/lib/libkernel.a(_iWakeupThread.o)
                0x0011a3e0                _iWakeupThread
 .text          0x0011a3f0       0x10 /usr/local/ps2dev/ps2sdk/ee/lib/libkernel.a(sceSifSetReg.o)
                0x0011a3f0                sceSifSetReg
 .text          0x0011a400       0x10 /usr/local/ps2dev/ps2sdk/ee/lib/libkernel.a(sceSifGetReg.o)
                0x0011a400                sceSifGetReg
 .text          0x0011a410       0x20 /usr/local/ps2dev/ps2sdk/ee/lib/libkernel.a(sceSifSendCmd.o)
                0x0011a410                sceSifSendCmd
 .text          0x0011a430       0x20 /usr/local/ps2dev/ps2sdk/ee/lib/libkernel.a(isceSifSendCmd.o)
                0x0011a430                isceSifSendCmd
 .text          0x0011a450      0x318 /usr/local/ps2dev/ps2sdk/ee/lib/libkernel.a(sif_cmd_main.o)
                0x0011a480                sceSifInitCmd
                0x0011a730                sceSifExitCmd
 .text          0x0011a768       0x58 /usr/local/ps2dev/ps2sdk/ee/lib/libkernel.a(sceSifAddCmdHandler.o)
                0x0011a768                sceSifAddCmdHandler
 .text          0x0011a7c0       0x18 /usr/local/ps2dev/ps2sdk/ee/lib/libkernel.a(sceSifGetSreg.o)
                0x0011a7c0                sceSifGetSreg
 .text          0x0011a7d8       0xd0 /usr/local/ps2dev/ps2sdk/ee/lib/libkernel.a(_rpc_get_packet.o)
                0x0011a7d8                _rpc_get_packet
 .text          0x0011a8a8       0x30 /usr/local/ps2dev/ps2sdk/ee/lib/libkernel.a(_rpc_get_fpacket.o)
                0x0011a8a8                _rpc_get_fpacket
 .text          0x0011a8d8      0x178 /usr/local/ps2dev/ps2sdk/ee/lib/libkernel.a(sceSifBindRpc.o)
                0x0011a8d8                sceSifBindRpc
 .text          0x0011aa50       0x78 /usr/local/ps2dev/ps2sdk/ee/lib/libkernel.a(EnableDmac.o)
                0x0011aa50                EnableDmac
 .text          0x0011aac8       0x78 /usr/local/ps2dev/ps2sdk/ee/lib/libkernel.a(DisableDmac.o)
                0x0011aac8                DisableDmac
 .text          0x0011ab40       0x10 /usr/local/ps2dev/ps2sdk/ee/lib/libkernel.a(AddDmacHandler.o)
                0x0011ab40                AddDmacHandler
 .text          0x0011ab50       0x10 /usr/local/ps2dev/ps2sdk/ee/lib/libkernel.a(RemoveDmacHandler.o)
                0x0011ab50                RemoveDmacHandler
 .text          0x0011ab60       0x10 /usr/local/ps2dev/ps2sdk/ee/lib/libkernel.a(_EnableDmac.o)
                0x0011ab60                _EnableDmac
 .text          0x0011ab70       0x10 /usr/local/ps2dev/ps2sdk/ee/lib/libkernel.a(_DisableDmac.o)
                0x0011ab70                _DisableDmac
 .text          0x0011ab80       0x10 /usr/local/ps2dev/ps2sdk/ee/lib/libkernel.a(sceSifSetDChain.o)
                0x0011ab80                sceSifSetDChain
 .text          0x0011ab90      0x140 /usr/local/ps2dev/ps2sdk/ee/lib/libkernel.a(_SifSendCmd.o)
                0x0011ab90                _SifSendCmd
 .text          0x0011acd0      0x108 /usr/local/ps2dev/ps2sdk/ee/lib/libkernel.a(_SifCmdIntHandler.o)
                0x0011acd0                _SifCmdIntHandler
 *fill*         0x0011add8        0x8 
 .text          0x0011ade0       0x10 /usr/local/ps2dev/ps2sdk/ee/lib/libkernel.a(sceSifSetDma.o)
                0x0011ade0                sceSifSetDma
 .text          0x0011adf0       0x10 /usr/local/ps2dev/ps2sdk/ee/lib/libkernel.a(isceSifSetDma.o)
                0x0011adf0                isceSifSetDma
 .text          0x0011ae00       0x10 /usr/local/ps2dev/ps2sdk/ee/lib/libkernel.a(isceSifSetDChain.o)
                0x0011ae00                isceSifSetDChain
 .text          0x0011ae10      0x198 /usr/local/ps2dev/ee/bin/../lib/gcc/mips64r5900el-ps2-elf/15.2.0/../../../../mips64r5900el-ps2-elf/lib/libc.a(libc_a-strchr.o)
                0x0011ae10                strchr
 .text          0x0011afa8       0x28 /usr/local/ps2dev/ee/bin/../lib/gcc/mips64r5900el-ps2-elf/15.2.0/../../../../mips64r5900el-ps2-elf/lib/libc.a(libc_a-setenv.o)
                0x0011afa8                setenv
                0x0011afc0                unsetenv
 .text          0x0011afd0      0x100 /usr/local/ps2dev/ee/bin/../lib/gcc/mips64r5900el-ps2-elf/15.2.0/../../../../mips64r5900el-ps2-elf/lib/libc.a(libc_a-sprintf.o)
                0x0011afd0                _sprintf_r
                0x0011b048                sprintf
 .text          0x0011b0d0       0x90 /usr/local/ps2dev/ee/bin/../lib/gcc/mips64r5900el-ps2-elf/15.2.0/../../../../mips64r5900el-ps2-elf/lib/libc.a(libc_a-memcmp.o)
                0x0011b0d0                memcmp
 .text          0x0011b160      0x290 /usr/local/ps2dev/ee/bin/../lib/gcc/mips64r5900el-ps2-elf/15.2.0/../../../../mips64r5900el-ps2-elf/lib/libc.a(libc_a-perror.o)
                0x0011b160                _perror_r
                0x0011b3e0                perror
 .text          0x0011b3f0      0xb40 /usr/local/ps2dev/ee/bin/../lib/gcc/mips64r5900el-ps2-elf/15.2.0/../../../../mips64r5900el-ps2-elf/lib/libc.a(libc_a-mktime.o)
                0x0011b888                mktime
 .text          0x0011bf30      0x460 /usr/local/ps2dev/ee/bin/../lib/gcc/mips64r5900el-ps2-elf/15.2.0/../../../../mips64r5900el-ps2-elf/lib/libc.a(libc_a-strerror.o)
                0x0011bf30                _strerror_r
                0x0011c360                strerror
                0x0011c378                strerror_l
 .text          0x0011c390       0x20 /usr/local/ps2dev/ee/bin/../lib/gcc/mips64r5900el-ps2-elf/15.2.0/../../../../mips64r5900el-ps2-elf/lib/libc.a(libc_a-tzlock.o)
                0x0011c390                __tz_lock
                0x0011c3a0                __tz_unlock
 .text          0x0011c3b0       0x38 /usr/local/ps2dev/ee/bin/../lib/gcc/mips64r5900el-ps2-elf/15.2.0/../../../../mips64r5900el-ps2-elf/lib/libc.a(libc_a-exit.o)
                0x0011c3b0                exit
 .text          0x0011c3e8       0x40 /usr/local/ps2dev/ee/bin/../lib/gcc/mips64r5900el-ps2-elf/15.2.0/../../../../mips64r5900el-ps2-elf/lib/libc.a(libc_a-strnlen.o)
                0x0011c3e8                strnlen
 .text          0x0011c428      0x108 /usr/local/ps2dev/ee/bin/../lib/gcc/mips64r5900el-ps2-elf/15.2.0/../../../../mips64r5900el-ps2-elf/lib/libc.a(libc_a-fileno.o)
                0x0011c428                fileno
 .text          0x0011c530      0x3c0 /usr/local/ps2dev/ee/bin/../lib/gcc/mips64r5900el-ps2-elf/15.2.0/../../../../mips64r5900el-ps2-elf/lib/libc.a(libc_a-setenv_r.o)
                0x0011c530                _setenv_r
                0x0011c800                _unsetenv_r
 .text          0x0011c8f0       0x30 /usr/local/ps2dev/ee/bin/../lib/gcc/mips64r5900el-ps2-elf/15.2.0/../../../../mips64r5900el-ps2-elf/lib/libc.a(libc_a-div.o)
                0x0011c8f0                div
 .text          0x0011c920        0x0 /usr/local/ps2dev/ee/bin/../lib/gcc/mips64r5900el-ps2-elf/15.2.0/../../../../mips64r5900el-ps2-elf/lib/libc.a(libc_a-environ.o)
 .text          0x0011c920        0x8 /usr/local/ps2dev/ee/bin/../lib/gcc/mips64r5900el-ps2-elf/15.2.0/../../../../mips64r5900el-ps2-elf/lib/libc.a(libc_a-u_strerr.o)
                0x0011c920                _user_strerror
 .text          0x0011c928       0x38 /usr/local/ps2dev/ee/bin/../lib/gcc/mips64r5900el-ps2-elf/15.2.0/../../../../mips64r5900el-ps2-elf/lib/libc.a(libc_a-tzset.o)
                0x0011c928                _tzset_unlocked
                0x0011c938                tzset
 .text          0x0011c960       0x10 /usr/local/ps2dev/ee/bin/../lib/gcc/mips64r5900el-ps2-elf/15.2.0/../../../../mips64r5900el-ps2-elf/lib/libc.a(libc_a-gettzinfo.o)
                0x0011c960                __gettzinfo
 .text          0x0011c970      0x1b8 /usr/local/ps2dev/ee/bin/../lib/gcc/mips64r5900el-ps2-elf/15.2.0/../../../../mips64r5900el-ps2-elf/lib/libc.a(libc_a-__call_atexit.o)
                0x0011c970                __call_exitprocs
 .text          0x0011cb28        0x0 /usr/local/ps2dev/ee/bin/../lib/gcc/mips64r5900el-ps2-elf/15.2.0/../../../../mips64r5900el-ps2-elf/lib/libc.a(libc_a-tzvars.o)
 .text          0x0011cb28      0x3e0 /usr/local/ps2dev/ee/bin/../lib/gcc/mips64r5900el-ps2-elf/15.2.0/../../../../mips64r5900el-ps2-elf/lib/libc.a(libc_a-tzcalc_limits.o)
                0x0011cb28                __tzcalc_limits
 .text          0x0011cf08      0x178 /usr/local/ps2dev/ee/bin/../lib/gcc/mips64r5900el-ps2-elf/15.2.0/../../../../mips64r5900el-ps2-elf/lib/libc.a(libc_a-getenv_r.o)
                0x0011cf08                _findenv_r
                0x0011d060                _getenv_r
 .text          0x0011d080       0x20 /usr/local/ps2dev/ee/bin/../lib/gcc/mips64r5900el-ps2-elf/15.2.0/../../../../mips64r5900el-ps2-elf/lib/libc.a(libc_a-envlock.o)
                0x0011d080                __env_lock
                0x0011d090                __env_unlock
 .text          0x0011d0a0       0xe0 /usr/local/ps2dev/ee/bin/../lib/gcc/mips64r5900el-ps2-elf/15.2.0/../../../../mips64r5900el-ps2-elf/lib/libc.a(libc_a-strncmp.o)
                0x0011d0a0                strncmp
 .text          0x0011d180      0x7c0 /usr/local/ps2dev/ee/bin/../lib/gcc/mips64r5900el-ps2-elf/15.2.0/../../../../mips64r5900el-ps2-elf/lib/libc.a(libc_a-tzset_r.o)
                0x0011d180                _tzset_unlocked_r
                0x0011d918                _tzset_r
 .text          0x0011d940        0x0 /usr/local/ps2dev/ee/bin/../lib/gcc/mips64r5900el-ps2-elf/15.2.0/../../../../mips64r5900el-ps2-elf/lib/libc.a(libc_a-month_lengths.o)
 .text          0x0011d940       0xb8 /usr/local/ps2dev/ee/bin/../lib/gcc/mips64r5900el-ps2-elf/15.2.0/../../../../mips64r5900el-ps2-elf/lib/libc.a(libc_a-strcpy.o)
                0x0011d940                strcpy
 .text          0x0011d9f8      0x118 /usr/local/ps2dev/ee/bin/../lib/gcc/mips64r5900el-ps2-elf/15.2.0/../../../../mips64r5900el-ps2-elf/lib/libc.a(libc_a-siscanf.o)
                0x0011d9f8                siscanf
                0x0011da80                _siscanf_r
 .text          0x0011db10      0x298 /usr/local/ps2dev/ee/bin/../lib/gcc/mips64r5900el-ps2-elf/15.2.0/../../../../mips64r5900el-ps2-elf/lib/libc.a(libc_a-strtoul.o)
                0x0011dd70                _strtoul_r
                0x0011dd78                strtoul_l
                0x0011dd90                strtoul
 .text          0x0011dda8     0x25d8 /usr/local/ps2dev/ee/bin/../lib/gcc/mips64r5900el-ps2-elf/15.2.0/../../../../mips64r5900el-ps2-elf/lib/libc.a(libc_a-svfiscanf.o)
                0x0011dda8                _sungetc_r
                0x0011dee0                __ssrefill_r
                0x0011dfa0                _sfread_r
                0x0011e138                __ssvfiscanf_r
 .text          0x00120380      0x378 /usr/local/ps2dev/ee/bin/../lib/gcc/mips64r5900el-ps2-elf/15.2.0/../../../../mips64r5900el-ps2-elf/lib/libc.a(libc_a-strtoll.o)
                0x001206c0                _strtoll_r
                0x001206c8                strtoll_l
                0x001206e0                strtoll
 .text          0x001206f8      0x110 /usr/local/ps2dev/ee/bin/../lib/gcc/mips64r5900el-ps2-elf/15.2.0/../../../../mips64r5900el-ps2-elf/lib/libc.a(libc_a-sccl.o)
                0x001206f8                __sccl
 .text          0x00120808      0x348 /usr/local/ps2dev/ee/bin/../lib/gcc/mips64r5900el-ps2-elf/15.2.0/../../../../mips64r5900el-ps2-elf/lib/libc.a(libc_a-strtoull.o)
                0x00120b18                _strtoull_r
                0x00120b20                strtoull_l
                0x00120b38                strtoull
 .text          0x00120b50       0x18 /usr/local/ps2dev/ee/bin/../lib/gcc/mips64r5900el-ps2-elf/15.2.0/../../../../mips64r5900el-ps2-elf/lib/libc.a(libc_a-realloc.o)
                0x00120b50                realloc
 .text          0x00120b68        0x8 /usr/local/ps2dev/ee/bin/../lib/gcc/mips64r5900el-ps2-elf/15.2.0/../../../../mips64r5900el-ps2-elf/lib/libc.a(libc_a-iswspace.o)
                0x00120b68                iswspace
 .text          0x00120b70      0x140 /usr/local/ps2dev/ee/bin/../lib/gcc/mips64r5900el-ps2-elf/15.2.0/../../../../mips64r5900el-ps2-elf/lib/libc.a(libc_a-mbrtowc.o)
                0x00120b70                _mbrtowc_r
                0x00120c08                mbrtowc
 .text          0x00120cb0      0x3c0 /usr/local/ps2dev/ee/bin/../lib/gcc/mips64r5900el-ps2-elf/15.2.0/../../../../mips64r5900el-ps2-elf/lib/libc.a(libc_a-ungetc.o)
                0x00120cb0                __submore
                0x00120d88                _ungetc_r
                0x00121058                ungetc
 .text          0x00121070       0x28 /usr/local/ps2dev/ee/bin/../lib/gcc/mips64r5900el-ps2-elf/15.2.0/../../../../mips64r5900el-ps2-elf/lib/libc.a(libc_a-iswspace_l.o)
                0x00121070                iswspace_l
 .text          0x00121098       0xd8 /usr/local/ps2dev/ps2sdk/ee/lib/libpthreadglue.a(pte_osInit.o)
                0x00121098                pte_osInit
 .text          0x00121170       0x20 /usr/local/ps2dev/ps2sdk/ee/lib/libpthreadglue.a(pte_osTerminate.o)
                0x00121170                pte_osTerminate
 .text          0x00121190        0x8 /usr/local/ps2dev/ps2sdk/ee/lib/libpthreadglue.a(pte_osThreadGetHandle.o)
                0x00121190                pte_osThreadGetHandle
 .text          0x00121198       0x10 /usr/local/ps2dev/ps2sdk/ee/lib/libpthreadglue.a(pte_osThreadSleep.o)
                0x00121198                pte_osThreadSleep
 .text          0x001211a8       0x20 /usr/local/ps2dev/ps2sdk/ee/lib/libpthreadglue.a(pte_osThreadGetMinPriority.o)
                0x001211a8                pte_osThreadGetMinPriority
 .text          0x001211c8        0x8 /usr/local/ps2dev/ps2sdk/ee/lib/libpthreadglue.a(pte_osThreadGetDefaultPriority.o)
                0x001211c8                pte_osThreadGetDefaultPriority
 .text          0x001211d0       0xa0 /usr/local/ps2dev/ps2sdk/ee/lib/libpthreadglue.a(pte_osMutexCreate.o)
                0x001211d0                pte_osMutexCreate
 .text          0x00121270       0x20 /usr/local/ps2dev/ps2sdk/ee/lib/libpthreadglue.a(pte_osMutexLock.o)
                0x00121270                pte_osMutexLock
 .text          0x00121290       0x20 /usr/local/ps2dev/ps2sdk/ee/lib/libpthreadglue.a(pte_osMutexUnlock.o)
                0x00121290                pte_osMutexUnlock
 .text          0x001212b0       0x68 /usr/local/ps2dev/ps2sdk/ee/lib/libpthreadglue.a(pte_osSemaphoreCreate.o)
                0x001212b0                pte_osSemaphoreCreate
 .text          0x00121318       0x20 /usr/local/ps2dev/ps2sdk/ee/lib/libpthreadglue.a(pte_osSemaphoreDelete.o)
                0x00121318                pte_osSemaphoreDelete
 .text          0x00121338       0x60 /usr/local/ps2dev/ps2sdk/ee/lib/libpthreadglue.a(pte_osSemaphorePost.o)
                0x00121338                pte_osSemaphorePost
 .text          0x00121398       0xa0 /usr/local/ps2dev/ps2sdk/ee/lib/libpthreadglue.a(pte_osSemaphorePend.o)
                0x00121398                pte_osSemaphorePend
 .text          0x00121438       0x60 /usr/local/ps2dev/ps2sdk/ee/lib/libpthreadglue.a(pte_osAtomicExchange.o)
                0x00121438                pte_osAtomicExchange
 .text          0x00121498       0x70 /usr/local/ps2dev/ps2sdk/ee/lib/libpthreadglue.a(pte_osAtomicCompareExchange.o)
                0x00121498                pte_osAtomicCompareExchange
 .text          0x00121508        0x0 /usr/local/ps2dev/ps2sdk/ee/lib/libpthreadglue.a(__globalTls.o)
 .text          0x00121508       0x60 /usr/local/ps2dev/ps2sdk/ee/lib/libpthreadglue.a(pteTlsGlobalInit.o)
                0x00121508                pteTlsGlobalInit
 .text          0x00121568       0x50 /usr/local/ps2dev/ps2sdk/ee/lib/libpthreadglue.a(pteTlsThreadInit.o)
                0x00121568                pteTlsThreadInit
 .text          0x001215b8       0xc0 /usr/local/ps2dev/ps2sdk/ee/lib/libpthreadglue.a(__pteTlsAlloc.o)
                0x001215b8                __pteTlsAlloc
 .text          0x00121678       0x28 /usr/local/ps2dev/ps2sdk/ee/lib/libpthreadglue.a(__pteTlsSetValue.o)
                0x00121678                __pteTlsSetValue
 .text          0x001216a0       0x30 /usr/local/ps2dev/ps2sdk/ee/lib/libpthreadglue.a(pteTlsGlobalDestroy.o)
                0x001216a0                pteTlsGlobalDestroy
 .text          0x001216d0       0x40 /usr/local/ps2dev/ps2sdk/ee/lib/libpthreadglue.a(pte_osTlsSetValue.o)
                0x001216d0                pte_osTlsSetValue
 .text          0x00121710       0x30 /usr/local/ps2dev/ps2sdk/ee/lib/libpthreadglue.a(pte_osTlsGetValue.o)
                0x00121710                pte_osTlsGetValue
 .text          0x00121740       0x30 /usr/local/ps2dev/ps2sdk/ee/lib/libpthreadglue.a(pte_osTlsAlloc.o)
                0x00121740                pte_osTlsAlloc
 .text          0x00121770        0x8 /usr/local/ps2dev/ps2sdk/ee/lib/libpthreadglue.a(pte_osTlsFree.o)
                0x00121770                pte_osTlsFree
 .text          0x00121778        0x0 /usr/local/ps2dev/ps2sdk/ee/lib/libpthreadglue.a(__threadDataKey.o)
 .text          0x00121778       0x20 /usr/local/ps2dev/ps2sdk/ee/lib/libpthreadglue.a(pte_osMutexDelete.o)
                0x00121778                pte_osMutexDelete
 .text          0x00121798        0x0 /usr/local/ps2dev/ps2sdk/ee/lib/libpthreadglue.a(__keysUsed.o)
 .text          0x00121798        0x0 /usr/local/ps2dev/ps2sdk/ee/lib/libpthreadglue.a(__maxTlsValues.o)
 .text          0x00121798        0x0 /usr/local/ps2dev/ps2sdk/ee/lib/libpthreadglue.a(__globalTlsLock.o)
 .text          0x00121798       0x48 /usr/local/ps2dev/ps2sdk/ee/lib/libpthreadglue.a(pteTlsGetValue.o)
                0x00121798                pteTlsGetValue
 .text          0x001217e0       0x38 /usr/local/ps2dev/ps2sdk/ee/lib/libpthreadglue.a(__getTlsStructFromThread.o)
                0x001217e0                __getTlsStructFromThread
 .text          0x00121818       0x70 /usr/local/ps2dev/ps2sdk/ee/lib/libpthreadglue.a(pteTlsFree.o)
                0x00121818                pteTlsFree
 .text          0x00121888        0x0 /usr/local/ps2dev/ps2sdk/ee/lib/libpthreadglue.a(__threadInfo.o)
 .text          0x00121888        0x8 /usr/local/ps2dev/ps2sdk/ee/lib/libcglue.a(__retarget_lock_acquire.o)
                0x00121888                __retarget_lock_acquire
 .text          0x00121890        0x8 /usr/local/ps2dev/ps2sdk/ee/lib/libcglue.a(__retarget_lock_release.o)
                0x00121890                __retarget_lock_release
 *fill*         0x00121898        0x8 
 .text          0x001218a0       0x10 /usr/local/ps2dev/ps2sdk/ee/lib/libkernel.a(PollSema.o)
                0x001218a0                PollSema
 .text          0x001218b0      0x110 /usr/local/ps2dev/ps2sdk/ee/lib/libkernel.a(DelayThread.o)
                0x001218d8                DelayThread
 .text          0x001219c0      0x110 /usr/local/ps2dev/ps2sdk/ee/lib/libkernel.a(WaitSemaEx.o)
                0x001219e0                WaitSemaEx
 .text          0x00121ad0       0x10 /usr/local/ps2dev/ps2sdk/ee/lib/libkernel.a(iReleaseWaitThread.o)
                0x00121ad0                iReleaseWaitThread
 .text          0x00121ae0       0x68 /usr/local/ps2dev/ps2sdk/ee/lib/libkernel.a(TimerUSec2BusClock.o)
                0x00121ae0                TimerUSec2BusClock
 .text          0x00121b48       0x70 /usr/local/ps2dev/ps2sdk/ee/lib/libkernel.a(SetTimerAlarm.o)
                0x00121b48                SetTimerAlarm
 .text          0x00121bb8       0xe0 /usr/local/ps2dev/ps2sdk/ee/lib/libkernel.a(ReleaseTimerAlarm.o)
                0x00121bb8                ReleaseTimerAlarm
 .text          0x00121c98       0x60 /usr/local/ps2dev/ps2sdk/ee/lib/libkernel.a(FreeTimerCounter.o)
                0x00121c98                FreeTimerCounter
 .text          0x00121cf8        0x0 /usr/local/ps2dev/ps2sdk/ee/lib/libkernel.a(alarm_data.o)
 .text          0x00121cf8      0x130 /usr/local/ps2dev/ps2sdk/ee/lib/libkernel.a(iSetTimerAlarm.o)
                0x00121cf8                iSetTimerAlarm
 .text          0x00121e28       0x70 /usr/local/ps2dev/ps2sdk/ee/lib/libkernel.a(iAllocTimerCounter.o)
                0x00121e28                iAllocTimerCounter
 .text          0x00121e98       0xe0 /usr/local/ps2dev/ps2sdk/ee/lib/libkernel.a(iFreeTimerCounter.o)
                0x00121e98                iFreeTimerCounter
 .text          0x00121f78       0xd8 /usr/local/ps2dev/ps2sdk/ee/lib/libkernel.a(iStartTimerCounter.o)
                0x00121f78                iStartTimerCounter
 .text          0x00122050      0x150 /usr/local/ps2dev/ps2sdk/ee/lib/libkernel.a(iSetTimerHandler.o)
                0x00122050                iSetTimerHandler
 .text          0x001221a0       0x70 /usr/local/ps2dev/ps2sdk/ee/lib/libkernel.a(AlarmHandler.o)
                0x001221a0                AlarmHandler
 .text          0x00122210       0x28 /usr/local/ps2dev/ps2sdk/ee/lib/libkernel.a(GPfuncs.o)
                0x00122210                ChangeGP
                0x0012221c                SetGP
                0x00122228                GetGP
 .text          0x00122238        0x0 /usr/local/ps2dev/ps2sdk/ee/lib/libkernel.a(timer_data.o)
 .text          0x00122238      0x158 /usr/local/ps2dev/ps2sdk/ee/lib/libkernel.a(SetNextComp.o)
                0x00122238                SetNextComp
 .text          0x00122390       0xa0 /usr/local/ps2dev/ps2sdk/ee/lib/libkernel.a(InsertAlarm_ForTimer.o)
                0x00122390                InsertAlarm_ForTimer
 .text          0x00122430       0x38 /usr/local/ps2dev/ps2sdk/ee/lib/libkernel.a(UnlinkAlarm_ForTimer.o)
                0x00122430                UnlinkAlarm_ForTimer
 .text          0x00122468       0x88 /usr/local/ps2dev/ps2sdk/ee/lib/libkernel.a(iGetTimerSystemTime.o)
                0x00122468                iGetTimerSystemTime
                0x001224b0                _ps2sdk_init_timer_impl
                0x001224d0                _ps2sdk_deinit_timer_impl
 .text          0x001224f0       0x10 /usr/local/ps2dev/ps2sdk/ee/lib/libkernel.a(SetT2_MODE.o)
                0x001224f0                SetT2_MODE
 .text          0x00122500       0x10 /usr/local/ps2dev/ps2sdk/ee/lib/libkernel.a(SetT2_COMP.o)
                0x00122500                SetT2_COMP
 .text          0x00122510      0x130 /usr/local/ps2dev/ps2sdk/ee/lib/libkernel.a(InitTimer.o)
                0x00122510                InitTimer
 .text          0x00122640       0xc8 /usr/local/ps2dev/ps2sdk/ee/lib/libkernel.a(EndTimer.o)
                0x00122640                EndTimer
 .text          0x00122708       0xa8 /usr/local/ps2dev/ps2sdk/ee/lib/libkernel.a(StartTimerSystemTime.o)
                0x00122708                StartTimerSystemTime
 .text          0x001227b0       0x90 /usr/local/ps2dev/ps2sdk/ee/lib/libkernel.a(StopTimerSystemTime.o)
                0x001227b0                StopTimerSystemTime
 .text          0x00122840      0x280 /usr/local/ps2dev/ps2sdk/ee/lib/libkernel.a(TimerHandler_callback.o)
                0x00122840                TimerHandler_callback
 .text          0x00122ac0       0x30 /usr/local/ps2dev/ps2sdk/ee/lib/libkernel.a(ForTimer_InitAlarm.o)
                0x00122ac0                ForTimer_InitAlarm
 .text          0x00122af0       0x10 /usr/local/ps2dev/ps2sdk/ee/lib/libkernel.a(AddIntcHandler2.o)
                0x00122af0                AddIntcHandler2
 .text          0x00122b00       0x10 /usr/local/ps2dev/ps2sdk/ee/lib/libkernel.a(RemoveIntcHandler.o)
                0x00122b00                RemoveIntcHandler
 .text          0x00122b10       0x78 /usr/local/ps2dev/ps2sdk/ee/lib/libkernel.a(EnableIntc.o)
                0x00122b10                EnableIntc
 .text          0x00122b88       0x78 /usr/local/ps2dev/ps2sdk/ee/lib/libkernel.a(DisableIntc.o)
                0x00122b88                DisableIntc
 .text          0x00122c00       0x30 /usr/local/ps2dev/ps2sdk/ee/lib/libkernel.a(SetT2.o)
                0x00122c00                SetT2
 .text          0x00122c30       0x10 /usr/local/ps2dev/ps2sdk/ee/lib/libkernel.a(SetT2_COUNT.o)
                0x00122c30                SetT2_COUNT
 .text          0x00122c40       0x10 /usr/local/ps2dev/ps2sdk/ee/lib/libkernel.a(_EnableIntc.o)
                0x00122c40                _EnableIntc
 .text          0x00122c50       0x10 /usr/local/ps2dev/ps2sdk/ee/lib/libkernel.a(_DisableIntc.o)
                0x00122c50                _DisableIntc
 .text          0x00122c60       0x18 /usr/local/ps2dev/ee/bin/../lib/gcc/mips64r5900el-ps2-elf/15.2.0/../../../../mips64r5900el-ps2-elf/lib/libc.a(libc_a-calloc.o)
                0x00122c60                calloc
 .text          0x00122c78      0x318 /usr/local/ps2dev/ee/bin/../lib/gcc/mips64r5900el-ps2-elf/15.2.0/libgcc.a(_addsub_df.o)
                0x00122ee0                __adddf3
                0x00122f30                __subdf3
 .text          0x00122f90      0x2b0 /usr/local/ps2dev/ee/bin/../lib/gcc/mips64r5900el-ps2-elf/15.2.0/libgcc.a(_mul_df.o)
                0x00122f90                __muldf3
 .text          0x00123240      0x188 /usr/local/ps2dev/ee/bin/../lib/gcc/mips64r5900el-ps2-elf/15.2.0/libgcc.a(_div_df.o)
                0x00123240                __divdf3
 .text          0x001233c8       0x78 /usr/local/ps2dev/ee/bin/../lib/gcc/mips64r5900el-ps2-elf/15.2.0/libgcc.a(_eq_df.o)
                0x001233c8                __eqdf2
 .text          0x00123440       0x78 /usr/local/ps2dev/ee/bin/../lib/gcc/mips64r5900el-ps2-elf/15.2.0/libgcc.a(_ne_df.o)
                0x00123440                __nedf2
 .text          0x001234b8       0x78 /usr/local/ps2dev/ee/bin/../lib/gcc/mips64r5900el-ps2-elf/15.2.0/libgcc.a(_gt_df.o)
                0x001234b8                __gtdf2
 .text          0x00123530       0x78 /usr/local/ps2dev/ee/bin/../lib/gcc/mips64r5900el-ps2-elf/15.2.0/libgcc.a(_lt_df.o)
                0x00123530                __ltdf2
 .text          0x001235a8       0x78 /usr/local/ps2dev/ee/bin/../lib/gcc/mips64r5900el-ps2-elf/15.2.0/libgcc.a(_le_df.o)
                0x001235a8                __ledf2
 .text          0x00123620       0x60 /usr/local/ps2dev/ee/bin/../lib/gcc/mips64r5900el-ps2-elf/15.2.0/libgcc.a(_unord_df.o)
                0x00123620                __unorddf2
 .text          0x00123680       0x98 /usr/local/ps2dev/ee/bin/../lib/gcc/mips64r5900el-ps2-elf/15.2.0/libgcc.a(_si_to_df.o)
                0x00123680                __floatsidf
 .text          0x00123718       0xc8 /usr/local/ps2dev/ee/bin/../lib/gcc/mips64r5900el-ps2-elf/15.2.0/libgcc.a(_df_to_si.o)
                0x00123718                __fixdfsi
 .text          0x001237e0        0x0 /usr/local/ps2dev/ee/bin/../lib/gcc/mips64r5900el-ps2-elf/15.2.0/libgcc.a(_thenan_df.o)
 .text          0x001237e0       0x78 /usr/local/ps2dev/ee/bin/../lib/gcc/mips64r5900el-ps2-elf/15.2.0/libgcc.a(_usi_to_df.o)
                0x001237e0                __floatunsidf
 .text          0x00123858     0x19b8 /usr/local/ps2dev/ee/bin/../lib/gcc/mips64r5900el-ps2-elf/15.2.0/libgcc.a(lib2funcs.o)
                0x00123858                __muldi3
                0x00123898                __divdi3
                0x00123f78                __moddi3
                0x00124620                __umoddi3
                0x00124be0                __udivdi3
 .text          0x00125210        0x0 /usr/local/ps2dev/ee/bin/../lib/gcc/mips64r5900el-ps2-elf/15.2.0/libgcc.a(_clz.o)
 .text          0x00125210       0x80 /usr/local/ps2dev/ee/bin/../lib/gcc/mips64r5900el-ps2-elf/15.2.0/libgcc.a(_clzsi2.o)
                0x00125210                __clzdi2
 .text          0x00125290      0x1d8 /usr/local/ps2dev/ee/bin/../lib/gcc/mips64r5900el-ps2-elf/15.2.0/libgcc.a(_pack_df.o)
                0x00125290                __pack_d
 .text          0x00125468       0xf0 /usr/local/ps2dev/ee/bin/../lib/gcc/mips64r5900el-ps2-elf/15.2.0/libgcc.a(_unpack_df.o)
                0x00125468                __unpack_d
 .text          0x00125558      0x138 /usr/local/ps2dev/ee/bin/../lib/gcc/mips64r5900el-ps2-elf/15.2.0/libgcc.a(_fpcmp_parts_df.o)
                0x00125558                __fpcmp_parts_d
 .text          0x00125690       0x60 /usr/local/ps2dev/ee/bin/../lib/gcc/mips64r5900el-ps2-elf/15.2.0/crtend.o
 .text          0x001256f0        0x0 /usr/local/ps2dev/ee/bin/../lib/gcc/mips64r5900el-ps2-elf/15.2.0/crtn.o
 *(.text.*)
 .text.startup  0x001256f0       0x38 main.o
                0x001256f0                main
 .text.startup  0x00125728        0x8 /usr/local/ps2dev/ps2sdk/ee/lib/libcglue.a(__fioOpsInitialize.o)
 *(.gnu.linkonce.t*)
 *(.init)
 .init          0x00125730        0x8 /usr/local/ps2dev/ee/bin/../lib/gcc/mips64r5900el-ps2-elf/15.2.0/crti.o
                0x00125730                _init
 .init          0x00125738       0x18 /usr/local/ps2dev/ee/bin/../lib/gcc/mips64r5900el-ps2-elf/15.2.0/crtbegin.o
 .init          0x00125750       0x18 /usr/local/ps2dev/ee/bin/../lib/gcc/mips64r5900el-ps2-elf/15.2.0/crtend.o
 .init          0x00125768        0xc /usr/local/ps2dev/ee/bin/../lib/gcc/mips64r5900el-ps2-elf/15.2.0/crtn.o
 *(.fini)
 .fini          0x00125774        0x8 /usr/local/ps2dev/ee/bin/../lib/gcc/mips64r5900el-ps2-elf/15.2.0/crti.o
                0x00125774                _fini
 .fini          0x0012577c       0x18 /usr/local/ps2dev/ee/bin/../lib/gcc/mips64r5900el-ps2-elf/15.2.0/crtbegin.o
 .fini          0x00125794        0xc /usr/local/ps2dev/ee/bin/../lib/gcc/mips64r5900el-ps2-elf/15.2.0/crtn.o
                0x001257a0        0x8 QUAD 0x0
                [!provide]                        PROVIDE (_etext = .)
                [!provide]                        PROVIDE (etext = .)

.ctors          0x001257b0        0xc
 *crtbegin*.o(.ctors)
 .ctors         0x001257b0        0x4 /usr/local/ps2dev/ee/bin/../lib/gcc/mips64r5900el-ps2-elf/15.2.0/crtbegin.o
 *(EXCLUDE_FILE(*crtend*.o) .ctors)
 .ctors         0x001257b4        0x4 /usr/local/ps2dev/ps2sdk/ee/lib/libcglue.a(__fioOpsInitialize.o)
 *(SORT_BY_NAME(.ctors.*))
 *(.ctors)
 .ctors         0x001257b8        0x4 /usr/local/ps2dev/ee/bin/../lib/gcc/mips64r5900el-ps2-elf/15.2.0/crtend.o

.dtors          0x001257c0        0x8
 *crtbegin*.o(.dtors)
 .dtors         0x001257c0        0x4 /usr/local/ps2dev/ee/bin/../lib/gcc/mips64r5900el-ps2-elf/15.2.0/crtbegin.o
 *(EXCLUDE_FILE(*crtend*.o) .dtors)
 *(SORT_BY_NAME(.dtors.*))
 *(.dtors)
 .dtors         0x001257c4        0x4 /usr/local/ps2dev/ee/bin/../lib/gcc/mips64r5900el-ps2-elf/15.2.0/crtend.o
                0x001257c4                __DTOR_END__

.reginfo        0x001257c8       0x18
 *(.reginfo)
 .reginfo       0x001257c8       0x18 /usr/local/ps2dev/ee/bin/../lib/gcc/mips64r5900el-ps2-elf/15.2.0/crti.o

.data           0x00125800     0x1898
                0x00125800                        _fdata = .
 *(.data)
 .data          0x00125800       0x20 /tmp/cc32mV0O.ltrans0.ltrans.o
 .data          0x00125820        0x0 /usr/local/ps2dev/ee/bin/../lib/gcc/mips64r5900el-ps2-elf/15.2.0/crti.o
 .data          0x00125820        0x0 /usr/local/ps2dev/ee/bin/../lib/gcc/mips64r5900el-ps2-elf/15.2.0/crtbegin.o
 .data          0x00125820        0x0 main.o
 .data          0x00125820        0x0 gfx.o
 .data          0x00125820        0x0 utils.o
 .data          0x00125820        0x0 /usr/local/ps2dev/ps2sdk/ee/lib/libkernel.a(SetGsCrt.o)
 .data          0x00125820        0x0 /usr/local/ps2dev/ps2sdk/ee/lib/libkernel.a(SetupHeap.o)
 .data          0x00125820        0x0 /usr/local/ps2dev/ps2sdk/ee/lib/libkernel.a(FlushCache.o)
 .data          0x00125820        0x0 /usr/local/ps2dev/ps2sdk/ee/lib/libkernel.a(GsPutIMR.o)
 .data          0x00125820        0x0 /usr/local/ps2dev/ps2sdk/ee/lib/libkernel.a(_GetGsDxDyOffset.o)
 .data          0x00125820        0x0 /usr/local/ps2dev/ps2sdk/ee/lib/libkernel.a(strncpy.o)
 .data          0x00125820        0x0 /usr/local/ps2dev/ps2sdk/ee/lib/libkernel.a(strlen.o)
 .data          0x00125820        0x0 /usr/local/ps2dev/ps2sdk/ee/lib/libkernel.a(GetRomNameWithIODriver.o)
 .data          0x00125820        0x0 /usr/local/ps2dev/ps2sdk/ee/lib/libkernel.a(configGetTvScreenTypeWithIODriver.o)
 .data          0x00125820        0x0 /usr/local/ps2dev/ps2sdk/ee/lib/libkernel.a(DIntr.o)
 .data          0x00125820        0x0 /usr/local/ps2dev/ps2sdk/ee/lib/libkernel.a(EIntr.o)
 .data          0x00125820        0x0 /usr/local/ps2dev/ps2sdk/ee/lib/libkernel.a(SyncDCache.o)
 .data          0x00125820        0x0 /usr/local/ps2dev/ps2sdk/ee/lib/libkernel.a(_InitSys.o)
 .data          0x00125820        0x0 /usr/local/ps2dev/ps2sdk/ee/lib/libkernel.a(_thread_internals.o)
 .data          0x00125820        0x0 /usr/local/ps2dev/ps2sdk/ee/lib/libkernel.a(libosd.o)
 .data          0x00125820        0x0 /usr/local/ps2dev/ps2sdk/ee/lib/libkernel.a(libosd_common.o)
 .data          0x00125820      0x42c /usr/local/ps2dev/ps2sdk/ee/lib/libkernel.a(osdsrc_bin.o)
                0x00125820                osdsrc
                0x00125c48                size_osdsrc
 *fill*         0x00125c4c        0x4 
 .data          0x00125c50       0x1c /usr/local/ps2dev/ps2sdk/ee/lib/libkernel.a(tlbfunc.o)
 *fill*         0x00125c6c        0x4 
 .data          0x00125c70      0x408 /usr/local/ps2dev/ps2sdk/ee/lib/libkernel.a(tlbsrc_bin.o)
                0x00125c70                tlbsrc
                0x00126074                size_tlbsrc
 *fill*         0x00126078        0x8 
 .data          0x00126080      0x814 /usr/local/ps2dev/ps2sdk/ee/lib/libkernel.a(srcfile_bin.o)
                0x00126080                srcfile
                0x00126890                size_srcfile
 *fill*         0x00126894        0xc 
 .data          0x001268a0       0x2c /usr/local/ps2dev/ps2sdk/ee/lib/libkernel.a(eenull_bin.o)
                0x001268a0                eenull
                0x001268c8                size_eenull
 .data          0x001268cc        0x0 /usr/local/ps2dev/ps2sdk/ee/lib/libkernel.a(_exit_internals.o)
 .data          0x001268cc        0x0 /usr/local/ps2dev/ps2sdk/ee/lib/libkernel.a(Exit.o)
 .data          0x001268cc        0x0 /usr/local/ps2dev/ps2sdk/ee/lib/libkernel.a(kCopy.o)
 .data          0x001268cc        0x0 /usr/local/ps2dev/ps2sdk/ee/lib/libkernel.a(setup_syscalls.o)
 .data          0x001268cc        0x0 /usr/local/ps2dev/ps2sdk/ee/lib/libkernel.a(KExit.o)
 .data          0x001268cc        0x0 /usr/local/ps2dev/ps2sdk/ee/lib/libkernel.a(CreateThread.o)
 .data          0x001268cc        0x0 /usr/local/ps2dev/ps2sdk/ee/lib/libkernel.a(StartThread.o)
 .data          0x001268cc        0x0 /usr/local/ps2dev/ps2sdk/ee/lib/libkernel.a(ChangeThreadPriority.o)
 .data          0x001268cc        0x0 /usr/local/ps2dev/ps2sdk/ee/lib/libkernel.a(RotateThreadReadyQueue.o)
 .data          0x001268cc        0x0 /usr/local/ps2dev/ps2sdk/ee/lib/libkernel.a(GetThreadId.o)
 .data          0x001268cc        0x0 /usr/local/ps2dev/ps2sdk/ee/lib/libkernel.a(WakeupThread.o)
 .data          0x001268cc        0x0 /usr/local/ps2dev/ps2sdk/ee/lib/libkernel.a(SuspendThread.o)
 .data          0x001268cc        0x0 /usr/local/ps2dev/ps2sdk/ee/lib/libkernel.a(CreateSema.o)
 .data          0x001268cc        0x0 /usr/local/ps2dev/ps2sdk/ee/lib/libkernel.a(DeleteSema.o)
 .data          0x001268cc        0x0 /usr/local/ps2dev/ps2sdk/ee/lib/libkernel.a(WaitSema.o)
 .data          0x001268cc        0x0 /usr/local/ps2dev/ps2sdk/ee/lib/libkernel.a(SetOsdConfigParam.o)
 .data          0x001268cc        0x0 /usr/local/ps2dev/ps2sdk/ee/lib/libkernel.a(GetOsdConfigParam.o)
 .data          0x001268cc        0x0 /usr/local/ps2dev/ps2sdk/ee/lib/libkernel.a(_SetTLBEntry.o)
 .data          0x001268cc        0x0 /usr/local/ps2dev/ps2sdk/ee/lib/libkernel.a(GetMemorySize.o)
 .data          0x001268cc        0x0 /usr/local/ps2dev/ps2sdk/ee/lib/libkernel.a(_InitTLB.o)
 .data          0x001268cc        0x0 /usr/local/ps2dev/ps2sdk/ee/lib/libkernel.a(_SyncDCache.o)
 .data          0x001268cc        0x0 /usr/local/ps2dev/ps2sdk/ee/lib/libkernel.a(IsT10KWithIODriver.o)
 *fill*         0x001268cc        0x4 
 .data          0x001268d0        0x8 /usr/local/ps2dev/ps2sdk/ee/lib/libkernel.a(_config_internals.o)
                0x001268d0                g_t10KConfig
 .data          0x001268d8        0x0 /usr/local/ps2dev/ps2sdk/ee/lib/libkernel.a(_ps2sdk_init_timer.o)
 .data          0x001268d8        0x0 /usr/local/ps2dev/ps2sdk/ee/lib/libkernel.a(TerminateLibrary.o)
 .data          0x001268d8        0x0 /usr/local/ps2dev/ps2sdk/ee/lib/libkernel.a(_info_internals.o)
 .data          0x001268d8        0x0 /usr/local/ps2dev/ps2sdk/ee/lib/libkernel.a(_ps2sdk_deinit_timer.o)
 .data          0x001268d8        0x0 /usr/local/ps2dev/ps2sdk/ee/lib/libkernel.a(ExitThread.o)
 .data          0x001268d8        0x0 /usr/local/ps2dev/ee/bin/../lib/gcc/mips64r5900el-ps2-elf/15.2.0/../../../../mips64r5900el-ps2-elf/lib/libc.a(libc_a-sysclose.o)
 .data          0x001268d8      0x140 /usr/local/ps2dev/ee/bin/../lib/gcc/mips64r5900el-ps2-elf/15.2.0/../../../../mips64r5900el-ps2-elf/lib/libc.a(libc_a-impure.o)
                0x001268d8                _impure_data
 .data          0x00126a18        0x0 /usr/local/ps2dev/ee/bin/../lib/gcc/mips64r5900el-ps2-elf/15.2.0/../../../../mips64r5900el-ps2-elf/lib/libc.a(libc_a-fread.o)
 .data          0x00126a18        0x0 /usr/local/ps2dev/ee/bin/../lib/gcc/mips64r5900el-ps2-elf/15.2.0/../../../../mips64r5900el-ps2-elf/lib/libc.a(libc_a-sysopen.o)
 .data          0x00126a18        0x0 /usr/local/ps2dev/ee/bin/../lib/gcc/mips64r5900el-ps2-elf/15.2.0/../../../../mips64r5900el-ps2-elf/lib/libc.a(libc_a-memcpy.o)
 .data          0x00126a18        0xc /usr/local/ps2dev/ee/bin/../lib/gcc/mips64r5900el-ps2-elf/15.2.0/../../../../mips64r5900el-ps2-elf/lib/libc.a(libc_a-findfp.o)
                0x00126a18                __sglue
 .data          0x00126a24        0x0 /usr/local/ps2dev/ee/bin/../lib/gcc/mips64r5900el-ps2-elf/15.2.0/../../../../mips64r5900el-ps2-elf/lib/libc.a(libc_a-fclose.o)
 .data          0x00126a24        0x0 /usr/local/ps2dev/ee/bin/../lib/gcc/mips64r5900el-ps2-elf/15.2.0/../../../../mips64r5900el-ps2-elf/lib/libc.a(libc_a-refill.o)
 .data          0x00126a24        0x0 /usr/local/ps2dev/ee/bin/../lib/gcc/mips64r5900el-ps2-elf/15.2.0/../../../../mips64r5900el-ps2-elf/lib/libc.a(libc_a-printf.o)
 .data          0x00126a24        0x0 /usr/local/ps2dev/ee/bin/../lib/gcc/mips64r5900el-ps2-elf/15.2.0/../../../../mips64r5900el-ps2-elf/lib/libc.a(libc_a-sysread.o)
 .data          0x00126a24        0x0 /usr/local/ps2dev/ee/bin/../lib/gcc/mips64r5900el-ps2-elf/15.2.0/../../../../mips64r5900el-ps2-elf/lib/libc.a(libc_a-openr.o)
 *fill*         0x00126a24        0x4 
 .data          0x00126a28      0x410 /usr/local/ps2dev/ee/bin/../lib/gcc/mips64r5900el-ps2-elf/15.2.0/../../../../mips64r5900el-ps2-elf/lib/libc.a(libc_a-mallocr.o)
                0x00126a28                __malloc_sbrk_base
                0x00126a2c                __malloc_trim_threshold
                0x00126a30                __malloc_av_
 .data          0x00126e38        0x0 /usr/local/ps2dev/ee/bin/../lib/gcc/mips64r5900el-ps2-elf/15.2.0/../../../../mips64r5900el-ps2-elf/lib/libc.a(libc_a-freer.o)
 .data          0x00126e38        0x0 /usr/local/ps2dev/ee/bin/../lib/gcc/mips64r5900el-ps2-elf/15.2.0/../../../../mips64r5900el-ps2-elf/lib/libc.a(libc_a-fopen.o)
 .data          0x00126e38        0x0 /usr/local/ps2dev/ee/bin/../lib/gcc/mips64r5900el-ps2-elf/15.2.0/../../../../mips64r5900el-ps2-elf/lib/libc.a(libc_a-atoi.o)
 .data          0x00126e38        0x0 /usr/local/ps2dev/ee/bin/../lib/gcc/mips64r5900el-ps2-elf/15.2.0/../../../../mips64r5900el-ps2-elf/lib/libc.a(libc_a-strtol.o)
 .data          0x00126e38        0x0 /usr/local/ps2dev/ee/bin/../lib/gcc/mips64r5900el-ps2-elf/15.2.0/../../../../mips64r5900el-ps2-elf/lib/libc.a(libc_a-errno.o)
 .data          0x00126e38        0x0 /usr/local/ps2dev/ee/bin/../lib/gcc/mips64r5900el-ps2-elf/15.2.0/../../../../mips64r5900el-ps2-elf/lib/libc.a(libc_a-malloc.o)
 .data          0x00126e38        0x0 /usr/local/ps2dev/ee/bin/../lib/gcc/mips64r5900el-ps2-elf/15.2.0/../../../../mips64r5900el-ps2-elf/lib/libc.a(libc_a-closer.o)
 .data          0x00126e38        0x0 /usr/local/ps2dev/ee/bin/../lib/gcc/mips64r5900el-ps2-elf/15.2.0/../../../../mips64r5900el-ps2-elf/lib/libc.a(libc_a-readr.o)
 .data          0x00126e38        0x0 /usr/local/ps2dev/ee/bin/../lib/gcc/mips64r5900el-ps2-elf/15.2.0/../../../../mips64r5900el-ps2-elf/lib/libc.a(libc_a-strncat.o)
 .data          0x00126e38        0x0 /usr/local/ps2dev/ee/bin/../lib/gcc/mips64r5900el-ps2-elf/15.2.0/../../../../mips64r5900el-ps2-elf/lib/libc.a(libc_a-mlock.o)
 .data          0x00126e38        0x0 /usr/local/ps2dev/ee/bin/../lib/gcc/mips64r5900el-ps2-elf/15.2.0/../../../../mips64r5900el-ps2-elf/lib/libc.a(libc_a-makebuf.o)
 .data          0x00126e38        0x0 /usr/local/ps2dev/ee/bin/../lib/gcc/mips64r5900el-ps2-elf/15.2.0/../../../../mips64r5900el-ps2-elf/lib/libc.a(libc_a-sbrkr.o)
 .data          0x00126e38        0x0 /usr/local/ps2dev/ee/bin/../lib/gcc/mips64r5900el-ps2-elf/15.2.0/../../../../mips64r5900el-ps2-elf/lib/libc.a(libc_a-snprintf.o)
 .data          0x00126e38        0x0 /usr/local/ps2dev/ee/bin/../lib/gcc/mips64r5900el-ps2-elf/15.2.0/../../../../mips64r5900el-ps2-elf/lib/libc.a(libc_a-ctype_.o)
 .data          0x00126e38        0x0 /usr/local/ps2dev/ee/bin/../lib/gcc/mips64r5900el-ps2-elf/15.2.0/../../../../mips64r5900el-ps2-elf/lib/libc.a(libc_a-stdio.o)
 .data          0x00126e38        0x0 /usr/local/ps2dev/ee/bin/../lib/gcc/mips64r5900el-ps2-elf/15.2.0/../../../../mips64r5900el-ps2-elf/lib/libc.a(libc_a-fflush.o)
 .data          0x00126e38        0x0 /usr/local/ps2dev/ee/bin/../lib/gcc/mips64r5900el-ps2-elf/15.2.0/../../../../mips64r5900el-ps2-elf/lib/libc.a(libc_a-malign.o)
 .data          0x00126e38        0x0 /usr/local/ps2dev/ee/bin/../lib/gcc/mips64r5900el-ps2-elf/15.2.0/../../../../mips64r5900el-ps2-elf/lib/libc.a(libc_a-fwalk.o)
 .data          0x00126e38        0x0 /usr/local/ps2dev/ee/bin/../lib/gcc/mips64r5900el-ps2-elf/15.2.0/../../../../mips64r5900el-ps2-elf/lib/libc.a(libc_a-memset.o)
 .data          0x00126e38        0x0 /usr/local/ps2dev/ee/bin/../lib/gcc/mips64r5900el-ps2-elf/15.2.0/../../../../mips64r5900el-ps2-elf/lib/libc.a(libc_a-fstatr.o)
 .data          0x00126e38        0x0 /usr/local/ps2dev/ee/bin/../lib/gcc/mips64r5900el-ps2-elf/15.2.0/../../../../mips64r5900el-ps2-elf/lib/libc.a(libc_a-vfprintf.o)
 .data          0x00126e38        0x0 /usr/local/ps2dev/ee/bin/../lib/gcc/mips64r5900el-ps2-elf/15.2.0/../../../../mips64r5900el-ps2-elf/lib/libc.a(libc_a-fseek.o)
 .data          0x00126e38        0x0 /usr/local/ps2dev/ee/bin/../lib/gcc/mips64r5900el-ps2-elf/15.2.0/../../../../mips64r5900el-ps2-elf/lib/libc.a(libc_a-svfprintf.o)
 .data          0x00126e38        0x0 /usr/local/ps2dev/ee/bin/../lib/gcc/mips64r5900el-ps2-elf/15.2.0/../../../../mips64r5900el-ps2-elf/lib/libc.a(libc_a-flags.o)
 .data          0x00126e38        0x0 /usr/local/ps2dev/ee/bin/../lib/gcc/mips64r5900el-ps2-elf/15.2.0/../../../../mips64r5900el-ps2-elf/lib/libc.a(libc_a-isattyr.o)
 .data          0x00126e38        0x0 /usr/local/ps2dev/ee/bin/../lib/gcc/mips64r5900el-ps2-elf/15.2.0/../../../../mips64r5900el-ps2-elf/lib/libc.a(libc_a-reent.o)
 .data          0x00126e38        0x0 /usr/local/ps2dev/ee/bin/../lib/gcc/mips64r5900el-ps2-elf/15.2.0/../../../../mips64r5900el-ps2-elf/lib/libc.a(libc_a-malignr.o)
 .data          0x00126e38        0x0 /usr/local/ps2dev/ee/bin/../lib/gcc/mips64r5900el-ps2-elf/15.2.0/../../../../mips64r5900el-ps2-elf/lib/libc.a(libc_a-dtoa.o)
 .data          0x00126e38        0x0 /usr/local/ps2dev/ee/bin/../lib/gcc/mips64r5900el-ps2-elf/15.2.0/../../../../mips64r5900el-ps2-elf/lib/libc.a(libc_a-wsetup.o)
 .data          0x00126e38        0x0 /usr/local/ps2dev/ee/bin/../lib/gcc/mips64r5900el-ps2-elf/15.2.0/../../../../mips64r5900el-ps2-elf/lib/libc.a(libc_a-fseeko.o)
 .data          0x00126e38        0x0 /usr/local/ps2dev/ee/bin/../lib/gcc/mips64r5900el-ps2-elf/15.2.0/../../../../mips64r5900el-ps2-elf/lib/libc.a(libc_a-writer.o)
 .data          0x00126e38        0x0 /usr/local/ps2dev/ee/bin/../lib/gcc/mips64r5900el-ps2-elf/15.2.0/../../../../mips64r5900el-ps2-elf/lib/libc.a(libc_a-lseekr.o)
 .data          0x00126e38        0x0 /usr/local/ps2dev/ee/bin/../lib/gcc/mips64r5900el-ps2-elf/15.2.0/../../../../mips64r5900el-ps2-elf/lib/libc.a(libc_a-memchr.o)
 .data          0x00126e38        0x0 /usr/local/ps2dev/ee/bin/../lib/gcc/mips64r5900el-ps2-elf/15.2.0/../../../../mips64r5900el-ps2-elf/lib/libc.a(libc_a-ssprint_r.o)
 .data          0x00126e38        0x0 /usr/local/ps2dev/ee/bin/../lib/gcc/mips64r5900el-ps2-elf/15.2.0/../../../../mips64r5900el-ps2-elf/lib/libc.a(libc_a-_isatty.o)
 .data          0x00126e38        0x0 /usr/local/ps2dev/ee/bin/../lib/gcc/mips64r5900el-ps2-elf/15.2.0/../../../../mips64r5900el-ps2-elf/lib/libc.a(libm_a-s_frexp.o)
 .data          0x00126e38        0x0 /usr/local/ps2dev/ee/bin/../lib/gcc/mips64r5900el-ps2-elf/15.2.0/../../../../mips64r5900el-ps2-elf/lib/libc.a(libc_a-sprint_r.o)
 .data          0x00126e38        0x0 /usr/local/ps2dev/ee/bin/../lib/gcc/mips64r5900el-ps2-elf/15.2.0/../../../../mips64r5900el-ps2-elf/lib/libc.a(libc_a-assert.o)
 .data          0x00126e38        0x0 /usr/local/ps2dev/ee/bin/../lib/gcc/mips64r5900el-ps2-elf/15.2.0/../../../../mips64r5900el-ps2-elf/lib/libc.a(libc_a-mprec.o)
 .data          0x00126e38        0x0 /usr/local/ps2dev/ee/bin/../lib/gcc/mips64r5900el-ps2-elf/15.2.0/../../../../mips64r5900el-ps2-elf/lib/libc.a(libc_a-localeconv.o)
 .data          0x00126e38      0x16c /usr/local/ps2dev/ee/bin/../lib/gcc/mips64r5900el-ps2-elf/15.2.0/../../../../mips64r5900el-ps2-elf/lib/libc.a(libc_a-locale.o)
                0x00126e38                __global_locale
 .data          0x00126fa4        0x0 /usr/local/ps2dev/ee/bin/../lib/gcc/mips64r5900el-ps2-elf/15.2.0/../../../../mips64r5900el-ps2-elf/lib/libc.a(libc_a-mbtowc_r.o)
 .data          0x00126fa4        0x0 /usr/local/ps2dev/ee/bin/../lib/gcc/mips64r5900el-ps2-elf/15.2.0/../../../../mips64r5900el-ps2-elf/lib/libc.a(libc_a-abort.o)
 .data          0x00126fa4        0x0 /usr/local/ps2dev/ee/bin/../lib/gcc/mips64r5900el-ps2-elf/15.2.0/../../../../mips64r5900el-ps2-elf/lib/libc.a(libc_a-callocr.o)
 .data          0x00126fa4        0x0 /usr/local/ps2dev/ee/bin/../lib/gcc/mips64r5900el-ps2-elf/15.2.0/../../../../mips64r5900el-ps2-elf/lib/libc.a(libc_a-ssputs_r.o)
 .data          0x00126fa4        0x0 /usr/local/ps2dev/ee/bin/../lib/gcc/mips64r5900el-ps2-elf/15.2.0/../../../../mips64r5900el-ps2-elf/lib/libc.a(libc_a-fiprintf.o)
 .data          0x00126fa4        0x0 /usr/local/ps2dev/ee/bin/../lib/gcc/mips64r5900el-ps2-elf/15.2.0/../../../../mips64r5900el-ps2-elf/lib/libc.a(libc_a-wctomb_r.o)
 .data          0x00126fa4        0x0 /usr/local/ps2dev/ee/bin/../lib/gcc/mips64r5900el-ps2-elf/15.2.0/../../../../mips64r5900el-ps2-elf/lib/libc.a(libc_a-reallocr.o)
 .data          0x00126fa4        0x0 /usr/local/ps2dev/ee/bin/../lib/gcc/mips64r5900el-ps2-elf/15.2.0/../../../../mips64r5900el-ps2-elf/lib/libc.a(libc_a-sysfstat.o)
 .data          0x00126fa4        0x0 /usr/local/ps2dev/ee/bin/../lib/gcc/mips64r5900el-ps2-elf/15.2.0/../../../../mips64r5900el-ps2-elf/lib/libc.a(libc_a-fvwrite.o)
 .data          0x00126fa4        0x0 /usr/local/ps2dev/ee/bin/../lib/gcc/mips64r5900el-ps2-elf/15.2.0/../../../../mips64r5900el-ps2-elf/lib/libc.a(libc_a-signal.o)
 .data          0x00126fa4        0x0 /usr/local/ps2dev/ee/bin/../lib/gcc/mips64r5900el-ps2-elf/15.2.0/../../../../mips64r5900el-ps2-elf/lib/libc.a(libc_a-strcmp.o)
 .data          0x00126fa4        0x0 /usr/local/ps2dev/ee/bin/../lib/gcc/mips64r5900el-ps2-elf/15.2.0/../../../../mips64r5900el-ps2-elf/lib/libc.a(libc_a-memmove.o)
 .data          0x00126fa4        0x0 /usr/local/ps2dev/ee/bin/../lib/gcc/mips64r5900el-ps2-elf/15.2.0/../../../../mips64r5900el-ps2-elf/lib/libc.a(libc_a-vfiprintf.o)
 .data          0x00126fa4        0x0 /usr/local/ps2dev/ee/bin/../lib/gcc/mips64r5900el-ps2-elf/15.2.0/../../../../mips64r5900el-ps2-elf/lib/libc.a(libc_a-signalr.o)
 .data          0x00126fa4        0x0 /usr/local/ps2dev/ee/bin/../lib/gcc/mips64r5900el-ps2-elf/15.2.0/../../../../mips64r5900el-ps2-elf/lib/libc.a(libc_a-puts.o)
 .data          0x00126fa4        0x0 /usr/local/ps2dev/ps2sdk/ee/lib/libcglue.a(_libcglue_init.o)
 .data          0x00126fa4        0x0 /usr/local/ps2dev/ps2sdk/ee/lib/libcglue.a(_libcglue_deinit.o)
 .data          0x00126fa4        0x0 /usr/local/ps2dev/ps2sdk/ee/lib/libcglue.a(_libcglue_args_parse.o)
 .data          0x00126fa4        0x0 /usr/local/ps2dev/ps2sdk/ee/lib/libcglue.a(__init_cwd.o)
 .data          0x00126fa4        0x0 /usr/local/ps2dev/ps2sdk/ee/lib/libcglue.a(_open.o)
 .data          0x00126fa4        0x0 /usr/local/ps2dev/ps2sdk/ee/lib/libcglue.a(_close.o)
 .data          0x00126fa4        0x0 /usr/local/ps2dev/ps2sdk/ee/lib/libcglue.a(_read.o)
 .data          0x00126fa4        0x0 /usr/local/ps2dev/ps2sdk/ee/lib/libcglue.a(_write.o)
 .data          0x00126fa4        0x0 /usr/local/ps2dev/ps2sdk/ee/lib/libcglue.a(_fstat.o)